INFO: [VRFC 10-2263] Analyzing SystemVerilog file "/run/media/sackb/Windows-SSD/Users/sackb/OneDrive/Desktop/University/Course_Work/2025-2026/Spring_2026/ECE_410/ECE410/project/new_hdl/rtl/accel_top_b.sv" into library xil_defaultlib
INFO: [VRFC 10-311] analyzing module accel_top_b
INFO: [VRFC 10-2263] Analyzing SystemVerilog file "/run/media/sackb/Windows-SSD/Users/sackb/OneDrive/Desktop/University/Course_Work/2025-2026/Spring_2026/ECE_410/ECE410/project/new_hdl/tb/axi_monitor.sv" into library xil_defaultlib
INFO: [VRFC 10-311] analyzing module axi_monitor
INFO: [VRFC 10-2263] Analyzing SystemVerilog file "/run/media/sackb/Windows-SSD/Users/sackb/OneDrive/Desktop/University/Course_Work/2025-2026/Spring_2026/ECE_410/ECE410/project/new_hdl/rtl/axilite_slave.sv" into library xil_defaultlib
INFO: [VRFC 10-311] analyzing module axilite_slave
INFO: [VRFC 10-2263] Analyzing SystemVerilog file "/run/media/sackb/Windows-SSD/Users/sackb/OneDrive/Desktop/University/Course_Work/2025-2026/Spring_2026/ECE_410/ECE410/project/new_hdl/tb/checker.sv" into library xil_defaultlib
INFO: [VRFC 10-311] analyzing module compute_core_checker
INFO: [VRFC 10-311] analyzing module result_checker
INFO: [VRFC 10-2263] Analyzing SystemVerilog file "/run/media/sackb/Windows-SSD/Users/sackb/OneDrive/Desktop/University/Course_Work/2025-2026/Spring_2026/ECE_410/ECE410/project/new_hdl/rtl/clk_gen.sv" into library xil_defaultlib
INFO: [VRFC 10-311] analyzing module clk_gen
INFO: [VRFC 10-2263] Analyzing SystemVerilog file "/run/media/sackb/Windows-SSD/Users/sackb/OneDrive/Desktop/University/Course_Work/2025-2026/Spring_2026/ECE_410/ECE410/project/new_hdl/rtl/f64_add.sv" into library xil_defaultlib
INFO: [VRFC 10-311] analyzing module f64_add
INFO: [VRFC 10-2263] Analyzing SystemVerilog file "/run/media/sackb/Windows-SSD/Users/sackb/OneDrive/Desktop/University/Course_Work/2025-2026/Spring_2026/ECE_410/ECE410/project/new_hdl/rtl/f64_mul.sv" into library xil_defaultlib
INFO: [VRFC 10-311] analyzing module f64_mul
INFO: [VRFC 10-2263] Analyzing SystemVerilog file "/run/media/sackb/Windows-SSD/Users/sackb/OneDrive/Desktop/University/Course_Work/2025-2026/Spring_2026/ECE_410/ECE410/project/new_hdl/rtl/gemm_systolic.sv" into library xil_defaultlib
INFO: [VRFC 10-311] analyzing module gemm_systolic
INFO: [VRFC 10-2263] Analyzing SystemVerilog file "/run/media/sackb/Windows-SSD/Users/sackb/OneDrive/Desktop/University/Course_Work/2025-2026/Spring_2026/ECE_410/ECE410/project/new_hdl/rtl/kalman_update.sv" into library xil_defaultlib
INFO: [VRFC 10-311] analyzing module kalman_update
INFO: [VRFC 10-2263] Analyzing SystemVerilog file "/run/media/sackb/Windows-SSD/Users/sackb/OneDrive/Desktop/University/Course_Work/2025-2026/Spring_2026/ECE_410/ECE410/project/new_hdl/tb/program_block.sv" into library xil_defaultlib
INFO: [VRFC 10-311] analyzing module program_block
INFO: [VRFC 10-2263] Analyzing SystemVerilog file "/run/media/sackb/Windows-SSD/Users/sackb/OneDrive/Desktop/University/Course_Work/2025-2026/Spring_2026/ECE_410/ECE410/project/new_hdl/tb/veerwolf_bfm.sv" into library xil_defaultlib
INFO: [VRFC 10-311] analyzing module veerwolf_bfm
INFO: [VRFC 10-2263] Analyzing SystemVerilog file "/run/media/sackb/Windows-SSD/Users/sackb/OneDrive/Desktop/University/Course_Work/2025-2026/Spring_2026/ECE_410/ECE410/project/new_hdl/tb/tb_option_b.sv" into library xil_defaultlib
INFO: [VRFC 10-311] analyzing module tb_option_b
INFO: [VRFC 10-2263] Analyzing Verilog file "/run/media/sackb/Windows-SSD/Users/sackb/OneDrive/Desktop/University/Course_Work/2025-2026/Spring_2026/ECE_410/ECE410/project/new_hdl/vivado_option_b/vivado_option_b.sim/sim_1/behav/xsim/glbl.v" into library xil_defaultlib
INFO: [VRFC 10-311] analyzing module glbl
