Vivado Simulator v2024.1
Copyright 1986-2022 Xilinx, Inc. All Rights Reserved.
Copyright 2022-2024 Advanced Micro Devices, Inc. All Rights Reserved.
Running: /tools/Xilinx/Vivado/2024.1/bin/unwrapped/lnx64.o/xelab --incr --debug typical --relax --mt 8 -L xil_defaultlib -L uvm -L unisims_ver -L unimacro_ver -L secureip --snapshot tb_option_b_behav xil_defaultlib.tb_option_b xil_defaultlib.glbl -log elaborate.log 
Using 8 slave threads.
Starting static elaboration
Pass Through NonSizing Optimizer
Completed static elaboration
WARNING: [XSIM 43-4127] File "/run/media/sackb/Windows-SSD/Users/sackb/OneDrive/Desktop/University/Course_Work/2025-2026/Spring_2026/ECE_410/ECE410/project/new_hdl/tb/checker.sv" Line 76 : The "System Verilog Cover" is not supported yet for simulation. The statement will be ignored.
Starting simulation data flow analysis
WARNING: [XSIM 43-4099] "/run/media/sackb/Windows-SSD/Users/sackb/OneDrive/Desktop/University/Course_Work/2025-2026/Spring_2026/ECE_410/ECE410/project/new_hdl/rtl/clk_gen.sv" Line 4. Module clk_gen doesn't have a timescale but at least one module in design has a timescale.
WARNING: [XSIM 43-4099] "/run/media/sackb/Windows-SSD/Users/sackb/OneDrive/Desktop/University/Course_Work/2025-2026/Spring_2026/ECE_410/ECE410/project/new_hdl/tb/veerwolf_bfm.sv" Line 5. Module veerwolf_bfm doesn't have a timescale but at least one module in design has a timescale.
WARNING: [XSIM 43-4099] "/run/media/sackb/Windows-SSD/Users/sackb/OneDrive/Desktop/University/Course_Work/2025-2026/Spring_2026/ECE_410/ECE410/project/new_hdl/rtl/accel_top_b.sv" Line 11. Module accel_top_b doesn't have a timescale but at least one module in design has a timescale.
WARNING: [XSIM 43-4099] "/run/media/sackb/Windows-SSD/Users/sackb/OneDrive/Desktop/University/Course_Work/2025-2026/Spring_2026/ECE_410/ECE410/project/new_hdl/rtl/axilite_slave.sv" Line 10. Module axilite_slave doesn't have a timescale but at least one module in design has a timescale.
WARNING: [XSIM 43-4099] "/run/media/sackb/Windows-SSD/Users/sackb/OneDrive/Desktop/University/Course_Work/2025-2026/Spring_2026/ECE_410/ECE410/project/new_hdl/rtl/kalman_update.sv" Line 6. Module kalman_update doesn't have a timescale but at least one module in design has a timescale.
WARNING: [XSIM 43-4099] "/run/media/sackb/Windows-SSD/Users/sackb/OneDrive/Desktop/University/Course_Work/2025-2026/Spring_2026/ECE_410/ECE410/project/new_hdl/rtl/gemm_systolic.sv" Line 7. Module gemm_systolic_default doesn't have a timescale but at least one module in design has a timescale.
WARNING: [XSIM 43-4099] "/run/media/sackb/Windows-SSD/Users/sackb/OneDrive/Desktop/University/Course_Work/2025-2026/Spring_2026/ECE_410/ECE410/project/new_hdl/rtl/f64_mul.sv" Line 5. Module f64_mul doesn't have a timescale but at least one module in design has a timescale.
WARNING: [XSIM 43-4099] "/run/media/sackb/Windows-SSD/Users/sackb/OneDrive/Desktop/University/Course_Work/2025-2026/Spring_2026/ECE_410/ECE410/project/new_hdl/rtl/f64_add.sv" Line 7. Module f64_add doesn't have a timescale but at least one module in design has a timescale.
WARNING: [XSIM 43-4099] "/run/media/sackb/Windows-SSD/Users/sackb/OneDrive/Desktop/University/Course_Work/2025-2026/Spring_2026/ECE_410/ECE410/project/new_hdl/rtl/f64_mul.sv" Line 5. Module f64_mul doesn't have a timescale but at least one module in design has a timescale.
WARNING: [XSIM 43-4099] "/run/media/sackb/Windows-SSD/Users/sackb/OneDrive/Desktop/University/Course_Work/2025-2026/Spring_2026/ECE_410/ECE410/project/new_hdl/rtl/f64_add.sv" Line 7. Module f64_add doesn't have a timescale but at least one module in design has a timescale.
WARNING: [XSIM 43-4099] "/run/media/sackb/Windows-SSD/Users/sackb/OneDrive/Desktop/University/Course_Work/2025-2026/Spring_2026/ECE_410/ECE410/project/new_hdl/rtl/f64_mul.sv" Line 5. Module f64_mul doesn't have a timescale but at least one module in design has a timescale.
WARNING: [XSIM 43-4099] "/run/media/sackb/Windows-SSD/Users/sackb/OneDrive/Desktop/University/Course_Work/2025-2026/Spring_2026/ECE_410/ECE410/project/new_hdl/rtl/f64_add.sv" Line 7. Module f64_add doesn't have a timescale but at least one module in design has a timescale.
WARNING: [XSIM 43-4099] "/run/media/sackb/Windows-SSD/Users/sackb/OneDrive/Desktop/University/Course_Work/2025-2026/Spring_2026/ECE_410/ECE410/project/new_hdl/rtl/f64_mul.sv" Line 5. Module f64_mul doesn't have a timescale but at least one module in design has a timescale.
WARNING: [XSIM 43-4099] "/run/media/sackb/Windows-SSD/Users/sackb/OneDrive/Desktop/University/Course_Work/2025-2026/Spring_2026/ECE_410/ECE410/project/new_hdl/rtl/f64_add.sv" Line 7. Module f64_add doesn't have a timescale but at least one module in design has a timescale.
WARNING: [XSIM 43-4099] "/run/media/sackb/Windows-SSD/Users/sackb/OneDrive/Desktop/University/Course_Work/2025-2026/Spring_2026/ECE_410/ECE410/project/new_hdl/rtl/f64_mul.sv" Line 5. Module f64_mul doesn't have a timescale but at least one module in design has a timescale.
WARNING: [XSIM 43-4099] "/run/media/sackb/Windows-SSD/Users/sackb/OneDrive/Desktop/University/Course_Work/2025-2026/Spring_2026/ECE_410/ECE410/project/new_hdl/rtl/f64_add.sv" Line 7. Module f64_add doesn't have a timescale but at least one module in design has a timescale.
WARNING: [XSIM 43-4099] "/run/media/sackb/Windows-SSD/Users/sackb/OneDrive/Desktop/University/Course_Work/2025-2026/Spring_2026/ECE_410/ECE410/project/new_hdl/rtl/f64_mul.sv" Line 5. Module f64_mul doesn't have a timescale but at least one module in design has a timescale.
WARNING: [XSIM 43-4099] "/run/media/sackb/Windows-SSD/Users/sackb/OneDrive/Desktop/University/Course_Work/2025-2026/Spring_2026/ECE_410/ECE410/project/new_hdl/rtl/f64_add.sv" Line 7. Module f64_add doesn't have a timescale but at least one module in design has a timescale.
WARNING: [XSIM 43-4099] "/run/media/sackb/Windows-SSD/Users/sackb/OneDrive/Desktop/University/Course_Work/2025-2026/Spring_2026/ECE_410/ECE410/project/new_hdl/rtl/f64_mul.sv" Line 5. Module f64_mul doesn't have a timescale but at least one module in design has a timescale.
WARNING: [XSIM 43-4099] "/run/media/sackb/Windows-SSD/Users/sackb/OneDrive/Desktop/University/Course_Work/2025-2026/Spring_2026/ECE_410/ECE410/project/new_hdl/rtl/f64_add.sv" Line 7. Module f64_add doesn't have a timescale but at least one module in design has a timescale.
WARNING: [XSIM 43-4099] "/run/media/sackb/Windows-SSD/Users/sackb/OneDrive/Desktop/University/Course_Work/2025-2026/Spring_2026/ECE_410/ECE410/project/new_hdl/rtl/f64_mul.sv" Line 5. Module f64_mul doesn't have a timescale but at least one module in design has a timescale.
WARNING: [XSIM 43-4099] "/run/media/sackb/Windows-SSD/Users/sackb/OneDrive/Desktop/University/Course_Work/2025-2026/Spring_2026/ECE_410/ECE410/project/new_hdl/rtl/f64_add.sv" Line 7. Module f64_add doesn't have a timescale but at least one module in design has a timescale.
WARNING: [XSIM 43-4099] "/run/media/sackb/Windows-SSD/Users/sackb/OneDrive/Desktop/University/Course_Work/2025-2026/Spring_2026/ECE_410/ECE410/project/new_hdl/rtl/f64_mul.sv" Line 5. Module f64_mul doesn't have a timescale but at least one module in design has a timescale.
WARNING: [XSIM 43-4099] "/run/media/sackb/Windows-SSD/Users/sackb/OneDrive/Desktop/University/Course_Work/2025-2026/Spring_2026/ECE_410/ECE410/project/new_hdl/rtl/f64_add.sv" Line 7. Module f64_add doesn't have a timescale but at least one module in design has a timescale.
WARNING: [XSIM 43-4099] "/run/media/sackb/Windows-SSD/Users/sackb/OneDrive/Desktop/University/Course_Work/2025-2026/Spring_2026/ECE_410/ECE410/project/new_hdl/rtl/f64_mul.sv" Line 5. Module f64_mul doesn't have a timescale but at least one module in design has a timescale.
WARNING: [XSIM 43-4099] "/run/media/sackb/Windows-SSD/Users/sackb/OneDrive/Desktop/University/Course_Work/2025-2026/Spring_2026/ECE_410/ECE410/project/new_hdl/rtl/f64_add.sv" Line 7. Module f64_add doesn't have a timescale but at least one module in design has a timescale.
WARNING: [XSIM 43-4099] "/run/media/sackb/Windows-SSD/Users/sackb/OneDrive/Desktop/University/Course_Work/2025-2026/Spring_2026/ECE_410/ECE410/project/new_hdl/rtl/f64_mul.sv" Line 5. Module f64_mul doesn't have a timescale but at least one module in design has a timescale.
WARNING: [XSIM 43-4099] "/run/media/sackb/Windows-SSD/Users/sackb/OneDrive/Desktop/University/Course_Work/2025-2026/Spring_2026/ECE_410/ECE410/project/new_hdl/rtl/f64_mul.sv" Line 5. Module f64_mul doesn't have a timescale but at least one module in design has a timescale.
WARNING: [XSIM 43-4099] "/run/media/sackb/Windows-SSD/Users/sackb/OneDrive/Desktop/University/Course_Work/2025-2026/Spring_2026/ECE_410/ECE410/project/new_hdl/rtl/f64_mul.sv" Line 5. Module f64_mul doesn't have a timescale but at least one module in design has a timescale.
WARNING: [XSIM 43-4099] "/run/media/sackb/Windows-SSD/Users/sackb/OneDrive/Desktop/University/Course_Work/2025-2026/Spring_2026/ECE_410/ECE410/project/new_hdl/rtl/f64_mul.sv" Line 5. Module f64_mul doesn't have a timescale but at least one module in design has a timescale.
WARNING: [XSIM 43-4099] "/run/media/sackb/Windows-SSD/Users/sackb/OneDrive/Desktop/University/Course_Work/2025-2026/Spring_2026/ECE_410/ECE410/project/new_hdl/rtl/f64_mul.sv" Line 5. Module f64_mul doesn't have a timescale but at least one module in design has a timescale.
WARNING: [XSIM 43-4099] "/run/media/sackb/Windows-SSD/Users/sackb/OneDrive/Desktop/University/Course_Work/2025-2026/Spring_2026/ECE_410/ECE410/project/new_hdl/rtl/f64_mul.sv" Line 5. Module f64_mul doesn't have a timescale but at least one module in design has a timescale.
WARNING: [XSIM 43-4099] "/run/media/sackb/Windows-SSD/Users/sackb/OneDrive/Desktop/University/Course_Work/2025-2026/Spring_2026/ECE_410/ECE410/project/new_hdl/rtl/f64_mul.sv" Line 5. Module f64_mul doesn't have a timescale but at least one module in design has a timescale.
WARNING: [XSIM 43-4099] "/run/media/sackb/Windows-SSD/Users/sackb/OneDrive/Desktop/University/Course_Work/2025-2026/Spring_2026/ECE_410/ECE410/project/new_hdl/rtl/f64_add.sv" Line 7. Module f64_add doesn't have a timescale but at least one module in design has a timescale.
WARNING: [XSIM 43-4099] "/run/media/sackb/Windows-SSD/Users/sackb/OneDrive/Desktop/University/Course_Work/2025-2026/Spring_2026/ECE_410/ECE410/project/new_hdl/rtl/f64_add.sv" Line 7. Module f64_add doesn't have a timescale but at least one module in design has a timescale.
WARNING: [XSIM 43-4099] "/run/media/sackb/Windows-SSD/Users/sackb/OneDrive/Desktop/University/Course_Work/2025-2026/Spring_2026/ECE_410/ECE410/project/new_hdl/rtl/f64_add.sv" Line 7. Module f64_add doesn't have a timescale but at least one module in design has a timescale.
WARNING: [XSIM 43-4099] "/run/media/sackb/Windows-SSD/Users/sackb/OneDrive/Desktop/University/Course_Work/2025-2026/Spring_2026/ECE_410/ECE410/project/new_hdl/rtl/f64_add.sv" Line 7. Module f64_add doesn't have a timescale but at least one module in design has a timescale.
WARNING: [XSIM 43-4099] "/run/media/sackb/Windows-SSD/Users/sackb/OneDrive/Desktop/University/Course_Work/2025-2026/Spring_2026/ECE_410/ECE410/project/new_hdl/rtl/f64_add.sv" Line 7. Module f64_add doesn't have a timescale but at least one module in design has a timescale.
WARNING: [XSIM 43-4099] "/run/media/sackb/Windows-SSD/Users/sackb/OneDrive/Desktop/University/Course_Work/2025-2026/Spring_2026/ECE_410/ECE410/project/new_hdl/rtl/f64_add.sv" Line 7. Module f64_add doesn't have a timescale but at least one module in design has a timescale.
WARNING: [XSIM 43-4099] "/run/media/sackb/Windows-SSD/Users/sackb/OneDrive/Desktop/University/Course_Work/2025-2026/Spring_2026/ECE_410/ECE410/project/new_hdl/tb/axi_monitor.sv" Line 5. Module axi_monitor doesn't have a timescale but at least one module in design has a timescale.
WARNING: [XSIM 43-4099] "/run/media/sackb/Windows-SSD/Users/sackb/OneDrive/Desktop/University/Course_Work/2025-2026/Spring_2026/ECE_410/ECE410/project/new_hdl/tb/program_block.sv" Line 7. Module program_block_default doesn't have a timescale but at least one module in design has a timescale.
WARNING: [XSIM 43-4099] "/run/media/sackb/Windows-SSD/Users/sackb/OneDrive/Desktop/University/Course_Work/2025-2026/Spring_2026/ECE_410/ECE410/project/new_hdl/tb/checker.sv" Line 86. Module result_checker(ULP_TOLERANCE=4.0) doesn't have a timescale but at least one module in design has a timescale.
WARNING: [XSIM 43-4099] "/run/media/sackb/Windows-SSD/Users/sackb/OneDrive/Desktop/University/Course_Work/2025-2026/Spring_2026/ECE_410/ECE410/project/new_hdl/tb/checker.sv" Line 11. Module compute_core_checker doesn't have a timescale but at least one module in design has a timescale.
WARNING: [XSIM 43-4099] "/run/media/sackb/Windows-SSD/Users/sackb/OneDrive/Desktop/University/Course_Work/2025-2026/Spring_2026/ECE_410/ECE410/project/new_hdl/rtl/clk_gen.sv" Line 4. Module clk_gen doesn't have a timescale but at least one module in design has a timescale.
WARNING: [XSIM 43-4099] "/run/media/sackb/Windows-SSD/Users/sackb/OneDrive/Desktop/University/Course_Work/2025-2026/Spring_2026/ECE_410/ECE410/project/new_hdl/tb/veerwolf_bfm.sv" Line 5. Module veerwolf_bfm doesn't have a timescale but at least one module in design has a timescale.
WARNING: [XSIM 43-4099] "/run/media/sackb/Windows-SSD/Users/sackb/OneDrive/Desktop/University/Course_Work/2025-2026/Spring_2026/ECE_410/ECE410/project/new_hdl/rtl/accel_top_b.sv" Line 11. Module accel_top_b doesn't have a timescale but at least one module in design has a timescale.
WARNING: [XSIM 43-4099] "/run/media/sackb/Windows-SSD/Users/sackb/OneDrive/Desktop/University/Course_Work/2025-2026/Spring_2026/ECE_410/ECE410/project/new_hdl/rtl/axilite_slave.sv" Line 10. Module axilite_slave doesn't have a timescale but at least one module in design has a timescale.
WARNING: [XSIM 43-4099] "/run/media/sackb/Windows-SSD/Users/sackb/OneDrive/Desktop/University/Course_Work/2025-2026/Spring_2026/ECE_410/ECE410/project/new_hdl/rtl/kalman_update.sv" Line 6. Module kalman_update doesn't have a timescale but at least one module in design has a timescale.
WARNING: [XSIM 43-4099] "/run/media/sackb/Windows-SSD/Users/sackb/OneDrive/Desktop/University/Course_Work/2025-2026/Spring_2026/ECE_410/ECE410/project/new_hdl/rtl/gemm_systolic.sv" Line 7. Module gemm_systolic_default doesn't have a timescale but at least one module in design has a timescale.
WARNING: [XSIM 43-4099] "/run/media/sackb/Windows-SSD/Users/sackb/OneDrive/Desktop/University/Course_Work/2025-2026/Spring_2026/ECE_410/ECE410/project/new_hdl/rtl/f64_mul.sv" Line 5. Module f64_mul doesn't have a timescale but at least one module in design has a timescale.
WARNING: [XSIM 43-4099] "/run/media/sackb/Windows-SSD/Users/sackb/OneDrive/Desktop/University/Course_Work/2025-2026/Spring_2026/ECE_410/ECE410/project/new_hdl/rtl/f64_add.sv" Line 7. Module f64_add doesn't have a timescale but at least one module in design has a timescale.
WARNING: [XSIM 43-4099] "/run/media/sackb/Windows-SSD/Users/sackb/OneDrive/Desktop/University/Course_Work/2025-2026/Spring_2026/ECE_410/ECE410/project/new_hdl/rtl/f64_mul.sv" Line 5. Module f64_mul doesn't have a timescale but at least one module in design has a timescale.
WARNING: [XSIM 43-4099] "/run/media/sackb/Windows-SSD/Users/sackb/OneDrive/Desktop/University/Course_Work/2025-2026/Spring_2026/ECE_410/ECE410/project/new_hdl/rtl/f64_add.sv" Line 7. Module f64_add doesn't have a timescale but at least one module in design has a timescale.
WARNING: [XSIM 43-4099] "/run/media/sackb/Windows-SSD/Users/sackb/OneDrive/Desktop/University/Course_Work/2025-2026/Spring_2026/ECE_410/ECE410/project/new_hdl/rtl/f64_mul.sv" Line 5. Module f64_mul doesn't have a timescale but at least one module in design has a timescale.
WARNING: [XSIM 43-4099] "/run/media/sackb/Windows-SSD/Users/sackb/OneDrive/Desktop/University/Course_Work/2025-2026/Spring_2026/ECE_410/ECE410/project/new_hdl/rtl/f64_add.sv" Line 7. Module f64_add doesn't have a timescale but at least one module in design has a timescale.
WARNING: [XSIM 43-4099] "/run/media/sackb/Windows-SSD/Users/sackb/OneDrive/Desktop/University/Course_Work/2025-2026/Spring_2026/ECE_410/ECE410/project/new_hdl/rtl/f64_mul.sv" Line 5. Module f64_mul doesn't have a timescale but at least one module in design has a timescale.
WARNING: [XSIM 43-4099] "/run/media/sackb/Windows-SSD/Users/sackb/OneDrive/Desktop/University/Course_Work/2025-2026/Spring_2026/ECE_410/ECE410/project/new_hdl/rtl/f64_add.sv" Line 7. Module f64_add doesn't have a timescale but at least one module in design has a timescale.
WARNING: [XSIM 43-4099] "/run/media/sackb/Windows-SSD/Users/sackb/OneDrive/Desktop/University/Course_Work/2025-2026/Spring_2026/ECE_410/ECE410/project/new_hdl/rtl/f64_mul.sv" Line 5. Module f64_mul doesn't have a timescale but at least one module in design has a timescale.
WARNING: [XSIM 43-4099] "/run/media/sackb/Windows-SSD/Users/sackb/OneDrive/Desktop/University/Course_Work/2025-2026/Spring_2026/ECE_410/ECE410/project/new_hdl/rtl/f64_add.sv" Line 7. Module f64_add doesn't have a timescale but at least one module in design has a timescale.
WARNING: [XSIM 43-4099] "/run/media/sackb/Windows-SSD/Users/sackb/OneDrive/Desktop/University/Course_Work/2025-2026/Spring_2026/ECE_410/ECE410/project/new_hdl/rtl/f64_mul.sv" Line 5. Module f64_mul doesn't have a timescale but at least one module in design has a timescale.
WARNING: [XSIM 43-4099] "/run/media/sackb/Windows-SSD/Users/sackb/OneDrive/Desktop/University/Course_Work/2025-2026/Spring_2026/ECE_410/ECE410/project/new_hdl/rtl/f64_add.sv" Line 7. Module f64_add doesn't have a timescale but at least one module in design has a timescale.
WARNING: [XSIM 43-4099] "/run/media/sackb/Windows-SSD/Users/sackb/OneDrive/Desktop/University/Course_Work/2025-2026/Spring_2026/ECE_410/ECE410/project/new_hdl/rtl/f64_mul.sv" Line 5. Module f64_mul doesn't have a timescale but at least one module in design has a timescale.
WARNING: [XSIM 43-4099] "/run/media/sackb/Windows-SSD/Users/sackb/OneDrive/Desktop/University/Course_Work/2025-2026/Spring_2026/ECE_410/ECE410/project/new_hdl/rtl/f64_add.sv" Line 7. Module f64_add doesn't have a timescale but at least one module in design has a timescale.
WARNING: [XSIM 43-4099] "/run/media/sackb/Windows-SSD/Users/sackb/OneDrive/Desktop/University/Course_Work/2025-2026/Spring_2026/ECE_410/ECE410/project/new_hdl/rtl/f64_mul.sv" Line 5. Module f64_mul doesn't have a timescale but at least one module in design has a timescale.
WARNING: [XSIM 43-4099] "/run/media/sackb/Windows-SSD/Users/sackb/OneDrive/Desktop/University/Course_Work/2025-2026/Spring_2026/ECE_410/ECE410/project/new_hdl/rtl/f64_add.sv" Line 7. Module f64_add doesn't have a timescale but at least one module in design has a timescale.
WARNING: [XSIM 43-4099] "/run/media/sackb/Windows-SSD/Users/sackb/OneDrive/Desktop/University/Course_Work/2025-2026/Spring_2026/ECE_410/ECE410/project/new_hdl/rtl/f64_mul.sv" Line 5. Module f64_mul doesn't have a timescale but at least one module in design has a timescale.
WARNING: [XSIM 43-4099] "/run/media/sackb/Windows-SSD/Users/sackb/OneDrive/Desktop/University/Course_Work/2025-2026/Spring_2026/ECE_410/ECE410/project/new_hdl/rtl/f64_add.sv" Line 7. Module f64_add doesn't have a timescale but at least one module in design has a timescale.
WARNING: [XSIM 43-4099] "/run/media/sackb/Windows-SSD/Users/sackb/OneDrive/Desktop/University/Course_Work/2025-2026/Spring_2026/ECE_410/ECE410/project/new_hdl/rtl/f64_mul.sv" Line 5. Module f64_mul doesn't have a timescale but at least one module in design has a timescale.
WARNING: [XSIM 43-4099] "/run/media/sackb/Windows-SSD/Users/sackb/OneDrive/Desktop/University/Course_Work/2025-2026/Spring_2026/ECE_410/ECE410/project/new_hdl/rtl/f64_add.sv" Line 7. Module f64_add doesn't have a timescale but at least one module in design has a timescale.
WARNING: [XSIM 43-4099] "/run/media/sackb/Windows-SSD/Users/sackb/OneDrive/Desktop/University/Course_Work/2025-2026/Spring_2026/ECE_410/ECE410/project/new_hdl/rtl/f64_mul.sv" Line 5. Module f64_mul doesn't have a timescale but at least one module in design has a timescale.
WARNING: [XSIM 43-4099] "/run/media/sackb/Windows-SSD/Users/sackb/OneDrive/Desktop/University/Course_Work/2025-2026/Spring_2026/ECE_410/ECE410/project/new_hdl/rtl/f64_mul.sv" Line 5. Module f64_mul doesn't have a timescale but at least one module in design has a timescale.
WARNING: [XSIM 43-4099] "/run/media/sackb/Windows-SSD/Users/sackb/OneDrive/Desktop/University/Course_Work/2025-2026/Spring_2026/ECE_410/ECE410/project/new_hdl/rtl/f64_mul.sv" Line 5. Module f64_mul doesn't have a timescale but at least one module in design has a timescale.
WARNING: [XSIM 43-4099] "/run/media/sackb/Windows-SSD/Users/sackb/OneDrive/Desktop/University/Course_Work/2025-2026/Spring_2026/ECE_410/ECE410/project/new_hdl/rtl/f64_mul.sv" Line 5. Module f64_mul doesn't have a timescale but at least one module in design has a timescale.
WARNING: [XSIM 43-4099] "/run/media/sackb/Windows-SSD/Users/sackb/OneDrive/Desktop/University/Course_Work/2025-2026/Spring_2026/ECE_410/ECE410/project/new_hdl/rtl/f64_mul.sv" Line 5. Module f64_mul doesn't have a timescale but at least one module in design has a timescale.
WARNING: [XSIM 43-4099] "/run/media/sackb/Windows-SSD/Users/sackb/OneDrive/Desktop/University/Course_Work/2025-2026/Spring_2026/ECE_410/ECE410/project/new_hdl/rtl/f64_mul.sv" Line 5. Module f64_mul doesn't have a timescale but at least one module in design has a timescale.
WARNING: [XSIM 43-4099] "/run/media/sackb/Windows-SSD/Users/sackb/OneDrive/Desktop/University/Course_Work/2025-2026/Spring_2026/ECE_410/ECE410/project/new_hdl/rtl/f64_mul.sv" Line 5. Module f64_mul doesn't have a timescale but at least one module in design has a timescale.
WARNING: [XSIM 43-4099] "/run/media/sackb/Windows-SSD/Users/sackb/OneDrive/Desktop/University/Course_Work/2025-2026/Spring_2026/ECE_410/ECE410/project/new_hdl/rtl/f64_add.sv" Line 7. Module f64_add doesn't have a timescale but at least one module in design has a timescale.
WARNING: [XSIM 43-4099] "/run/media/sackb/Windows-SSD/Users/sackb/OneDrive/Desktop/University/Course_Work/2025-2026/Spring_2026/ECE_410/ECE410/project/new_hdl/rtl/f64_add.sv" Line 7. Module f64_add doesn't have a timescale but at least one module in design has a timescale.
WARNING: [XSIM 43-4099] "/run/media/sackb/Windows-SSD/Users/sackb/OneDrive/Desktop/University/Course_Work/2025-2026/Spring_2026/ECE_410/ECE410/project/new_hdl/rtl/f64_add.sv" Line 7. Module f64_add doesn't have a timescale but at least one module in design has a timescale.
WARNING: [XSIM 43-4099] "/run/media/sackb/Windows-SSD/Users/sackb/OneDrive/Desktop/University/Course_Work/2025-2026/Spring_2026/ECE_410/ECE410/project/new_hdl/rtl/f64_add.sv" Line 7. Module f64_add doesn't have a timescale but at least one module in design has a timescale.
WARNING: [XSIM 43-4099] "/run/media/sackb/Windows-SSD/Users/sackb/OneDrive/Desktop/University/Course_Work/2025-2026/Spring_2026/ECE_410/ECE410/project/new_hdl/rtl/f64_add.sv" Line 7. Module f64_add doesn't have a timescale but at least one module in design has a timescale.
WARNING: [XSIM 43-4099] "/run/media/sackb/Windows-SSD/Users/sackb/OneDrive/Desktop/University/Course_Work/2025-2026/Spring_2026/ECE_410/ECE410/project/new_hdl/rtl/f64_add.sv" Line 7. Module f64_add doesn't have a timescale but at least one module in design has a timescale.
WARNING: [XSIM 43-4099] "/run/media/sackb/Windows-SSD/Users/sackb/OneDrive/Desktop/University/Course_Work/2025-2026/Spring_2026/ECE_410/ECE410/project/new_hdl/tb/axi_monitor.sv" Line 5. Module axi_monitor doesn't have a timescale but at least one module in design has a timescale.
WARNING: [XSIM 43-4099] "/run/media/sackb/Windows-SSD/Users/sackb/OneDrive/Desktop/University/Course_Work/2025-2026/Spring_2026/ECE_410/ECE410/project/new_hdl/tb/program_block.sv" Line 7. Module program_block_default doesn't have a timescale but at least one module in design has a timescale.
WARNING: [XSIM 43-4099] "/run/media/sackb/Windows-SSD/Users/sackb/OneDrive/Desktop/University/Course_Work/2025-2026/Spring_2026/ECE_410/ECE410/project/new_hdl/tb/checker.sv" Line 86. Module result_checker(ULP_TOLERANCE=4.0) doesn't have a timescale but at least one module in design has a timescale.
WARNING: [XSIM 43-4099] "/run/media/sackb/Windows-SSD/Users/sackb/OneDrive/Desktop/University/Course_Work/2025-2026/Spring_2026/ECE_410/ECE410/project/new_hdl/tb/checker.sv" Line 11. Module compute_core_checker doesn't have a timescale but at least one module in design has a timescale.
Completed simulation data flow analysis
Time Resolution for simulation is 1ps
Compiling module xil_defaultlib.clk_gen
Compiling module xil_defaultlib.veerwolf_bfm
Compiling module xil_defaultlib.axilite_slave
Compiling module xil_defaultlib.f64_mul
Compiling module xil_defaultlib.f64_add
Compiling module xil_defaultlib.gemm_systolic_default
Compiling module xil_defaultlib.kalman_update
Compiling module xil_defaultlib.accel_top_b
Compiling module xil_defaultlib.axi_monitor
Compiling module xil_defaultlib.program_block_default
Compiling module xil_defaultlib.compute_core_checker
Compiling module xil_defaultlib.result_checker(ULP_TOLERANCE=4.0...
Compiling module xil_defaultlib.tb_option_b
Compiling module xil_defaultlib.glbl
Built simulation snapshot tb_option_b_behav
