#-----------------------------------------------------------
# Vivado v2024.1 (64-bit)
# SW Build 5076996 on Wed May 22 18:36:09 MDT 2024
# IP Build 5075265 on Wed May 22 21:45:21 MDT 2024
# SharedData Build 5076995 on Wed May 22 18:29:18 MDT 2024
# Start of session at: Mon May 18 11:27:21 2026
# Process ID: 173245
# Current directory: /run/media/sackb/Windows-SSD/Users/sackb/OneDrive/Desktop/University/Course_Work/2025-2026/Spring_2026/ECE_410/ECE410
# Command line: vivado -mode batch -source /run/media/sackb/Windows-SSD/Users/sackb/OneDrive/Desktop/University/Course_Work/2025-2026/Spring_2026/ECE_410/ECE410/codefest/cf07/vivado/run_ooc.tcl
# Log file: /run/media/sackb/Windows-SSD/Users/sackb/OneDrive/Desktop/University/Course_Work/2025-2026/Spring_2026/ECE_410/ECE410/vivado.log
# Journal file: /run/media/sackb/Windows-SSD/Users/sackb/OneDrive/Desktop/University/Course_Work/2025-2026/Spring_2026/ECE_410/ECE410/vivado.jou
# Running On        :archlinux
# Platform          :unknown
# Operating System  :unknown
# Processor Detail  :11th Gen Intel(R) Core(TM) i7-11800H @ 2.30GHz
# CPU Frequency     :1650.382 MHz
# CPU Physical cores:8
# CPU Logical cores :16
# Host memory       :16535 MB
# Swap memory       :8266 MB
# Total Virtual     :24802 MB
# Available Virtual :17960 MB
#-----------------------------------------------------------
source /run/media/sackb/Windows-SSD/Users/sackb/OneDrive/Desktop/University/Course_Work/2025-2026/Spring_2026/ECE_410/ECE410/codefest/cf07/vivado/run_ooc.tcl
# set proj /run/media/sackb/Windows-SSD/Users/sackb/OneDrive/Desktop/University/Course_Work/2025-2026/Spring_2026/ECE_410/ECE410/codefest/cf07/vivado/cf07.xpr
# set rpt_dir /run/media/sackb/Windows-SSD/Users/sackb/OneDrive/Desktop/University/Course_Work/2025-2026/Spring_2026/ECE_410/ECE410/codefest/cf07/synth
# open_project $proj
INFO: [Project 1-313] Project file moved from '/home/sackb/Documents/Vivado_Projects/ece410sp26/cf07' since last save.
INFO: [filemgmt 56-3] Default IP Output Path : Could not find the directory '/run/media/sackb/Windows-SSD/Users/sackb/OneDrive/Desktop/University/Course_Work/2025-2026/Spring_2026/ECE_410/ECE410/codefest/cf07/vivado/cf07.gen/sources_1'.
Scanning sources...
Finished scanning sources
# set_property -name {STEPS.SYNTH_DESIGN.ARGS.MORE OPTIONS} \
#     -value {-mode out_of_context} \
#     -objects [get_runs synth_1]
# reset_run synth_1
INFO: [Project 1-1161] Replacing file /run/media/sackb/Windows-SSD/Users/sackb/OneDrive/Desktop/University/Course_Work/2025-2026/Spring_2026/ECE_410/ECE410/codefest/cf07/vivado/cf07.srcs/utils_1/imports/synth_1/crossbar_mac.dcp with file /run/media/sackb/Windows-SSD/Users/sackb/OneDrive/Desktop/University/Course_Work/2025-2026/Spring_2026/ECE_410/ECE410/codefest/cf07/vivado/cf07.runs/synth_1/crossbar_mac.dcp
# launch_runs synth_1 -jobs 4
[Mon May 18 11:27:30 2026] Launched synth_1...
Run output will be captured here: /run/media/sackb/Windows-SSD/Users/sackb/OneDrive/Desktop/University/Course_Work/2025-2026/Spring_2026/ECE_410/ECE410/codefest/cf07/vivado/cf07.runs/synth_1/runme.log
# wait_on_run synth_1
[Mon May 18 11:27:30 2026] Waiting for synth_1 to finish...

*** Running vivado
    with args -log crossbar_mac.vds -m64 -product Vivado -mode batch -messageDb vivado.pb -notrace -source crossbar_mac.tcl


****** Vivado v2024.1 (64-bit)
  **** SW Build 5076996 on Wed May 22 18:36:09 MDT 2024
  **** IP Build 5075265 on Wed May 22 21:45:21 MDT 2024
  **** SharedData Build 5076995 on Wed May 22 18:29:18 MDT 2024
  **** Start of session at: Mon May 18 11:27:32 2026
    ** Copyright 1986-2022 Xilinx, Inc. All Rights Reserved.
    ** Copyright 2022-2024 Advanced Micro Devices, Inc. All Rights Reserved.

source crossbar_mac.tcl -notrace
Command: read_checkpoint -auto_incremental -incremental /run/media/sackb/Windows-SSD/Users/sackb/OneDrive/Desktop/University/Course_Work/2025-2026/Spring_2026/ECE_410/ECE410/codefest/cf07/vivado/cf07.srcs/utils_1/imports/synth_1/crossbar_mac.dcp
INFO: [Vivado 12-5825] Read reference checkpoint from /run/media/sackb/Windows-SSD/Users/sackb/OneDrive/Desktop/University/Course_Work/2025-2026/Spring_2026/ECE_410/ECE410/codefest/cf07/vivado/cf07.srcs/utils_1/imports/synth_1/crossbar_mac.dcp for incremental synthesis
INFO: [Vivado 12-7989] Please ensure there are no constraint changes
Command: synth_design -top crossbar_mac -part xc7a100tcsg324-1 -mode out_of_context
Starting synth_design
Attempting to get a license for feature 'Synthesis' and/or device 'xc7a100t'
INFO: [Common 17-349] Got license for feature 'Synthesis' and/or device 'xc7a100t'
INFO: [Device 21-403] Loading part xc7a100tcsg324-1
INFO: [Device 21-9227] Part: xc7a100tcsg324-1 does not have CEAM library.
INFO: [Designutils 20-5440] No compile time benefit to using incremental synthesis; A full resynthesis will be run
INFO: [Designutils 20-4379] Flow is switching to default flow due to incremental criteria not met. If you would like to alter this behaviour and have the flow terminate instead, please set the following parameter config_implementation {autoIncr.Synth.RejectBehavior Terminate}
INFO: [Synth 8-7079] Multithreading enabled for synth_design using a maximum of 4 processes.
INFO: [Synth 8-7078] Launching helper process for spawning children vivado processes
INFO: [Synth 8-7075] Helper process launched with PID 173350
---------------------------------------------------------------------------------
Starting RTL Elaboration : Time (s): cpu = 00:00:03 ; elapsed = 00:00:03 . Memory (MB): peak = 2150.426 ; gain = 421.715 ; free physical = 3100 ; free virtual = 15217
---------------------------------------------------------------------------------
INFO: [Synth 8-6157] synthesizing module 'crossbar_mac' [/run/media/sackb/Windows-SSD/Users/sackb/OneDrive/Desktop/University/Course_Work/2025-2026/Spring_2026/ECE_410/ECE410/codefest/cf07/vivado/cf07.srcs/sources_1/imports/hdl/synth_top.sv:74]
INFO: [Synth 8-6157] synthesizing module 'crossbar_buffer' [/run/media/sackb/Windows-SSD/Users/sackb/OneDrive/Desktop/University/Course_Work/2025-2026/Spring_2026/ECE_410/ECE410/codefest/cf07/vivado/cf07.srcs/sources_1/imports/hdl/synth_top.sv:18]
INFO: [Synth 8-6155] done synthesizing module 'crossbar_buffer' (0#1) [/run/media/sackb/Windows-SSD/Users/sackb/OneDrive/Desktop/University/Course_Work/2025-2026/Spring_2026/ECE_410/ECE410/codefest/cf07/vivado/cf07.srcs/sources_1/imports/hdl/synth_top.sv:18]
INFO: [Synth 8-6155] done synthesizing module 'crossbar_mac' (0#1) [/run/media/sackb/Windows-SSD/Users/sackb/OneDrive/Desktop/University/Course_Work/2025-2026/Spring_2026/ECE_410/ECE410/codefest/cf07/vivado/cf07.srcs/sources_1/imports/hdl/synth_top.sv:74]
---------------------------------------------------------------------------------
Finished RTL Elaboration : Time (s): cpu = 00:00:04 ; elapsed = 00:00:04 . Memory (MB): peak = 2228.395 ; gain = 499.684 ; free physical = 3027 ; free virtual = 15147
---------------------------------------------------------------------------------
---------------------------------------------------------------------------------
Start Handling Custom Attributes
---------------------------------------------------------------------------------
---------------------------------------------------------------------------------
Finished Handling Custom Attributes : Time (s): cpu = 00:00:04 ; elapsed = 00:00:04 . Memory (MB): peak = 2243.238 ; gain = 514.527 ; free physical = 3025 ; free virtual = 15145
---------------------------------------------------------------------------------
---------------------------------------------------------------------------------
Finished RTL Optimization Phase 1 : Time (s): cpu = 00:00:04 ; elapsed = 00:00:04 . Memory (MB): peak = 2243.238 ; gain = 514.527 ; free physical = 3025 ; free virtual = 15145
---------------------------------------------------------------------------------
Netlist sorting complete. Time (s): cpu = 00:00:00 ; elapsed = 00:00:00 . Memory (MB): peak = 2243.238 ; gain = 0.000 ; free physical = 3025 ; free virtual = 15145
INFO: [Project 1-570] Preparing netlist for logic optimization

Processing XDC Constraints
Initializing timing engine
Parsing XDC File [/run/media/sackb/Windows-SSD/Users/sackb/OneDrive/Desktop/University/Course_Work/2025-2026/Spring_2026/ECE_410/ECE410/codefest/cf07/vivado/cf07.srcs/constrs_1/imports/src/crossbar_mac.xdc]
Finished Parsing XDC File [/run/media/sackb/Windows-SSD/Users/sackb/OneDrive/Desktop/University/Course_Work/2025-2026/Spring_2026/ECE_410/ECE410/codefest/cf07/vivado/cf07.srcs/constrs_1/imports/src/crossbar_mac.xdc]
Completed Processing XDC Constraints

Netlist sorting complete. Time (s): cpu = 00:00:00 ; elapsed = 00:00:00 . Memory (MB): peak = 2395.988 ; gain = 0.000 ; free physical = 2997 ; free virtual = 15132
INFO: [Project 1-111] Unisim Transformation Summary:
No Unisim elements were transformed.

Constraint Validation Runtime : Time (s): cpu = 00:00:00.01 ; elapsed = 00:00:00.01 . Memory (MB): peak = 2395.988 ; gain = 0.000 ; free physical = 2997 ; free virtual = 15132
INFO: [Designutils 20-5440] No compile time benefit to using incremental synthesis; A full resynthesis will be run
INFO: [Designutils 20-4379] Flow is switching to default flow due to incremental criteria not met. If you would like to alter this behaviour and have the flow terminate instead, please set the following parameter config_implementation {autoIncr.Synth.RejectBehavior Terminate}
---------------------------------------------------------------------------------
Finished Constraint Validation : Time (s): cpu = 00:00:08 ; elapsed = 00:00:09 . Memory (MB): peak = 2395.988 ; gain = 667.277 ; free physical = 2985 ; free virtual = 15130
---------------------------------------------------------------------------------
---------------------------------------------------------------------------------
Start Loading Part and Timing Information
---------------------------------------------------------------------------------
Loading part: xc7a100tcsg324-1
---------------------------------------------------------------------------------
Finished Loading Part and Timing Information : Time (s): cpu = 00:00:08 ; elapsed = 00:00:09 . Memory (MB): peak = 2403.992 ; gain = 675.281 ; free physical = 2985 ; free virtual = 15130
---------------------------------------------------------------------------------
---------------------------------------------------------------------------------
Start Applying 'set_property' XDC Constraints
---------------------------------------------------------------------------------
---------------------------------------------------------------------------------
Finished applying 'set_property' XDC Constraints : Time (s): cpu = 00:00:08 ; elapsed = 00:00:09 . Memory (MB): peak = 2403.992 ; gain = 675.281 ; free physical = 2985 ; free virtual = 15130
---------------------------------------------------------------------------------
---------------------------------------------------------------------------------
Finished RTL Optimization Phase 2 : Time (s): cpu = 00:00:09 ; elapsed = 00:00:09 . Memory (MB): peak = 2403.992 ; gain = 675.281 ; free physical = 3000 ; free virtual = 15136
---------------------------------------------------------------------------------
---------------------------------------------------------------------------------
Start RTL Component Statistics 
---------------------------------------------------------------------------------
Detailed RTL Component Info : 
+---Adders : 
	   2 Input    8 Bit       Adders := 16    
	   4 Input    8 Bit       Adders := 4     
+---Registers : 
	                8 Bit    Registers := 4     
	                1 Bit    Registers := 16    
+---Muxes : 
	   2 Input    8 Bit        Muxes := 16    
	   2 Input    1 Bit        Muxes := 20    
---------------------------------------------------------------------------------
Finished RTL Component Statistics 
---------------------------------------------------------------------------------
---------------------------------------------------------------------------------
Start Part Resource Summary
---------------------------------------------------------------------------------
Part Resources:
DSPs: 240 (col length:80)
BRAMs: 270 (col length: RAMB18 80 RAMB36 40)
---------------------------------------------------------------------------------
Finished Part Resource Summary
---------------------------------------------------------------------------------
---------------------------------------------------------------------------------
Start Cross Boundary and Area Optimization
---------------------------------------------------------------------------------
WARNING: [Synth 8-7080] Parallel synthesis criteria is not met
---------------------------------------------------------------------------------
Finished Cross Boundary and Area Optimization : Time (s): cpu = 00:00:10 ; elapsed = 00:00:11 . Memory (MB): peak = 2403.992 ; gain = 675.281 ; free physical = 2966 ; free virtual = 15114
---------------------------------------------------------------------------------
---------------------------------------------------------------------------------
Start Applying XDC Timing Constraints
---------------------------------------------------------------------------------
---------------------------------------------------------------------------------
Finished Applying XDC Timing Constraints : Time (s): cpu = 00:00:14 ; elapsed = 00:00:15 . Memory (MB): peak = 2403.992 ; gain = 675.281 ; free physical = 2959 ; free virtual = 15105
---------------------------------------------------------------------------------
---------------------------------------------------------------------------------
Start Timing Optimization
---------------------------------------------------------------------------------
---------------------------------------------------------------------------------
Finished Timing Optimization : Time (s): cpu = 00:00:15 ; elapsed = 00:00:16 . Memory (MB): peak = 2403.992 ; gain = 675.281 ; free physical = 2957 ; free virtual = 15104
---------------------------------------------------------------------------------
---------------------------------------------------------------------------------
Start Technology Mapping
---------------------------------------------------------------------------------
---------------------------------------------------------------------------------
Finished Technology Mapping : Time (s): cpu = 00:00:15 ; elapsed = 00:00:16 . Memory (MB): peak = 2403.992 ; gain = 675.281 ; free physical = 2952 ; free virtual = 15106
---------------------------------------------------------------------------------
---------------------------------------------------------------------------------
Start IO Insertion
---------------------------------------------------------------------------------
---------------------------------------------------------------------------------
Start Flattening Before IO Insertion
---------------------------------------------------------------------------------
---------------------------------------------------------------------------------
Finished Flattening Before IO Insertion
---------------------------------------------------------------------------------
---------------------------------------------------------------------------------
Start Final Netlist Cleanup
---------------------------------------------------------------------------------
---------------------------------------------------------------------------------
Finished Final Netlist Cleanup
---------------------------------------------------------------------------------
---------------------------------------------------------------------------------
Finished IO Insertion : Time (s): cpu = 00:00:18 ; elapsed = 00:00:18 . Memory (MB): peak = 2403.992 ; gain = 675.281 ; free physical = 2968 ; free virtual = 15111
---------------------------------------------------------------------------------
---------------------------------------------------------------------------------
Start Renaming Generated Instances
---------------------------------------------------------------------------------
---------------------------------------------------------------------------------
Finished Renaming Generated Instances : Time (s): cpu = 00:00:18 ; elapsed = 00:00:18 . Memory (MB): peak = 2403.992 ; gain = 675.281 ; free physical = 2968 ; free virtual = 15111
---------------------------------------------------------------------------------
---------------------------------------------------------------------------------
Start Rebuilding User Hierarchy
---------------------------------------------------------------------------------
---------------------------------------------------------------------------------
Finished Rebuilding User Hierarchy : Time (s): cpu = 00:00:18 ; elapsed = 00:00:18 . Memory (MB): peak = 2403.992 ; gain = 675.281 ; free physical = 2968 ; free virtual = 15111
---------------------------------------------------------------------------------
---------------------------------------------------------------------------------
Start Renaming Generated Ports
---------------------------------------------------------------------------------
---------------------------------------------------------------------------------
Finished Renaming Generated Ports : Time (s): cpu = 00:00:18 ; elapsed = 00:00:18 . Memory (MB): peak = 2403.992 ; gain = 675.281 ; free physical = 2968 ; free virtual = 15111
---------------------------------------------------------------------------------
---------------------------------------------------------------------------------
Start Handling Custom Attributes
---------------------------------------------------------------------------------
---------------------------------------------------------------------------------
Finished Handling Custom Attributes : Time (s): cpu = 00:00:18 ; elapsed = 00:00:18 . Memory (MB): peak = 2403.992 ; gain = 675.281 ; free physical = 2968 ; free virtual = 15111
---------------------------------------------------------------------------------
---------------------------------------------------------------------------------
Start Renaming Generated Nets
---------------------------------------------------------------------------------
---------------------------------------------------------------------------------
Finished Renaming Generated Nets : Time (s): cpu = 00:00:18 ; elapsed = 00:00:18 . Memory (MB): peak = 2403.992 ; gain = 675.281 ; free physical = 2968 ; free virtual = 15111
---------------------------------------------------------------------------------
---------------------------------------------------------------------------------
Start Writing Synthesis Report
---------------------------------------------------------------------------------

Report BlackBoxes: 
+-+--------------+----------+
| |BlackBox name |Instances |
+-+--------------+----------+
+-+--------------+----------+

Report Cell Usage: 
+------+-------+------+
|      |Cell   |Count |
+------+-------+------+
|1     |CARRY4 |     8|
|2     |LUT2   |     4|
|3     |LUT3   |    33|
|4     |LUT4   |    23|
|5     |LUT5   |    66|
|6     |LUT6   |    76|
|7     |FDRE   |    46|
+------+-------+------+
---------------------------------------------------------------------------------
Finished Writing Synthesis Report : Time (s): cpu = 00:00:18 ; elapsed = 00:00:18 . Memory (MB): peak = 2403.992 ; gain = 675.281 ; free physical = 2968 ; free virtual = 15111
---------------------------------------------------------------------------------
Synthesis finished with 0 errors, 0 critical warnings and 1 warnings.
Synthesis Optimization Runtime : Time (s): cpu = 00:00:17 ; elapsed = 00:00:17 . Memory (MB): peak = 2403.992 ; gain = 522.531 ; free physical = 2967 ; free virtual = 15111
Synthesis Optimization Complete : Time (s): cpu = 00:00:18 ; elapsed = 00:00:19 . Memory (MB): peak = 2404.000 ; gain = 675.281 ; free physical = 2967 ; free virtual = 15111
INFO: [Project 1-571] Translating synthesized netlist
Netlist sorting complete. Time (s): cpu = 00:00:00 ; elapsed = 00:00:00 . Memory (MB): peak = 2404.000 ; gain = 0.000 ; free physical = 2964 ; free virtual = 15111
INFO: [Netlist 29-17] Analyzing 8 Unisim elements for replacement
INFO: [Netlist 29-28] Unisim Transformation completed in 0 CPU seconds
INFO: [Project 1-570] Preparing netlist for logic optimization
INFO: [Opt 31-138] Pushed 0 inverter(s) to 0 load pin(s).
Netlist sorting complete. Time (s): cpu = 00:00:00 ; elapsed = 00:00:00 . Memory (MB): peak = 2460.020 ; gain = 0.000 ; free physical = 3293 ; free virtual = 15451
INFO: [Project 1-111] Unisim Transformation Summary:
No Unisim elements were transformed.

Synth Design complete | Checksum: e21f4466
INFO: [Common 17-83] Releasing license: Synthesis
25 Infos, 1 Warnings, 0 Critical Warnings and 0 Errors encountered.
synth_design completed successfully
synth_design: Time (s): cpu = 00:00:24 ; elapsed = 00:00:22 . Memory (MB): peak = 2460.020 ; gain = 1046.348 ; free physical = 3292 ; free virtual = 15451
INFO: [Common 17-2834] synth_design peak Physical Memory [PSS] (MB): overall = 1956.465; main = 1581.493; forked = 439.277
INFO: [Common 17-2834] synth_design peak Virtual Memory [VSS] (MB): overall = 3494.543; main = 2460.023; forked = 1090.547
Write ShapeDB Complete: Time (s): cpu = 00:00:00 ; elapsed = 00:00:00 . Memory (MB): peak = 2484.031 ; gain = 0.000 ; free physical = 3307 ; free virtual = 15456
INFO: [Common 17-1381] The checkpoint '/run/media/sackb/Windows-SSD/Users/sackb/OneDrive/Desktop/University/Course_Work/2025-2026/Spring_2026/ECE_410/ECE410/codefest/cf07/vivado/cf07.runs/synth_1/crossbar_mac.dcp' has been generated.
INFO: [Vivado 12-24828] Executing command : report_utilization -file crossbar_mac_utilization_synth.rpt -pb crossbar_mac_utilization_synth.pb
INFO: [Common 17-206] Exiting Vivado at Mon May 18 11:28:01 2026...
[Mon May 18 11:28:11 2026] synth_1 finished
wait_on_runs: Time (s): cpu = 00:00:34 ; elapsed = 00:00:41 . Memory (MB): peak = 1378.770 ; gain = 0.000 ; free physical = 4631 ; free virtual = 16788
# if {[get_property PROGRESS [get_runs synth_1]] != "100%"} {
#     error "Synthesis failed"
# }
# reset_run impl_1
# launch_runs impl_1 -jobs 4
[Mon May 18 11:28:11 2026] Launched impl_1...
Run output will be captured here: /run/media/sackb/Windows-SSD/Users/sackb/OneDrive/Desktop/University/Course_Work/2025-2026/Spring_2026/ECE_410/ECE410/codefest/cf07/vivado/cf07.runs/impl_1/runme.log
# wait_on_run impl_1
[Mon May 18 11:28:11 2026] Waiting for impl_1 to finish...

*** Running vivado
    with args -log crossbar_mac.vdi -applog -m64 -product Vivado -messageDb vivado.pb -mode batch -source crossbar_mac.tcl -notrace


****** Vivado v2024.1 (64-bit)
  **** SW Build 5076996 on Wed May 22 18:36:09 MDT 2024
  **** IP Build 5075265 on Wed May 22 21:45:21 MDT 2024
  **** SharedData Build 5076995 on Wed May 22 18:29:18 MDT 2024
  **** Start of session at: Mon May 18 11:28:13 2026
    ** Copyright 1986-2022 Xilinx, Inc. All Rights Reserved.
    ** Copyright 2022-2024 Advanced Micro Devices, Inc. All Rights Reserved.

source crossbar_mac.tcl -notrace
Command: link_design -top crossbar_mac -part xc7a100tcsg324-1 -mode out_of_context
Design is defaulting to srcset: sources_1
Design is defaulting to constrset: constrs_1
INFO: [Device 21-403] Loading part xc7a100tcsg324-1
INFO: [Device 21-9227] Part: xc7a100tcsg324-1 does not have CEAM library.
Netlist sorting complete. Time (s): cpu = 00:00:00 ; elapsed = 00:00:00 . Memory (MB): peak = 1729.738 ; gain = 0.000 ; free physical = 3840 ; free virtual = 15995
INFO: [Netlist 29-17] Analyzing 8 Unisim elements for replacement
INFO: [Netlist 29-28] Unisim Transformation completed in 0 CPU seconds
INFO: [Project 1-479] Netlist was created with Vivado 2024.1
INFO: [Project 1-570] Preparing netlist for logic optimization
Parsing XDC File [/run/media/sackb/Windows-SSD/Users/sackb/OneDrive/Desktop/University/Course_Work/2025-2026/Spring_2026/ECE_410/ECE410/codefest/cf07/vivado/cf07.srcs/constrs_1/imports/src/crossbar_mac.xdc]
Finished Parsing XDC File [/run/media/sackb/Windows-SSD/Users/sackb/OneDrive/Desktop/University/Course_Work/2025-2026/Spring_2026/ECE_410/ECE410/codefest/cf07/vivado/cf07.srcs/constrs_1/imports/src/crossbar_mac.xdc]
INFO: [Opt 31-138] Pushed 0 inverter(s) to 0 load pin(s).
Netlist sorting complete. Time (s): cpu = 00:00:00 ; elapsed = 00:00:00 . Memory (MB): peak = 1887.203 ; gain = 0.000 ; free physical = 3703 ; free virtual = 15866
INFO: [Project 1-111] Unisim Transformation Summary:
No Unisim elements were transformed.

8 Infos, 0 Warnings, 0 Critical Warnings and 0 Errors encountered.
link_design completed successfully
Command: opt_design
Attempting to get a license for feature 'Implementation' and/or device 'xc7a100t'
INFO: [Common 17-349] Got license for feature 'Implementation' and/or device 'xc7a100t'
Running DRC as a precondition to command opt_design

Starting DRC Task
INFO: [DRC 23-27] Running DRC with 8 threads
INFO: [Project 1-461] DRC finished with 0 Errors
INFO: [Project 1-462] Please refer to the DRC report (report_drc) for more information.

Time (s): cpu = 00:00:00.73 ; elapsed = 00:00:00.45 . Memory (MB): peak = 1978.984 ; gain = 85.844 ; free physical = 3703 ; free virtual = 15857

Starting Cache Timing Information Task
INFO: [Timing 38-35] Done setting XDC timing constraints.
Ending Cache Timing Information Task | Checksum: 1cacfbd48

Time (s): cpu = 00:00:04 ; elapsed = 00:00:04 . Memory (MB): peak = 2480.781 ; gain = 501.797 ; free physical = 3286 ; free virtual = 15458

Starting Logic Optimization Task

Phase 1 Initialization

Phase 1.1 Core Generation And Design Setup
Phase 1.1 Core Generation And Design Setup | Checksum: 1cacfbd48

Time (s): cpu = 00:00:00 ; elapsed = 00:00:00 . Memory (MB): peak = 2797.586 ; gain = 0.000 ; free physical = 2947 ; free virtual = 15118

Phase 1.2 Setup Constraints And Sort Netlist
Phase 1.2 Setup Constraints And Sort Netlist | Checksum: 1cacfbd48

Time (s): cpu = 00:00:00 ; elapsed = 00:00:00 . Memory (MB): peak = 2797.586 ; gain = 0.000 ; free physical = 2947 ; free virtual = 15118
Phase 1 Initialization | Checksum: 1cacfbd48

Time (s): cpu = 00:00:00 ; elapsed = 00:00:00 . Memory (MB): peak = 2797.586 ; gain = 0.000 ; free physical = 2947 ; free virtual = 15118

Phase 2 Timer Update And Timing Data Collection

Phase 2.1 Timer Update
Phase 2.1 Timer Update | Checksum: 1cacfbd48

Time (s): cpu = 00:00:00.01 ; elapsed = 00:00:00 . Memory (MB): peak = 2797.586 ; gain = 0.000 ; free physical = 2947 ; free virtual = 15118

Phase 2.2 Timing Data Collection
Phase 2.2 Timing Data Collection | Checksum: 1cacfbd48

Time (s): cpu = 00:00:00.01 ; elapsed = 00:00:00 . Memory (MB): peak = 2797.586 ; gain = 0.000 ; free physical = 2947 ; free virtual = 15118
Phase 2 Timer Update And Timing Data Collection | Checksum: 1cacfbd48

Time (s): cpu = 00:00:00.01 ; elapsed = 00:00:00 . Memory (MB): peak = 2797.586 ; gain = 0.000 ; free physical = 2947 ; free virtual = 15118

Phase 3 Retarget
INFO: [Opt 31-1834] Total Chains To Be Transformed Were: 0 AND Number of Transformed insts Created are: 0
INFO: [Opt 31-138] Pushed 0 inverter(s) to 0 load pin(s).
INFO: [Opt 31-49] Retargeted 0 cell(s).
Phase 3 Retarget | Checksum: 1cacfbd48

Time (s): cpu = 00:00:00.01 ; elapsed = 00:00:00.01 . Memory (MB): peak = 2797.586 ; gain = 0.000 ; free physical = 2947 ; free virtual = 15118
Retarget | Checksum: 1cacfbd48
INFO: [Opt 31-389] Phase Retarget created 0 cells and removed 0 cells

Phase 4 Constant propagation
INFO: [Opt 31-138] Pushed 0 inverter(s) to 0 load pin(s).
Phase 4 Constant propagation | Checksum: 1cacfbd48

Time (s): cpu = 00:00:00.02 ; elapsed = 00:00:00.01 . Memory (MB): peak = 2797.586 ; gain = 0.000 ; free physical = 2947 ; free virtual = 15118
Constant propagation | Checksum: 1cacfbd48
INFO: [Opt 31-389] Phase Constant propagation created 0 cells and removed 0 cells

Phase 5 Sweep
Phase 5 Sweep | Checksum: 105498740

Time (s): cpu = 00:00:00.02 ; elapsed = 00:00:00.01 . Memory (MB): peak = 2797.586 ; gain = 0.000 ; free physical = 2947 ; free virtual = 15118
Sweep | Checksum: 105498740
INFO: [Opt 31-389] Phase Sweep created 0 cells and removed 0 cells

Phase 6 BUFG optimization
Phase 6 BUFG optimization | Checksum: 105498740

Time (s): cpu = 00:00:00.02 ; elapsed = 00:00:00.02 . Memory (MB): peak = 2829.602 ; gain = 32.016 ; free physical = 2947 ; free virtual = 15117
BUFG optimization | Checksum: 105498740
INFO: [Opt 31-662] Phase BUFG optimization created 0 cells of which 0 are BUFGs and removed 0 cells.

Phase 7 Shift Register Optimization
INFO: [Opt 31-1064] SRL Remap converted 0 SRLs to 0 registers and converted 0 registers of register chains to 0 SRLs
Phase 7 Shift Register Optimization | Checksum: 105498740

Time (s): cpu = 00:00:00.02 ; elapsed = 00:00:00.02 . Memory (MB): peak = 2829.602 ; gain = 32.016 ; free physical = 2947 ; free virtual = 15117
Shift Register Optimization | Checksum: 105498740
INFO: [Opt 31-389] Phase Shift Register Optimization created 0 cells and removed 0 cells

Phase 8 Post Processing Netlist
Phase 8 Post Processing Netlist | Checksum: 105498740

Time (s): cpu = 00:00:00.02 ; elapsed = 00:00:00.02 . Memory (MB): peak = 2829.602 ; gain = 32.016 ; free physical = 2947 ; free virtual = 15117
Post Processing Netlist | Checksum: 105498740
INFO: [Opt 31-389] Phase Post Processing Netlist created 0 cells and removed 0 cells

Phase 9 Finalization

Phase 9.1 Finalizing Design Cores and Updating Shapes
Phase 9.1 Finalizing Design Cores and Updating Shapes | Checksum: 20f18dc66

Time (s): cpu = 00:00:00.03 ; elapsed = 00:00:00.02 . Memory (MB): peak = 2829.602 ; gain = 32.016 ; free physical = 2947 ; free virtual = 15117

Phase 9.2 Verifying Netlist Connectivity

Starting Connectivity Check Task

Time (s): cpu = 00:00:00 ; elapsed = 00:00:00 . Memory (MB): peak = 2829.602 ; gain = 0.000 ; free physical = 2947 ; free virtual = 15117
Phase 9.2 Verifying Netlist Connectivity | Checksum: 20f18dc66

Time (s): cpu = 00:00:00.03 ; elapsed = 00:00:00.02 . Memory (MB): peak = 2829.602 ; gain = 32.016 ; free physical = 2947 ; free virtual = 15117
Phase 9 Finalization | Checksum: 20f18dc66

Time (s): cpu = 00:00:00.03 ; elapsed = 00:00:00.02 . Memory (MB): peak = 2829.602 ; gain = 32.016 ; free physical = 2947 ; free virtual = 15117
Opt_design Change Summary
=========================


-------------------------------------------------------------------------------------------------------------------------
|  Phase                        |  #Cells created  |  #Cells Removed  |  #Constrained objects preventing optimizations  |
-------------------------------------------------------------------------------------------------------------------------
|  Retarget                     |               0  |               0  |                                              0  |
|  Constant propagation         |               0  |               0  |                                              0  |
|  Sweep                        |               0  |               0  |                                              0  |
|  BUFG optimization            |               0  |               0  |                                              0  |
|  Shift Register Optimization  |               0  |               0  |                                              0  |
|  Post Processing Netlist      |               0  |               0  |                                              0  |
-------------------------------------------------------------------------------------------------------------------------


Ending Logic Optimization Task | Checksum: 20f18dc66

Time (s): cpu = 00:00:00.03 ; elapsed = 00:00:00.03 . Memory (MB): peak = 2829.602 ; gain = 32.016 ; free physical = 2947 ; free virtual = 15117

Starting Power Optimization Task
INFO: [Pwropt 34-132] Skipping clock gating for clocks with a period < 2.00 ns.
Ending Power Optimization Task | Checksum: 20f18dc66

Time (s): cpu = 00:00:00 ; elapsed = 00:00:00 . Memory (MB): peak = 2829.602 ; gain = 0.000 ; free physical = 2946 ; free virtual = 15117

Starting Final Cleanup Task
Ending Final Cleanup Task | Checksum: 20f18dc66

Time (s): cpu = 00:00:00 ; elapsed = 00:00:00 . Memory (MB): peak = 2829.602 ; gain = 0.000 ; free physical = 2946 ; free virtual = 15117

Starting Netlist Obfuscation Task
Netlist sorting complete. Time (s): cpu = 00:00:00 ; elapsed = 00:00:00 . Memory (MB): peak = 2829.602 ; gain = 0.000 ; free physical = 2946 ; free virtual = 15117
Ending Netlist Obfuscation Task | Checksum: 20f18dc66

Time (s): cpu = 00:00:00 ; elapsed = 00:00:00 . Memory (MB): peak = 2829.602 ; gain = 0.000 ; free physical = 2946 ; free virtual = 15117
INFO: [Common 17-83] Releasing license: Implementation
26 Infos, 0 Warnings, 0 Critical Warnings and 0 Errors encountered.
opt_design completed successfully
opt_design: Time (s): cpu = 00:00:06 ; elapsed = 00:00:06 . Memory (MB): peak = 2829.602 ; gain = 936.461 ; free physical = 2946 ; free virtual = 15117
INFO: [Vivado 12-24828] Executing command : report_drc -file crossbar_mac_drc_opted.rpt -pb crossbar_mac_drc_opted.pb -rpx crossbar_mac_drc_opted.rpx
Command: report_drc -file crossbar_mac_drc_opted.rpt -pb crossbar_mac_drc_opted.pb -rpx crossbar_mac_drc_opted.rpx
INFO: [IP_Flow 19-234] Refreshing IP repositories
INFO: [IP_Flow 19-1704] No user IP repositories specified
INFO: [IP_Flow 19-2313] Loaded Vivado IP repository '/tools/Xilinx/Vivado/2024.1/data/ip'.
INFO: [DRC 23-27] Running DRC with 8 threads
INFO: [Vivado_Tcl 2-168] The results of DRC are in file /run/media/sackb/Windows-SSD/Users/sackb/OneDrive/Desktop/University/Course_Work/2025-2026/Spring_2026/ECE_410/ECE410/codefest/cf07/vivado/cf07.runs/impl_1/crossbar_mac_drc_opted.rpt.
report_drc completed successfully
INFO: [Timing 38-35] Done setting XDC timing constraints.
INFO: [Timing 38-480] Writing timing data to binary archive.
Write ShapeDB Complete: Time (s): cpu = 00:00:00 ; elapsed = 00:00:00 . Memory (MB): peak = 2869.621 ; gain = 0.000 ; free physical = 2937 ; free virtual = 15110
INFO: [Common 17-1381] The checkpoint '/run/media/sackb/Windows-SSD/Users/sackb/OneDrive/Desktop/University/Course_Work/2025-2026/Spring_2026/ECE_410/ECE410/codefest/cf07/vivado/cf07.runs/impl_1/crossbar_mac_opt.dcp' has been generated.
Command: place_design
Attempting to get a license for feature 'Implementation' and/or device 'xc7a100t'
INFO: [Common 17-349] Got license for feature 'Implementation' and/or device 'xc7a100t'
INFO: [Common 17-83] Releasing license: Implementation
INFO: [DRC 23-27] Running DRC with 8 threads
INFO: [Vivado_Tcl 4-198] DRC finished with 0 Errors
INFO: [Vivado_Tcl 4-199] Please refer to the DRC report (report_drc) for more information.
Running DRC as a precondition to command place_design
INFO: [DRC 23-27] Running DRC with 8 threads
INFO: [Vivado_Tcl 4-198] DRC finished with 0 Errors
INFO: [Vivado_Tcl 4-199] Please refer to the DRC report (report_drc) for more information.
INFO: [Place 30-611] Multithreading enabled for place_design using a maximum of 8 CPUs

Starting Placer Task

Phase 1 Placer Initialization

Phase 1.1 Placer Initialization Netlist Sorting
Netlist sorting complete. Time (s): cpu = 00:00:00 ; elapsed = 00:00:00 . Memory (MB): peak = 2869.621 ; gain = 0.000 ; free physical = 2920 ; free virtual = 15094
Phase 1.1 Placer Initialization Netlist Sorting | Checksum: 17b1e55fe

Time (s): cpu = 00:00:00 ; elapsed = 00:00:00 . Memory (MB): peak = 2869.621 ; gain = 0.000 ; free physical = 2920 ; free virtual = 15094
Netlist sorting complete. Time (s): cpu = 00:00:00 ; elapsed = 00:00:00 . Memory (MB): peak = 2869.621 ; gain = 0.000 ; free physical = 2920 ; free virtual = 15094

Phase 1.2 IO Placement/ Clock Placement/ Build Placer Device
Phase 1.2 IO Placement/ Clock Placement/ Build Placer Device | Checksum: 1700f28dd

Time (s): cpu = 00:00:00.22 ; elapsed = 00:00:00.07 . Memory (MB): peak = 2869.621 ; gain = 0.000 ; free physical = 2910 ; free virtual = 15085

Phase 1.3 Build Placer Netlist Model
Phase 1.3 Build Placer Netlist Model | Checksum: 1f31a732b

Time (s): cpu = 00:00:00.44 ; elapsed = 00:00:00.11 . Memory (MB): peak = 2869.621 ; gain = 0.000 ; free physical = 2901 ; free virtual = 15087

Phase 1.4 Constrain Clocks/Macros
Phase 1.4 Constrain Clocks/Macros | Checksum: 1f31a732b

Time (s): cpu = 00:00:00.45 ; elapsed = 00:00:00.12 . Memory (MB): peak = 2869.621 ; gain = 0.000 ; free physical = 2901 ; free virtual = 15087
Phase 1 Placer Initialization | Checksum: 1f31a732b

Time (s): cpu = 00:00:00.45 ; elapsed = 00:00:00.12 . Memory (MB): peak = 2869.621 ; gain = 0.000 ; free physical = 2899 ; free virtual = 15085

Phase 2 Global Placement

Phase 2.1 Floorplanning
Phase 2.1 Floorplanning | Checksum: 1b74bbc39

Time (s): cpu = 00:00:00.54 ; elapsed = 00:00:00.13 . Memory (MB): peak = 2869.621 ; gain = 0.000 ; free physical = 2884 ; free virtual = 15070

Phase 2.2 Update Timing before SLR Path Opt
Phase 2.2 Update Timing before SLR Path Opt | Checksum: 18b0a908b

Time (s): cpu = 00:00:00.59 ; elapsed = 00:00:00.14 . Memory (MB): peak = 2869.621 ; gain = 0.000 ; free physical = 2885 ; free virtual = 15072

Phase 2.3 Post-Processing in Floorplanning
Phase 2.3 Post-Processing in Floorplanning | Checksum: 18b0a908b

Time (s): cpu = 00:00:00.6 ; elapsed = 00:00:00.14 . Memory (MB): peak = 2869.621 ; gain = 0.000 ; free physical = 2885 ; free virtual = 15072

Phase 2.4 Global Placement Core

Phase 2.4.1 UpdateTiming Before Physical Synthesis
Phase 2.4.1 UpdateTiming Before Physical Synthesis | Checksum: 1c5c1d5b9

Time (s): cpu = 00:00:02 ; elapsed = 00:00:00.41 . Memory (MB): peak = 2869.621 ; gain = 0.000 ; free physical = 2825 ; free virtual = 15005

Phase 2.4.2 Physical Synthesis In Placer
INFO: [Physopt 32-1044] Break lutnm for timing: one critical 0, two critical 0, total 0, new lutff created 0
INFO: [Physopt 32-1138] End 1 Pass. Optimized 0 net or LUT. Breaked 0 LUT, combined 0 existing LUT and moved 0 existing LUT
INFO: [Physopt 32-65] No nets found for high-fanout optimization.
INFO: [Physopt 32-232] Optimized 0 net. Created 0 new instance.
INFO: [Physopt 32-775] End 1 Pass. Optimized 0 net or cell. Created 0 new cell, deleted 0 existing cell and moved 0 existing cell
INFO: [Physopt 32-670] No setup violation found.  DSP Register Optimization was not performed.
INFO: [Physopt 32-670] No setup violation found.  Shift Register to Pipeline Optimization was not performed.
INFO: [Physopt 32-670] No setup violation found.  Shift Register Optimization was not performed.
INFO: [Physopt 32-670] No setup violation found.  BRAM Register Optimization was not performed.
INFO: [Physopt 32-670] No setup violation found.  URAM Register Optimization was not performed.
INFO: [Physopt 32-949] No candidate nets found for dynamic/static region interface net replication
INFO: [Physopt 32-775] End 1 Pass. Optimized 0 net or cell. Created 0 new cell, deleted 0 existing cell and moved 0 existing cell
Netlist sorting complete. Time (s): cpu = 00:00:00 ; elapsed = 00:00:00 . Memory (MB): peak = 2869.621 ; gain = 0.000 ; free physical = 2820 ; free virtual = 15002

Summary of Physical Synthesis Optimizations
============================================


-----------------------------------------------------------------------------------------------------------------------------------------------------------
|  Optimization                                     |  Added Cells  |  Removed Cells  |  Optimized Cells/Nets  |  Dont Touch  |  Iterations  |  Elapsed   |
-----------------------------------------------------------------------------------------------------------------------------------------------------------
|  LUT Combining                                    |            0  |              0  |                     0  |           0  |           1  |  00:00:00  |
|  Retime                                           |            0  |              0  |                     0  |           0  |           1  |  00:00:00  |
|  Very High Fanout                                 |            0  |              0  |                     0  |           0  |           1  |  00:00:00  |
|  DSP Register                                     |            0  |              0  |                     0  |           0  |           0  |  00:00:00  |
|  Shift Register to Pipeline                       |            0  |              0  |                     0  |           0  |           0  |  00:00:00  |
|  Shift Register                                   |            0  |              0  |                     0  |           0  |           0  |  00:00:00  |
|  BRAM Register                                    |            0  |              0  |                     0  |           0  |           0  |  00:00:00  |
|  URAM Register                                    |            0  |              0  |                     0  |           0  |           0  |  00:00:00  |
|  Dynamic/Static Region Interface Net Replication  |            0  |              0  |                     0  |           0  |           1  |  00:00:00  |
|  Total                                            |            0  |              0  |                     0  |           0  |           4  |  00:00:00  |
-----------------------------------------------------------------------------------------------------------------------------------------------------------


Phase 2.4.2 Physical Synthesis In Placer | Checksum: 1c5c1d5b9

Time (s): cpu = 00:00:02 ; elapsed = 00:00:00.67 . Memory (MB): peak = 2869.621 ; gain = 0.000 ; free physical = 2820 ; free virtual = 15002
Phase 2.4 Global Placement Core | Checksum: 1df2b7723

Time (s): cpu = 00:00:02 ; elapsed = 00:00:00.69 . Memory (MB): peak = 2869.621 ; gain = 0.000 ; free physical = 2819 ; free virtual = 15001
Phase 2 Global Placement | Checksum: 1df2b7723

Time (s): cpu = 00:00:02 ; elapsed = 00:00:00.69 . Memory (MB): peak = 2869.621 ; gain = 0.000 ; free physical = 2819 ; free virtual = 15001

Phase 3 Detail Placement

Phase 3.1 Commit Multi Column Macros
Phase 3.1 Commit Multi Column Macros | Checksum: 1d7a209a7

Time (s): cpu = 00:00:02 ; elapsed = 00:00:00.7 . Memory (MB): peak = 2869.621 ; gain = 0.000 ; free physical = 2818 ; free virtual = 15001

Phase 3.2 Commit Most Macros & LUTRAMs
Phase 3.2 Commit Most Macros & LUTRAMs | Checksum: 263384053

Time (s): cpu = 00:00:03 ; elapsed = 00:00:00.72 . Memory (MB): peak = 2869.621 ; gain = 0.000 ; free physical = 2818 ; free virtual = 15000

Phase 3.3 Area Swap Optimization
Phase 3.3 Area Swap Optimization | Checksum: 24142f022

Time (s): cpu = 00:00:03 ; elapsed = 00:00:00.72 . Memory (MB): peak = 2869.621 ; gain = 0.000 ; free physical = 2818 ; free virtual = 15000

Phase 3.4 Pipeline Register Optimization
Phase 3.4 Pipeline Register Optimization | Checksum: 24142f022

Time (s): cpu = 00:00:03 ; elapsed = 00:00:00.72 . Memory (MB): peak = 2869.621 ; gain = 0.000 ; free physical = 2818 ; free virtual = 15000

Phase 3.5 Small Shape Detail Placement
Phase 3.5 Small Shape Detail Placement | Checksum: 261685180

Time (s): cpu = 00:00:03 ; elapsed = 00:00:00.82 . Memory (MB): peak = 2901.637 ; gain = 32.016 ; free physical = 2814 ; free virtual = 14997

Phase 3.6 Re-assign LUT pins
Phase 3.6 Re-assign LUT pins | Checksum: 1ba39acde

Time (s): cpu = 00:00:03 ; elapsed = 00:00:00.83 . Memory (MB): peak = 2901.637 ; gain = 32.016 ; free physical = 2814 ; free virtual = 14997

Phase 3.7 Pipeline Register Optimization
Phase 3.7 Pipeline Register Optimization | Checksum: 1ba39acde

Time (s): cpu = 00:00:03 ; elapsed = 00:00:00.83 . Memory (MB): peak = 2901.637 ; gain = 32.016 ; free physical = 2814 ; free virtual = 14997
Phase 3 Detail Placement | Checksum: 1ba39acde

Time (s): cpu = 00:00:03 ; elapsed = 00:00:00.84 . Memory (MB): peak = 2901.637 ; gain = 32.016 ; free physical = 2814 ; free virtual = 14997

Phase 4 Post Placement Optimization and Clean-Up

Phase 4.1 Post Commit Optimization
INFO: [Timing 38-35] Done setting XDC timing constraints.

Phase 4.1.1 Post Placement Optimization
Post Placement Optimization Initialization | Checksum: 24299600e

Phase 4.1.1.1 BUFG Insertion

Starting Physical Synthesis Task

Phase 1 Physical Synthesis Initialization
INFO: [Physopt 32-721] Multithreading enabled for phys_opt_design using a maximum of 8 CPUs
INFO: [Physopt 32-619] Estimated Timing Summary | WNS=3.761 | TNS=0.000 |
Phase 1 Physical Synthesis Initialization | Checksum: 1e8cd57ca

Time (s): cpu = 00:00:00.05 ; elapsed = 00:00:00.01 . Memory (MB): peak = 2901.637 ; gain = 0.000 ; free physical = 2814 ; free virtual = 14997
INFO: [Place 46-56] BUFG insertion identified 0 candidate nets. Inserted BUFG: 0, Replicated BUFG Driver: 0, Skipped due to Placement/Routing Conflicts: 0, Skipped due to Timing Degradation: 0, Skipped due to netlist editing failed: 0.
Ending Physical Synthesis Task | Checksum: 1db1d772b

Time (s): cpu = 00:00:00.05 ; elapsed = 00:00:00.01 . Memory (MB): peak = 2901.637 ; gain = 0.000 ; free physical = 2814 ; free virtual = 14997
Phase 4.1.1.1 BUFG Insertion | Checksum: 24299600e

Time (s): cpu = 00:00:03 ; elapsed = 00:00:00.91 . Memory (MB): peak = 2901.637 ; gain = 32.016 ; free physical = 2814 ; free virtual = 14997

Phase 4.1.1.2 Post Placement Timing Optimization
INFO: [Place 30-746] Post Placement Timing Summary WNS=3.761. For the most accurate timing information please run report_timing.
Phase 4.1.1.2 Post Placement Timing Optimization | Checksum: 1f7db038d

Time (s): cpu = 00:00:03 ; elapsed = 00:00:00.91 . Memory (MB): peak = 2901.637 ; gain = 32.016 ; free physical = 2814 ; free virtual = 14997

Time (s): cpu = 00:00:03 ; elapsed = 00:00:00.91 . Memory (MB): peak = 2901.637 ; gain = 32.016 ; free physical = 2814 ; free virtual = 14997
Phase 4.1 Post Commit Optimization | Checksum: 1f7db038d

Time (s): cpu = 00:00:03 ; elapsed = 00:00:00.91 . Memory (MB): peak = 2901.637 ; gain = 32.016 ; free physical = 2814 ; free virtual = 14997

Phase 4.2 Post Placement Cleanup
Phase 4.2 Post Placement Cleanup | Checksum: 1f7db038d

Time (s): cpu = 00:00:03 ; elapsed = 00:00:00.92 . Memory (MB): peak = 2901.637 ; gain = 32.016 ; free physical = 2814 ; free virtual = 14997

Phase 4.3 Placer Reporting

Phase 4.3.1 Print Estimated Congestion
INFO: [Place 30-612] Post-Placement Estimated Congestion 
 ____________________________________________________
|           | Global Congestion | Short Congestion  |
| Direction | Region Size       | Region Size       |
|___________|___________________|___________________|
|      North|                1x1|                1x1|
|___________|___________________|___________________|
|      South|                1x1|                1x1|
|___________|___________________|___________________|
|       East|                1x1|                1x1|
|___________|___________________|___________________|
|       West|                1x1|                1x1|
|___________|___________________|___________________|

Phase 4.3.1 Print Estimated Congestion | Checksum: 1f7db038d

Time (s): cpu = 00:00:03 ; elapsed = 00:00:00.92 . Memory (MB): peak = 2901.637 ; gain = 32.016 ; free physical = 2814 ; free virtual = 14997
Phase 4.3 Placer Reporting | Checksum: 1f7db038d

Time (s): cpu = 00:00:03 ; elapsed = 00:00:00.92 . Memory (MB): peak = 2901.637 ; gain = 32.016 ; free physical = 2814 ; free virtual = 14997

Phase 4.4 Final Placement Cleanup
Netlist sorting complete. Time (s): cpu = 00:00:00 ; elapsed = 00:00:00 . Memory (MB): peak = 2901.637 ; gain = 0.000 ; free physical = 2814 ; free virtual = 14997

Time (s): cpu = 00:00:03 ; elapsed = 00:00:00.92 . Memory (MB): peak = 2901.637 ; gain = 32.016 ; free physical = 2814 ; free virtual = 14997
Phase 4 Post Placement Optimization and Clean-Up | Checksum: 269690a62

Time (s): cpu = 00:00:03 ; elapsed = 00:00:00.92 . Memory (MB): peak = 2901.637 ; gain = 32.016 ; free physical = 2814 ; free virtual = 14997
Ending Placer Task | Checksum: 1b8b0f798

Time (s): cpu = 00:00:03 ; elapsed = 00:00:00.92 . Memory (MB): peak = 2901.637 ; gain = 32.016 ; free physical = 2814 ; free virtual = 14997
62 Infos, 0 Warnings, 0 Critical Warnings and 0 Errors encountered.
place_design completed successfully
INFO: [Vivado 12-24838] Running report commands "report_control_sets, report_io, report_utilization" in parallel.
Running report generation with 3 threads.
INFO: [Vivado 12-24828] Executing command : report_control_sets -verbose -file crossbar_mac_control_sets_placed.rpt
report_control_sets: Time (s): cpu = 00:00:00 ; elapsed = 00:00:00 . Memory (MB): peak = 2901.637 ; gain = 0.000 ; free physical = 2811 ; free virtual = 14996
INFO: [Vivado 12-24828] Executing command : report_utilization -file crossbar_mac_utilization_placed.rpt -pb crossbar_mac_utilization_placed.pb
INFO: [Vivado 12-24828] Executing command : report_io -file crossbar_mac_io_placed.rpt
report_io: Time (s): cpu = 00:00:00.06 ; elapsed = 00:00:00.04 . Memory (MB): peak = 2901.637 ; gain = 0.000 ; free physical = 2811 ; free virtual = 14996
INFO: [Timing 38-480] Writing timing data to binary archive.
Write ShapeDB Complete: Time (s): cpu = 00:00:00 ; elapsed = 00:00:00 . Memory (MB): peak = 2901.637 ; gain = 0.000 ; free physical = 2811 ; free virtual = 14996
Wrote PlaceDB: Time (s): cpu = 00:00:00.02 ; elapsed = 00:00:00.01 . Memory (MB): peak = 2901.637 ; gain = 0.000 ; free physical = 2811 ; free virtual = 14996
Wrote PulsedLatchDB: Time (s): cpu = 00:00:00 ; elapsed = 00:00:00 . Memory (MB): peak = 2901.637 ; gain = 0.000 ; free physical = 2811 ; free virtual = 14996
Writing XDEF routing.
Writing XDEF routing logical nets.
Writing XDEF routing special nets.
Wrote RouteStorage: Time (s): cpu = 00:00:00.02 ; elapsed = 00:00:00.01 . Memory (MB): peak = 2901.637 ; gain = 0.000 ; free physical = 2811 ; free virtual = 14996
Wrote Netlist Cache: Time (s): cpu = 00:00:00 ; elapsed = 00:00:00 . Memory (MB): peak = 2901.637 ; gain = 0.000 ; free physical = 2811 ; free virtual = 14996
Wrote Device Cache: Time (s): cpu = 00:00:00 ; elapsed = 00:00:00 . Memory (MB): peak = 2901.637 ; gain = 0.000 ; free physical = 2811 ; free virtual = 14997
Write Physdb Complete: Time (s): cpu = 00:00:00.04 ; elapsed = 00:00:00.02 . Memory (MB): peak = 2901.637 ; gain = 0.000 ; free physical = 2811 ; free virtual = 14997
INFO: [Common 17-1381] The checkpoint '/run/media/sackb/Windows-SSD/Users/sackb/OneDrive/Desktop/University/Course_Work/2025-2026/Spring_2026/ECE_410/ECE410/codefest/cf07/vivado/cf07.runs/impl_1/crossbar_mac_placed.dcp' has been generated.
Command: phys_opt_design
Attempting to get a license for feature 'Implementation' and/or device 'xc7a100t'
INFO: [Common 17-349] Got license for feature 'Implementation' and/or device 'xc7a100t'

Starting Initial Update Timing Task
WARNING: [Timing 38-242] The property HD.CLK_SRC of clock port "clk" is not set. In out-of-context mode, this prevents timing estimation for clock delay/skew
Resolution: Set the HD.CLK_SRC property of the out-of-context port to the location of the clock buffer instance in the top-level design

Time (s): cpu = 00:00:00.03 ; elapsed = 00:00:00.02 . Memory (MB): peak = 2901.637 ; gain = 0.000 ; free physical = 2803 ; free virtual = 14989
INFO: [Vivado_Tcl 4-2279] Estimated Timing Summary | WNS= 3.761 | TNS= 0.000 | 
INFO: [Vivado_Tcl 4-383] Design worst setup slack (WNS) is greater than or equal to 0.000 ns. All physical synthesis setup optimizations will be skipped.
INFO: [Vivado_Tcl 4-232] No setup violation found. The netlist was not modified.
INFO: [Common 17-83] Releasing license: Implementation
73 Infos, 1 Warnings, 0 Critical Warnings and 0 Errors encountered.
phys_opt_design completed successfully
INFO: [Timing 38-480] Writing timing data to binary archive.
Write ShapeDB Complete: Time (s): cpu = 00:00:00 ; elapsed = 00:00:00 . Memory (MB): peak = 2901.637 ; gain = 0.000 ; free physical = 2803 ; free virtual = 14989
Wrote PlaceDB: Time (s): cpu = 00:00:00.02 ; elapsed = 00:00:00.01 . Memory (MB): peak = 2901.637 ; gain = 0.000 ; free physical = 2801 ; free virtual = 14987
Wrote PulsedLatchDB: Time (s): cpu = 00:00:00 ; elapsed = 00:00:00 . Memory (MB): peak = 2901.637 ; gain = 0.000 ; free physical = 2801 ; free virtual = 14987
Writing XDEF routing.
Writing XDEF routing logical nets.
Writing XDEF routing special nets.
Wrote RouteStorage: Time (s): cpu = 00:00:00.02 ; elapsed = 00:00:00.01 . Memory (MB): peak = 2901.637 ; gain = 0.000 ; free physical = 2793 ; free virtual = 14989
Wrote Netlist Cache: Time (s): cpu = 00:00:00 ; elapsed = 00:00:00 . Memory (MB): peak = 2901.637 ; gain = 0.000 ; free physical = 2793 ; free virtual = 14989
Wrote Device Cache: Time (s): cpu = 00:00:00 ; elapsed = 00:00:00 . Memory (MB): peak = 2901.637 ; gain = 0.000 ; free physical = 2792 ; free virtual = 14989
Write Physdb Complete: Time (s): cpu = 00:00:00.05 ; elapsed = 00:00:00.02 . Memory (MB): peak = 2901.637 ; gain = 0.000 ; free physical = 2789 ; free virtual = 14986
INFO: [Common 17-1381] The checkpoint '/run/media/sackb/Windows-SSD/Users/sackb/OneDrive/Desktop/University/Course_Work/2025-2026/Spring_2026/ECE_410/ECE410/codefest/cf07/vivado/cf07.runs/impl_1/crossbar_mac_physopt.dcp' has been generated.
Command: route_design
Attempting to get a license for feature 'Implementation' and/or device 'xc7a100t'
INFO: [Common 17-349] Got license for feature 'Implementation' and/or device 'xc7a100t'
Running DRC as a precondition to command route_design
INFO: [DRC 23-27] Running DRC with 8 threads
INFO: [Vivado_Tcl 4-198] DRC finished with 0 Errors
INFO: [Vivado_Tcl 4-199] Please refer to the DRC report (report_drc) for more information.


Starting Routing Task
INFO: [Route 35-254] Multithreading enabled for route_design using a maximum of 8 CPUs

Phase 1 Build RT Design
Checksum: PlaceDB: 3bf42f16 ConstDB: 0 ShapeSum: caea68ec RouteDB: b1d25f96
WARNING: [Route 35-198] Port "w_val" does not have an associated HD.PARTPIN_LOCS, which will prevent the partial routing of the signal "w_val". Without this partial route, timing analysis to/from this port will not be accurate, and no routing information for this port can be exported.
WARNING: [Route 35-198] Port "we" does not have an associated HD.PARTPIN_LOCS, which will prevent the partial routing of the signal "we". Without this partial route, timing analysis to/from this port will not be accurate, and no routing information for this port can be exported.
WARNING: [Route 35-198] Port "w_row[0]" does not have an associated HD.PARTPIN_LOCS, which will prevent the partial routing of the signal "w_row[0]". Without this partial route, timing analysis to/from this port will not be accurate, and no routing information for this port can be exported.
WARNING: [Route 35-198] Port "w_row[1]" does not have an associated HD.PARTPIN_LOCS, which will prevent the partial routing of the signal "w_row[1]". Without this partial route, timing analysis to/from this port will not be accurate, and no routing information for this port can be exported.
WARNING: [Route 35-197] Clock port "clk" does not have an associated HD.CLK_SRC. Without this constraint, timing analysis may not be accurate and upstream checks cannot be done to ensure correct clock placement.
WARNING: [Route 35-198] Port "rst" does not have an associated HD.PARTPIN_LOCS, which will prevent the partial routing of the signal "rst". Without this partial route, timing analysis to/from this port will not be accurate, and no routing information for this port can be exported.
WARNING: [Route 35-198] Port "w_col[0]" does not have an associated HD.PARTPIN_LOCS, which will prevent the partial routing of the signal "w_col[0]". Without this partial route, timing analysis to/from this port will not be accurate, and no routing information for this port can be exported.
WARNING: [Route 35-198] Port "w_col[1]" does not have an associated HD.PARTPIN_LOCS, which will prevent the partial routing of the signal "w_col[1]". Without this partial route, timing analysis to/from this port will not be accurate, and no routing information for this port can be exported.
WARNING: [Route 35-198] Port "in[2][6]" does not have an associated HD.PARTPIN_LOCS, which will prevent the partial routing of the signal "in[2][6]". Without this partial route, timing analysis to/from this port will not be accurate, and no routing information for this port can be exported.
WARNING: [Route 35-198] Port "in[2][3]" does not have an associated HD.PARTPIN_LOCS, which will prevent the partial routing of the signal "in[2][3]". Without this partial route, timing analysis to/from this port will not be accurate, and no routing information for this port can be exported.
WARNING: [Route 35-198] Port "in[2][0]" does not have an associated HD.PARTPIN_LOCS, which will prevent the partial routing of the signal "in[2][0]". Without this partial route, timing analysis to/from this port will not be accurate, and no routing information for this port can be exported.
WARNING: [Route 35-198] Port "in[2][1]" does not have an associated HD.PARTPIN_LOCS, which will prevent the partial routing of the signal "in[2][1]". Without this partial route, timing analysis to/from this port will not be accurate, and no routing information for this port can be exported.
WARNING: [Route 35-198] Port "in[2][2]" does not have an associated HD.PARTPIN_LOCS, which will prevent the partial routing of the signal "in[2][2]". Without this partial route, timing analysis to/from this port will not be accurate, and no routing information for this port can be exported.
WARNING: [Route 35-198] Port "in[2][4]" does not have an associated HD.PARTPIN_LOCS, which will prevent the partial routing of the signal "in[2][4]". Without this partial route, timing analysis to/from this port will not be accurate, and no routing information for this port can be exported.
WARNING: [Route 35-198] Port "in[2][5]" does not have an associated HD.PARTPIN_LOCS, which will prevent the partial routing of the signal "in[2][5]". Without this partial route, timing analysis to/from this port will not be accurate, and no routing information for this port can be exported.
WARNING: [Route 35-198] Port "in[3][5]" does not have an associated HD.PARTPIN_LOCS, which will prevent the partial routing of the signal "in[3][5]". Without this partial route, timing analysis to/from this port will not be accurate, and no routing information for this port can be exported.
WARNING: [Route 35-198] Port "in[3][3]" does not have an associated HD.PARTPIN_LOCS, which will prevent the partial routing of the signal "in[3][3]". Without this partial route, timing analysis to/from this port will not be accurate, and no routing information for this port can be exported.
WARNING: [Route 35-198] Port "in[3][0]" does not have an associated HD.PARTPIN_LOCS, which will prevent the partial routing of the signal "in[3][0]". Without this partial route, timing analysis to/from this port will not be accurate, and no routing information for this port can be exported.
WARNING: [Route 35-198] Port "in[3][1]" does not have an associated HD.PARTPIN_LOCS, which will prevent the partial routing of the signal "in[3][1]". Without this partial route, timing analysis to/from this port will not be accurate, and no routing information for this port can be exported.
WARNING: [Route 35-198] Port "in[3][2]" does not have an associated HD.PARTPIN_LOCS, which will prevent the partial routing of the signal "in[3][2]". Without this partial route, timing analysis to/from this port will not be accurate, and no routing information for this port can be exported.
WARNING: [Route 35-198] Port "in[3][4]" does not have an associated HD.PARTPIN_LOCS, which will prevent the partial routing of the signal "in[3][4]". Without this partial route, timing analysis to/from this port will not be accurate, and no routing information for this port can be exported.
WARNING: [Route 35-198] Port "in[1][7]" does not have an associated HD.PARTPIN_LOCS, which will prevent the partial routing of the signal "in[1][7]". Without this partial route, timing analysis to/from this port will not be accurate, and no routing information for this port can be exported.
WARNING: [Route 35-198] Port "in[0][7]" does not have an associated HD.PARTPIN_LOCS, which will prevent the partial routing of the signal "in[0][7]". Without this partial route, timing analysis to/from this port will not be accurate, and no routing information for this port can be exported.
WARNING: [Route 35-198] Port "in[1][2]" does not have an associated HD.PARTPIN_LOCS, which will prevent the partial routing of the signal "in[1][2]". Without this partial route, timing analysis to/from this port will not be accurate, and no routing information for this port can be exported.
WARNING: [Route 35-198] Port "in[1][1]" does not have an associated HD.PARTPIN_LOCS, which will prevent the partial routing of the signal "in[1][1]". Without this partial route, timing analysis to/from this port will not be accurate, and no routing information for this port can be exported.
WARNING: [Route 35-198] Port "in[1][0]" does not have an associated HD.PARTPIN_LOCS, which will prevent the partial routing of the signal "in[1][0]". Without this partial route, timing analysis to/from this port will not be accurate, and no routing information for this port can be exported.
WARNING: [Route 35-198] Port "in[1][3]" does not have an associated HD.PARTPIN_LOCS, which will prevent the partial routing of the signal "in[1][3]". Without this partial route, timing analysis to/from this port will not be accurate, and no routing information for this port can be exported.
WARNING: [Route 35-198] Port "in[1][4]" does not have an associated HD.PARTPIN_LOCS, which will prevent the partial routing of the signal "in[1][4]". Without this partial route, timing analysis to/from this port will not be accurate, and no routing information for this port can be exported.
WARNING: [Route 35-198] Port "in[1][5]" does not have an associated HD.PARTPIN_LOCS, which will prevent the partial routing of the signal "in[1][5]". Without this partial route, timing analysis to/from this port will not be accurate, and no routing information for this port can be exported.
WARNING: [Route 35-198] Port "in[3][6]" does not have an associated HD.PARTPIN_LOCS, which will prevent the partial routing of the signal "in[3][6]". Without this partial route, timing analysis to/from this port will not be accurate, and no routing information for this port can be exported.
WARNING: [Route 35-198] Port "in[1][6]" does not have an associated HD.PARTPIN_LOCS, which will prevent the partial routing of the signal "in[1][6]". Without this partial route, timing analysis to/from this port will not be accurate, and no routing information for this port can be exported.
WARNING: [Route 35-198] Port "in[0][6]" does not have an associated HD.PARTPIN_LOCS, which will prevent the partial routing of the signal "in[0][6]". Without this partial route, timing analysis to/from this port will not be accurate, and no routing information for this port can be exported.
WARNING: [Route 35-198] Port "in[0][5]" does not have an associated HD.PARTPIN_LOCS, which will prevent the partial routing of the signal "in[0][5]". Without this partial route, timing analysis to/from this port will not be accurate, and no routing information for this port can be exported.
WARNING: [Route 35-198] Port "in[0][4]" does not have an associated HD.PARTPIN_LOCS, which will prevent the partial routing of the signal "in[0][4]". Without this partial route, timing analysis to/from this port will not be accurate, and no routing information for this port can be exported.
WARNING: [Route 35-198] Port "in[0][3]" does not have an associated HD.PARTPIN_LOCS, which will prevent the partial routing of the signal "in[0][3]". Without this partial route, timing analysis to/from this port will not be accurate, and no routing information for this port can be exported.
WARNING: [Route 35-198] Port "in[2][7]" does not have an associated HD.PARTPIN_LOCS, which will prevent the partial routing of the signal "in[2][7]". Without this partial route, timing analysis to/from this port will not be accurate, and no routing information for this port can be exported.
WARNING: [Route 35-198] Port "in[3][7]" does not have an associated HD.PARTPIN_LOCS, which will prevent the partial routing of the signal "in[3][7]". Without this partial route, timing analysis to/from this port will not be accurate, and no routing information for this port can be exported.
WARNING: [Route 35-198] Port "in[0][0]" does not have an associated HD.PARTPIN_LOCS, which will prevent the partial routing of the signal "in[0][0]". Without this partial route, timing analysis to/from this port will not be accurate, and no routing information for this port can be exported.
WARNING: [Route 35-198] Port "in[0][1]" does not have an associated HD.PARTPIN_LOCS, which will prevent the partial routing of the signal "in[0][1]". Without this partial route, timing analysis to/from this port will not be accurate, and no routing information for this port can be exported.
WARNING: [Route 35-198] Port "in[0][2]" does not have an associated HD.PARTPIN_LOCS, which will prevent the partial routing of the signal "in[0][2]". Without this partial route, timing analysis to/from this port will not be accurate, and no routing information for this port can be exported.
WARNING: [Constraints 18-8777] Unable to split tiles. All required files are not available.
Post Restoration Checksum: NetGraph: fa6be8cd | NumContArr: 920a6e2c | Constraints: c2a8fa9d | Timing: c2a8fa9d
Phase 1 Build RT Design | Checksum: 311c84c33

Time (s): cpu = 00:00:16 ; elapsed = 00:00:13 . Memory (MB): peak = 3001.465 ; gain = 88.758 ; free physical = 2667 ; free virtual = 14853

Phase 2 Router Initialization

Phase 2.1 Fix Topology Constraints
Phase 2.1 Fix Topology Constraints | Checksum: 311c84c33

Time (s): cpu = 00:00:16 ; elapsed = 00:00:13 . Memory (MB): peak = 3001.465 ; gain = 88.758 ; free physical = 2667 ; free virtual = 14853

Phase 2.2 Pre Route Cleanup
Phase 2.2 Pre Route Cleanup | Checksum: 311c84c33

Time (s): cpu = 00:00:16 ; elapsed = 00:00:13 . Memory (MB): peak = 3001.465 ; gain = 88.758 ; free physical = 2667 ; free virtual = 14853
 Number of Nodes with overlaps = 0

Phase 2.3 Update Timing
Phase 2.3 Update Timing | Checksum: 22b18470c

Time (s): cpu = 00:00:16 ; elapsed = 00:00:13 . Memory (MB): peak = 3031.668 ; gain = 118.961 ; free physical = 2641 ; free virtual = 14828
INFO: [Route 35-416] Intermediate Timing Summary | WNS=3.794  | TNS=0.000  | WHS=0.182  | THS=0.000  |


Router Utilization Summary
  Global Vertical Routing Utilization    = 0 %
  Global Horizontal Routing Utilization  = 0 %
  Routable Net Status*
  *Does not include unroutable nets such as driverless and loadless.
  Run report_route_status for detailed report.
  Number of Failed Nets               = 173
    (Failed Nets is the sum of unrouted and partially routed nets)
  Number of Unrouted Nets             = 173
  Number of Partially Routed Nets     = 0
  Number of Node Overlaps             = 0

Phase 2 Router Initialization | Checksum: 1d27a12f2

Time (s): cpu = 00:00:17 ; elapsed = 00:00:13 . Memory (MB): peak = 3031.668 ; gain = 118.961 ; free physical = 2640 ; free virtual = 14828

Phase 3 Global Routing
Phase 3 Global Routing | Checksum: 1d27a12f2

Time (s): cpu = 00:00:17 ; elapsed = 00:00:13 . Memory (MB): peak = 3031.668 ; gain = 118.961 ; free physical = 2640 ; free virtual = 14828

Phase 4 Initial Routing

Phase 4.1 Initial Net Routing Pass
Phase 4.1 Initial Net Routing Pass | Checksum: 248a391ac

Time (s): cpu = 00:00:17 ; elapsed = 00:00:13 . Memory (MB): peak = 3031.668 ; gain = 118.961 ; free physical = 2643 ; free virtual = 14831
Phase 4 Initial Routing | Checksum: 248a391ac

Time (s): cpu = 00:00:17 ; elapsed = 00:00:13 . Memory (MB): peak = 3031.668 ; gain = 118.961 ; free physical = 2643 ; free virtual = 14831

Phase 5 Rip-up And Reroute

Phase 5.1 Global Iteration 0
 Number of Nodes with overlaps = 40
 Number of Nodes with overlaps = 1
 Number of Nodes with overlaps = 0
INFO: [Route 35-416] Intermediate Timing Summary | WNS=3.715  | TNS=0.000  | WHS=N/A    | THS=N/A    |

Phase 5.1 Global Iteration 0 | Checksum: 23b87946f

Time (s): cpu = 00:00:17 ; elapsed = 00:00:13 . Memory (MB): peak = 3031.668 ; gain = 118.961 ; free physical = 2642 ; free virtual = 14831
Phase 5 Rip-up And Reroute | Checksum: 23b87946f

Time (s): cpu = 00:00:17 ; elapsed = 00:00:13 . Memory (MB): peak = 3031.668 ; gain = 118.961 ; free physical = 2642 ; free virtual = 14831

Phase 6 Delay and Skew Optimization

Phase 6.1 Delay CleanUp
Phase 6.1 Delay CleanUp | Checksum: 23b87946f

Time (s): cpu = 00:00:17 ; elapsed = 00:00:13 . Memory (MB): peak = 3031.668 ; gain = 118.961 ; free physical = 2642 ; free virtual = 14831

Phase 6.2 Clock Skew Optimization
Phase 6.2 Clock Skew Optimization | Checksum: 23b87946f

Time (s): cpu = 00:00:17 ; elapsed = 00:00:13 . Memory (MB): peak = 3031.668 ; gain = 118.961 ; free physical = 2642 ; free virtual = 14831
Phase 6 Delay and Skew Optimization | Checksum: 23b87946f

Time (s): cpu = 00:00:17 ; elapsed = 00:00:13 . Memory (MB): peak = 3031.668 ; gain = 118.961 ; free physical = 2642 ; free virtual = 14831

Phase 7 Post Hold Fix

Phase 7.1 Hold Fix Iter
INFO: [Route 35-416] Intermediate Timing Summary | WNS=3.715  | TNS=0.000  | WHS=0.192  | THS=0.000  |

Phase 7.1 Hold Fix Iter | Checksum: 1c3f615c5

Time (s): cpu = 00:00:17 ; elapsed = 00:00:13 . Memory (MB): peak = 3031.668 ; gain = 118.961 ; free physical = 2642 ; free virtual = 14831
Phase 7 Post Hold Fix | Checksum: 1c3f615c5

Time (s): cpu = 00:00:17 ; elapsed = 00:00:13 . Memory (MB): peak = 3031.668 ; gain = 118.961 ; free physical = 2642 ; free virtual = 14831

Phase 8 Route finalize

Router Utilization Summary
  Global Vertical Routing Utilization    = 0.0119685 %
  Global Horizontal Routing Utilization  = 0.0158426 %
  Routable Net Status*
  *Does not include unroutable nets such as driverless and loadless.
  Run report_route_status for detailed report.
  Number of Failed Nets               = 0
    (Failed Nets is the sum of unrouted and partially routed nets)
  Number of Unrouted Nets             = 0
  Number of Partially Routed Nets     = 0
  Number of Node Overlaps             = 0

Phase 8 Route finalize | Checksum: 1c3f615c5

Time (s): cpu = 00:00:17 ; elapsed = 00:00:13 . Memory (MB): peak = 3031.668 ; gain = 118.961 ; free physical = 2642 ; free virtual = 14831

Phase 9 Verifying routed nets

 Verification completed successfully
Phase 9 Verifying routed nets | Checksum: 1c3f615c5

Time (s): cpu = 00:00:17 ; elapsed = 00:00:13 . Memory (MB): peak = 3031.668 ; gain = 118.961 ; free physical = 2642 ; free virtual = 14830

Phase 10 Depositing Routes
Phase 10 Depositing Routes | Checksum: 166bda6be

Time (s): cpu = 00:00:17 ; elapsed = 00:00:13 . Memory (MB): peak = 3031.668 ; gain = 118.961 ; free physical = 2642 ; free virtual = 14830

Phase 11 Post Process Routing
Phase 11 Post Process Routing | Checksum: 166bda6be

Time (s): cpu = 00:00:17 ; elapsed = 00:00:13 . Memory (MB): peak = 3031.668 ; gain = 118.961 ; free physical = 2642 ; free virtual = 14830

Phase 12 Post Router Timing
INFO: [Route 35-57] Estimated Timing Summary | WNS=3.715  | TNS=0.000  | WHS=0.192  | THS=0.000  |

INFO: [Route 35-327] The final timing numbers are based on the router estimated timing analysis. For a complete and accurate timing signoff, please run report_timing_summary.
Phase 12 Post Router Timing | Checksum: 166bda6be

Time (s): cpu = 00:00:17 ; elapsed = 00:00:13 . Memory (MB): peak = 3031.668 ; gain = 118.961 ; free physical = 2642 ; free virtual = 14830
Total Elapsed time in route_design: 13.49 secs

Phase 13 Post-Route Event Processing
Phase 13 Post-Route Event Processing | Checksum: 1d65a5465

Time (s): cpu = 00:00:17 ; elapsed = 00:00:13 . Memory (MB): peak = 3031.668 ; gain = 118.961 ; free physical = 2642 ; free virtual = 14830
INFO: [Route 35-16] Router Completed Successfully
Ending Routing Task | Checksum: 1d65a5465

Time (s): cpu = 00:00:17 ; elapsed = 00:00:14 . Memory (MB): peak = 3031.668 ; gain = 118.961 ; free physical = 2642 ; free virtual = 14830

Routing Is Done.
INFO: [Common 17-83] Releasing license: Implementation
87 Infos, 42 Warnings, 0 Critical Warnings and 0 Errors encountered.
route_design completed successfully
route_design: Time (s): cpu = 00:00:18 ; elapsed = 00:00:14 . Memory (MB): peak = 3031.668 ; gain = 130.031 ; free physical = 2642 ; free virtual = 14830
INFO: [Vivado 12-24828] Executing command : report_drc -file crossbar_mac_drc_routed.rpt -pb crossbar_mac_drc_routed.pb -rpx crossbar_mac_drc_routed.rpx
Command: report_drc -file crossbar_mac_drc_routed.rpt -pb crossbar_mac_drc_routed.pb -rpx crossbar_mac_drc_routed.rpx
INFO: [IP_Flow 19-1839] IP Catalog is up to date.
INFO: [DRC 23-27] Running DRC with 8 threads
INFO: [Vivado_Tcl 2-168] The results of DRC are in file /run/media/sackb/Windows-SSD/Users/sackb/OneDrive/Desktop/University/Course_Work/2025-2026/Spring_2026/ECE_410/ECE410/codefest/cf07/vivado/cf07.runs/impl_1/crossbar_mac_drc_routed.rpt.
report_drc completed successfully
INFO: [Vivado 12-24828] Executing command : report_methodology -file crossbar_mac_methodology_drc_routed.rpt -pb crossbar_mac_methodology_drc_routed.pb -rpx crossbar_mac_methodology_drc_routed.rpx
Command: report_methodology -file crossbar_mac_methodology_drc_routed.rpt -pb crossbar_mac_methodology_drc_routed.pb -rpx crossbar_mac_methodology_drc_routed.rpx
INFO: [Timing 38-35] Done setting XDC timing constraints.
WARNING: [Timing 38-242] The property HD.CLK_SRC of clock port "clk" is not set. In out-of-context mode, this prevents timing estimation for clock delay/skew
Resolution: Set the HD.CLK_SRC property of the out-of-context port to the location of the clock buffer instance in the top-level design
INFO: [DRC 23-133] Running Methodology with 8 threads
INFO: [Vivado_Tcl 2-1520] The results of Report Methodology are in file /run/media/sackb/Windows-SSD/Users/sackb/OneDrive/Desktop/University/Course_Work/2025-2026/Spring_2026/ECE_410/ECE410/codefest/cf07/vivado/cf07.runs/impl_1/crossbar_mac_methodology_drc_routed.rpt.
report_methodology completed successfully
INFO: [Vivado 12-24828] Executing command : report_timing_summary -max_paths 10 -report_unconstrained -file crossbar_mac_timing_summary_routed.rpt -pb crossbar_mac_timing_summary_routed.pb -rpx crossbar_mac_timing_summary_routed.rpx -warn_on_violation 
INFO: [Timing 38-35] Done setting XDC timing constraints.
INFO: [Timing 38-91] UpdateTimingParams: Speed grade: -1, Delay Type: min_max.
INFO: [Timing 38-191] Multithreading enabled for timing update using a maximum of 8 CPUs
INFO: [Vivado 12-24838] Running report commands "report_bus_skew, report_incremental_reuse, report_route_status" in parallel.
Running report generation with 3 threads.
INFO: [Vivado 12-24828] Executing command : report_route_status -file crossbar_mac_route_status.rpt -pb crossbar_mac_route_status.pb
INFO: [Vivado 12-24828] Executing command : report_incremental_reuse -file crossbar_mac_incremental_reuse_routed.rpt
INFO: [Vivado_Tcl 4-1062] Incremental flow is disabled. No incremental reuse Info to report.
INFO: [Vivado 12-24828] Executing command : report_bus_skew -warn_on_violation -file crossbar_mac_bus_skew_routed.rpt -pb crossbar_mac_bus_skew_routed.pb -rpx crossbar_mac_bus_skew_routed.rpx
INFO: [Timing 38-91] UpdateTimingParams: Speed grade: -1, Delay Type: min_max.
INFO: [Timing 38-191] Multithreading enabled for timing update using a maximum of 8 CPUs
INFO: [Vivado 12-24828] Executing command : report_power -file crossbar_mac_power_routed.rpt -pb crossbar_mac_power_summary_routed.pb -rpx crossbar_mac_power_routed.rpx
Command: report_power -file crossbar_mac_power_routed.rpt -pb crossbar_mac_power_summary_routed.pb -rpx crossbar_mac_power_routed.rpx
Running Vector-less Activity Propagation...

Finished Running Vector-less Activity Propagation
107 Infos, 43 Warnings, 0 Critical Warnings and 0 Errors encountered.
report_power completed successfully
INFO: [Vivado 12-24828] Executing command : report_clock_utilization -file crossbar_mac_clock_utilization_routed.rpt
WARNING: [Device 21-9320] Failed to find the Oracle tile group with name 'HSR_BOUNDARY_TOP'. This is required for Clock regions and Virtual grid.
WARNING: [Device 21-2174] Failed to initialize Virtual grid.
INFO: [Timing 38-480] Writing timing data to binary archive.
Write ShapeDB Complete: Time (s): cpu = 00:00:00 ; elapsed = 00:00:00 . Memory (MB): peak = 3136.555 ; gain = 0.000 ; free physical = 2622 ; free virtual = 14812
Wrote PlaceDB: Time (s): cpu = 00:00:00.02 ; elapsed = 00:00:00 . Memory (MB): peak = 3136.555 ; gain = 0.000 ; free physical = 2622 ; free virtual = 14812
Wrote PulsedLatchDB: Time (s): cpu = 00:00:00 ; elapsed = 00:00:00 . Memory (MB): peak = 3136.555 ; gain = 0.000 ; free physical = 2622 ; free virtual = 14812
Writing XDEF routing.
Writing XDEF routing logical nets.
Writing XDEF routing special nets.
Wrote RouteStorage: Time (s): cpu = 00:00:00.02 ; elapsed = 00:00:00.01 . Memory (MB): peak = 3136.555 ; gain = 0.000 ; free physical = 2622 ; free virtual = 14812
Wrote Netlist Cache: Time (s): cpu = 00:00:00 ; elapsed = 00:00:00 . Memory (MB): peak = 3136.555 ; gain = 0.000 ; free physical = 2622 ; free virtual = 14812
Wrote Device Cache: Time (s): cpu = 00:00:00 ; elapsed = 00:00:00 . Memory (MB): peak = 3136.555 ; gain = 0.000 ; free physical = 2621 ; free virtual = 14812
Write Physdb Complete: Time (s): cpu = 00:00:00.05 ; elapsed = 00:00:00.02 . Memory (MB): peak = 3136.555 ; gain = 0.000 ; free physical = 2621 ; free virtual = 14812
INFO: [Common 17-1381] The checkpoint '/run/media/sackb/Windows-SSD/Users/sackb/OneDrive/Desktop/University/Course_Work/2025-2026/Spring_2026/ECE_410/ECE410/codefest/cf07/vivado/cf07.runs/impl_1/crossbar_mac_routed.dcp' has been generated.
INFO: [Common 17-206] Exiting Vivado at Mon May 18 11:28:47 2026...
[Mon May 18 11:28:58 2026] impl_1 finished
wait_on_runs: Time (s): cpu = 00:00:01 ; elapsed = 00:00:47 . Memory (MB): peak = 1378.770 ; gain = 0.000 ; free physical = 4601 ; free virtual = 16790
# if {[get_property PROGRESS [get_runs impl_1]] != "100%"} {
#     error "Implementation failed"
# }
# open_run impl_1
INFO: [Device 21-403] Loading part xc7a100tcsg324-1
INFO: [Device 21-9227] Part: xc7a100tcsg324-1 does not have CEAM library.
Netlist sorting complete. Time (s): cpu = 00:00:00 ; elapsed = 00:00:00 . Memory (MB): peak = 1729.746 ; gain = 0.000 ; free physical = 4270 ; free virtual = 16461
INFO: [Netlist 29-17] Analyzing 8 Unisim elements for replacement
INFO: [Netlist 29-28] Unisim Transformation completed in 0 CPU seconds
INFO: [Project 1-479] Netlist was created with Vivado 2024.1
INFO: [Project 1-570] Preparing netlist for logic optimization
Read ShapeDB Complete: Time (s): cpu = 00:00:00.01 ; elapsed = 00:00:00 . Memory (MB): peak = 1792.559 ; gain = 0.000 ; free physical = 4183 ; free virtual = 16372
INFO: [Timing 38-478] Restoring timing data from binary archive.
INFO: [Timing 38-479] Binary timing data restore complete.
INFO: [Project 1-856] Restoring constraints from binary archive.
INFO: [Project 1-853] Binary constraint restore complete.
INFO: [Designutils 20-5722] Start Reading Physical Databases.
Reading placement.
Read Netlist Cache: Time (s): cpu = 00:00:00 ; elapsed = 00:00:00 . Memory (MB): peak = 2419.746 ; gain = 0.000 ; free physical = 3651 ; free virtual = 15842
Reading placer database...
Read Device Cache: Time (s): cpu = 00:00:00.01 ; elapsed = 00:00:00 . Memory (MB): peak = 2419.746 ; gain = 0.000 ; free physical = 3651 ; free virtual = 15842
Read PlaceDB: Time (s): cpu = 00:00:00 ; elapsed = 00:00:00 . Memory (MB): peak = 2419.746 ; gain = 0.000 ; free physical = 3651 ; free virtual = 15842
Read PulsedLatchDB: Time (s): cpu = 00:00:00 ; elapsed = 00:00:00 . Memory (MB): peak = 2419.746 ; gain = 0.000 ; free physical = 3651 ; free virtual = 15842
Reading routing.
Read RouteStorage: Time (s): cpu = 00:00:00.01 ; elapsed = 00:00:00.01 . Memory (MB): peak = 2419.746 ; gain = 0.000 ; free physical = 3651 ; free virtual = 15842
Read Physdb Files: Time (s): cpu = 00:00:00.02 ; elapsed = 00:00:00.03 . Memory (MB): peak = 2419.746 ; gain = 0.000 ; free physical = 3651 ; free virtual = 15842
Restored from archive | CPU: 0.050000 secs | Memory: 1.320877 MB |
Finished XDEF File Restore: Time (s): cpu = 00:00:00.05 ; elapsed = 00:00:00.06 . Memory (MB): peak = 2419.746 ; gain = 7.938 ; free physical = 3651 ; free virtual = 15842
Netlist sorting complete. Time (s): cpu = 00:00:00 ; elapsed = 00:00:00 . Memory (MB): peak = 2419.746 ; gain = 0.000 ; free physical = 3651 ; free virtual = 15842
INFO: [Project 1-111] Unisim Transformation Summary:
No Unisim elements were transformed.

open_run: Time (s): cpu = 00:00:07 ; elapsed = 00:00:08 . Memory (MB): peak = 2419.746 ; gain = 1040.977 ; free physical = 3651 ; free virtual = 15842
# file mkdir $rpt_dir
# report_timing_summary \
#     -max_paths 10 \
#     -report_unconstrained \
#     -file $rpt_dir/timing_summary.rpt
INFO: [Timing 38-91] UpdateTimingParams: Speed grade: -1, Delay Type: min_max.
INFO: [Timing 38-191] Multithreading enabled for timing update using a maximum of 8 CPUs
WARNING: [Timing 38-242] The property HD.CLK_SRC of clock port "clk" is not set. In out-of-context mode, this prevents timing estimation for clock delay/skew
Resolution: Set the HD.CLK_SRC property of the out-of-context port to the location of the clock buffer instance in the top-level design
# report_utilization \
#     -file $rpt_dir/utilization.rpt
# report_methodology \
#     -file $rpt_dir/methodology.rpt
Command: report_methodology -file /run/media/sackb/Windows-SSD/Users/sackb/OneDrive/Desktop/University/Course_Work/2025-2026/Spring_2026/ECE_410/ECE410/codefest/cf07/synth/methodology.rpt
INFO: [Timing 38-35] Done setting XDC timing constraints.
INFO: [DRC 23-133] Running Methodology with 8 threads
INFO: [Vivado_Tcl 2-1520] The results of Report Methodology are in file /run/media/sackb/Windows-SSD/Users/sackb/OneDrive/Desktop/University/Course_Work/2025-2026/Spring_2026/ECE_410/ECE410/codefest/cf07/synth/methodology.rpt.
report_methodology completed successfully
# report_drc \
#     -file $rpt_dir/drc.rpt
Command: report_drc -file /run/media/sackb/Windows-SSD/Users/sackb/OneDrive/Desktop/University/Course_Work/2025-2026/Spring_2026/ECE_410/ECE410/codefest/cf07/synth/drc.rpt
INFO: [IP_Flow 19-234] Refreshing IP repositories
INFO: [IP_Flow 19-1704] No user IP repositories specified
INFO: [IP_Flow 19-2313] Loaded Vivado IP repository '/tools/Xilinx/Vivado/2024.1/data/ip'.
INFO: [DRC 23-27] Running DRC with 8 threads
INFO: [Vivado_Tcl 2-168] The results of DRC are in file /run/media/sackb/Windows-SSD/Users/sackb/OneDrive/Desktop/University/Course_Work/2025-2026/Spring_2026/ECE_410/ECE410/codefest/cf07/synth/drc.rpt.
report_drc completed successfully
# puts "Done. Reports written to $rpt_dir"
Done. Reports written to /run/media/sackb/Windows-SSD/Users/sackb/OneDrive/Desktop/University/Course_Work/2025-2026/Spring_2026/ECE_410/ECE410/codefest/cf07/synth
INFO: [Common 17-206] Exiting Vivado at Mon May 18 11:29:07 2026...
