#
# An unexpected error has occurred (6) Aborted
#
Stack:
/usr/lib/libc.so.6(+0x3e8f0) [0x7f7e6b83e8f0]
/usr/lib/libc.so.6(+0x9a29c) [0x7f7e6b89a29c]
/usr/lib/libc.so.6(gsignal+0x20) [0x7f7e6b83e7d0]
/usr/lib/libc.so.6(abort+0x26) [0x7f7e6b825681]
/tools/Xilinx/2025.2/Vivado/lib/lnx64.o/Default/libstdc++.so.6(+0x8ba13) [0x7f7e6c08ba13]
/tools/Xilinx/2025.2/Vivado/lib/lnx64.o/Default/libstdc++.so.6(+0x91b86) [0x7f7e6c091b86]
/tools/Xilinx/2025.2/Vivado/lib/lnx64.o/Default/libstdc++.so.6(+0x91bc1) [0x7f7e6c091bc1]
/tools/Xilinx/2025.2/Vivado/lib/lnx64.o/libxv_common.so(hdi::tcltasks::detail::collection_wrapper_base::~collection_wrapper_base()+0x27f) [0x7f7e76dff6f5]
/tools/Xilinx/2025.2/Vivado/lib/lnx64.o/libxv_common.so(+0x7118d5) [0x7f7e76f118d5]
/tools/Xilinx/2025.2/Vivado/lib/lnx64.o/libxv_common.so(hdi::tcltasks::detail::collection_wrapper_base::decr_ref() const+0x27) [0x7f7e76dfc7db]
/tools/Xilinx/2025.2/Vivado/lib/lnx64.o/libxv_tcltasks.so(+0x1109c78) [0x7f7e65909c78]
/tools/Xilinx/2025.2/Vivado/lib/lnx64.o/libxv_tcltasks.so(+0x1104212) [0x7f7e65904212]
/tools/Xilinx/2025.2/Vivado/lib/lnx64.o/libxv_tcltasks.so(+0x1104261) [0x7f7e65904261]
/tools/Xilinx/2025.2/Vivado/lib/lnx64.o/libboost_program_options.so.1.72.0(boost::program_options::option_description::~option_description()+0xd1) [0x7f7e77a4abe1]
/tools/Xilinx/2025.2/Vivado/lib/lnx64.o/libboost_program_options.so.1.72.0(boost::program_options::option_description::~option_description()+0x11) [0x7f7e77a4ac31]
/tools/Xilinx/2025.2/Vivado/lib/lnx64.o/libxv_common.so(boost::detail::sp_counted_impl_p<boost::program_options::option_description>::dispose()+0x13) [0x7f7e770f3d3b]
/tools/Xilinx/2025.2/Vivado/lib/lnx64.o/libxv_common.so(+0x42fc24) [0x7f7e76c2fc24]
/tools/Xilinx/2025.2/Vivado/lib/lnx64.o/libxv_common.so(hdi::tcltasks::options_description::~options_description()+0xe1) [0x7f7e771a9bb3]
/usr/lib/libc.so.6(+0x41101) [0x7f7e6b841101]
/usr/lib/libc.so.6(+0x411de) [0x7f7e6b8411de]
/usr/lib/libc.so.6(+0x27748) [0x7f7e6b827748]
/usr/lib/libc.so.6(__libc_start_main+0x89) [0x7f7e6b827879]
/tools/Xilinx/2025.2/Vivado/bin/unwrapped/lnx64.o/vivado() [0x4011fe]
