Time resolution is 1 ps
TB_A: Starting iteration 0
TB_A: Iteration 0 complete
TB_A: Starting iteration 1
TB_A: Iteration 1 complete
TB_A: Starting iteration 2
TB_A: Iteration 2 complete
TB_A: Starting iteration 3
TB_A: Iteration 3 complete
TB_A: Starting iteration 4
TB_A: Iteration 4 complete
TB_A: Starting iteration 5
TB_A: Iteration 5 complete
TB_A: Starting iteration 6
TB_A: Iteration 6 complete
TB_A: Starting iteration 7
TB_A: Iteration 7 complete
TB_A: Starting iteration 8
TB_A: Iteration 8 complete
TB_A: Starting iteration 9
TB_A: Iteration 9 complete
TB_A: Starting iteration 10
TB_A: Iteration 10 complete
TB_A: Starting iteration 11
TB_A: Iteration 11 complete
TB_A: Starting iteration 12
TB_A: Iteration 12 complete
TB_A: Starting iteration 13
TB_A: Iteration 13 complete
TB_A: Starting iteration 14
TB_A: Iteration 14 complete
TB_A: All 15 iterations complete
CHECKER summary: 135 elements passed, 0 failed
$finish called at time : 16825 ns : File "/run/media/sackb/Windows-SSD/Users/sackb/OneDrive/Desktop/University/Course_Work/2025-2026/Spring_2026/ECE_410/ECE410/project/new_hdl/tb/tb_option_a.sv" Line 180
