Copyright 1986-2022 Xilinx, Inc. All Rights Reserved. Copyright 2022-2024 Advanced Micro Devices, Inc. All Rights Reserved.
------------------------------------------------------------------------------------------------------------------------------------------------------------------------------------------------------------
| Tool Version : Vivado v.2024.1 (lin64) Build 5076996 Wed May 22 18:36:09 MDT 2024
| Date         : Mon May 25 23:49:13 2026
| Host         : archlinux running 64-bit unknown
| Command      : report_timing_summary -file /run/media/sackb/Windows-SSD/Users/sackb/OneDrive/Desktop/University/Course_Work/2025-2026/Spring_2026/ECE_410/ECE410/project/new_hdl/reports/ooc_a_timing.rpt
| Design       : accel_top_a
| Device       : 7a100t-csg324
| Speed File   : -1  PRODUCTION 1.23 2018-06-13
| Design State : Synthesized
------------------------------------------------------------------------------------------------------------------------------------------------------------------------------------------------------------

Timing Summary Report

------------------------------------------------------------------------------------------------
| Timer Settings
| --------------
------------------------------------------------------------------------------------------------

  Enable Multi Corner Analysis               :  Yes
  Enable Pessimism Removal                   :  Yes
  Pessimism Removal Resolution               :  Nearest Common Node
  Enable Input Delay Default Clock           :  No
  Enable Preset / Clear Arcs                 :  No
  Disable Flight Delays                      :  No
  Ignore I/O Paths                           :  No
  Timing Early Launch at Borrowing Latches   :  No
  Borrow Time for Max Delay Exceptions       :  Yes
  Merge Timing Exceptions                    :  Yes
  Inter-SLR Compensation                     :  Conservative

  Corner  Analyze    Analyze    
  Name    Max Paths  Min Paths  
  ------  ---------  ---------  
  Slow    Yes        Yes        
  Fast    Yes        Yes        


------------------------------------------------------------------------------------------------
| Report Methodology
| ------------------
------------------------------------------------------------------------------------------------

No report available as report_methodology has not been run prior. Run report_methodology on the current design for the summary of methodology violations.



check_timing report

Table of Contents
-----------------
1. checking no_clock (0)
2. checking constant_clock (0)
3. checking pulse_width_clock (0)
4. checking unconstrained_internal_endpoints (0)
5. checking no_input_delay (0)
6. checking no_output_delay (0)
7. checking multiple_clock (0)
8. checking generated_clocks (0)
9. checking loops (0)
10. checking partial_input_delay (0)
11. checking partial_output_delay (0)
12. checking latch_loops (0)

1. checking no_clock (0)
------------------------
 There are 0 register/latch pins with no clock.


2. checking constant_clock (0)
------------------------------
 There are 0 register/latch pins with constant_clock.


3. checking pulse_width_clock (0)
---------------------------------
 There are 0 register/latch pins which need pulse_width check


4. checking unconstrained_internal_endpoints (0)
------------------------------------------------
 There are 0 pins that are not constrained for maximum delay.

 There are 0 pins that are not constrained for maximum delay due to constant clock.


5. checking no_input_delay (0)
------------------------------
 There are 0 input ports with no input delay specified.

 There are 0 input ports with no input delay but user has a false path constraint.


6. checking no_output_delay (0)
-------------------------------
 There are 0 ports with no output delay specified.

 There are 0 ports with no output delay but user has a false path constraint

 There are 0 ports with no output delay but with a timing clock defined on it or propagating through it


7. checking multiple_clock (0)
------------------------------
 There are 0 register/latch pins with multiple clocks.


8. checking generated_clocks (0)
--------------------------------
 There are 0 generated clocks that are not connected to a clock source.


9. checking loops (0)
---------------------
 There are 0 combinational loops in the design.


10. checking partial_input_delay (0)
------------------------------------
 There are 0 input ports with partial input delay specified.


11. checking partial_output_delay (0)
-------------------------------------
 There are 0 ports with partial output delay specified.


12. checking latch_loops (0)
----------------------------
 There are 0 combinational latch loops in the design through latch input



------------------------------------------------------------------------------------------------
| Design Timing Summary
| ---------------------
------------------------------------------------------------------------------------------------

    WNS(ns)      TNS(ns)  TNS Failing Endpoints  TNS Total Endpoints      WHS(ns)      THS(ns)  THS Failing Endpoints  THS Total Endpoints     WPWS(ns)     TPWS(ns)  TPWS Failing Endpoints  TPWS Total Endpoints  
    -------      -------  ---------------------  -------------------      -------      -------  ---------------------  -------------------     --------     --------  ----------------------  --------------------  
    -34.644   -19121.137                    576                11053        0.256        0.000                      0                11053        4.500        0.000                       0                  3664  


Timing constraints are not met.


------------------------------------------------------------------------------------------------
| Clock Summary
| -------------
------------------------------------------------------------------------------------------------

Clock  Waveform(ns)       Period(ns)      Frequency(MHz)
-----  ------------       ----------      --------------
clk    {0.000 5.000}      10.000          100.000         


------------------------------------------------------------------------------------------------
| Intra Clock Table
| -----------------
------------------------------------------------------------------------------------------------

Clock             WNS(ns)      TNS(ns)  TNS Failing Endpoints  TNS Total Endpoints      WHS(ns)      THS(ns)  THS Failing Endpoints  THS Total Endpoints     WPWS(ns)     TPWS(ns)  TPWS Failing Endpoints  TPWS Total Endpoints  
-----             -------      -------  ---------------------  -------------------      -------      -------  ---------------------  -------------------     --------     --------  ----------------------  --------------------  
clk               -34.644   -19121.137                    576                 7389        0.256        0.000                      0                 7389        4.500        0.000                       0                  3664  


------------------------------------------------------------------------------------------------
| Inter Clock Table
| -----------------
------------------------------------------------------------------------------------------------

From Clock    To Clock          WNS(ns)      TNS(ns)  TNS Failing Endpoints  TNS Total Endpoints      WHS(ns)      THS(ns)  THS Failing Endpoints  THS Total Endpoints  
----------    --------          -------      -------  ---------------------  -------------------      -------      -------  ---------------------  -------------------  


------------------------------------------------------------------------------------------------
| Other Path Groups Table
| -----------------------
------------------------------------------------------------------------------------------------

Path Group         From Clock         To Clock               WNS(ns)      TNS(ns)  TNS Failing Endpoints  TNS Total Endpoints      WHS(ns)      THS(ns)  THS Failing Endpoints  THS Total Endpoints  
----------         ----------         --------               -------      -------  ---------------------  -------------------      -------      -------  ---------------------  -------------------  
**async_default**  clk                clk                      6.650        0.000                      0                 3664        0.762        0.000                      0                 3664  


------------------------------------------------------------------------------------------------
| Timing Details
| --------------
------------------------------------------------------------------------------------------------


---------------------------------------------------------------------------------------------------
From Clock:  clk
  To Clock:  clk

Setup :          576  Failing Endpoints,  Worst Slack      -34.644ns,  Total Violation   -19121.137ns
Hold  :            0  Failing Endpoints,  Worst Slack        0.256ns,  Total Violation        0.000ns
PW    :            0  Failing Endpoints,  Worst Slack        4.500ns,  Total Violation        0.000ns
---------------------------------------------------------------------------------------------------


Max Delay Paths
--------------------------------------------------------------------------------------
Slack (VIOLATED) :        -34.644ns  (required time - arrival time)
  Source:                 u_core/FSM_sequential_state_reg[0]/C
                            (rising edge-triggered cell FDCE clocked by clk  {rise@0.000ns fall@5.000ns period=10.000ns})
  Destination:            u_core/acc_reg[7][52]/D
                            (rising edge-triggered cell FDCE clocked by clk  {rise@0.000ns fall@5.000ns period=10.000ns})
  Path Group:             clk
  Path Type:              Setup (Max at Slow Process Corner)
  Requirement:            10.000ns  (clk rise@10.000ns - clk rise@0.000ns)
  Data Path Delay:        44.604ns  (logic 20.725ns (46.465%)  route 23.879ns (53.535%))
  Logic Levels:           70  (CARRY4=30 DSP48E1=3 LUT1=2 LUT2=3 LUT3=6 LUT4=6 LUT5=3 LUT6=17)
  Clock Path Skew:        -0.049ns (DCD - SCD + CPR)
    Destination Clock Delay (DCD):    0.924ns = ( 10.924 - 10.000 ) 
    Source Clock Delay      (SCD):    0.973ns
    Clock Pessimism Removal (CPR):    0.000ns
  Clock Uncertainty:      0.035ns  ((TSJ^2 + TIJ^2)^1/2 + DJ) / 2 + PE
    Total System Jitter     (TSJ):    0.071ns
    Total Input Jitter      (TIJ):    0.000ns
    Discrete Jitter          (DJ):    0.000ns
    Phase Error              (PE):    0.000ns

    Location             Delay type                Incr(ns)  Path(ns)    Netlist Resource(s)
  -------------------------------------------------------------------    -------------------
                         (clock clk rise edge)        0.000     0.000 r  
                                                      0.000     0.000 r  clk (IN)
                         net (fo=3663, unset)         0.973     0.973    u_core/clk
                         FDCE                                         r  u_core/FSM_sequential_state_reg[0]/C
  -------------------------------------------------------------------    -------------------
                         FDCE (Prop_fdce_C_Q)         0.478     1.451 f  u_core/FSM_sequential_state_reg[0]/Q
                         net (fo=10, unplaced)        0.806     2.257    u_core/gen_row[2].gen_col[2].u_mul/product__1_1[0]
                         LUT3 (Prop_lut3_I0_O)        0.295     2.552 f  u_core/gen_row[2].gen_col[2].u_mul/product_i_21__0/O
                         net (fo=107, unplaced)       0.550     3.102    u_core/gen_row[2].gen_col[0].u_mul/state_reg[0]
                         LUT2 (Prop_lut2_I1_O)        0.124     3.226 f  u_core/gen_row[2].gen_col[0].u_mul/product_i_41__0/O
                         net (fo=99, unplaced)        0.548     3.774    u_core/gen_row[0].gen_col[1].u_mul/product__3_2
                         LUT4 (Prop_lut4_I3_O)        0.124     3.898 r  u_core/gen_row[0].gen_col[1].u_mul/product_i_41/O
                         net (fo=80, unplaced)        0.826     4.724    u_core/gen_row[2].gen_col[1].u_mul/product__1_0
                         LUT6 (Prop_lut6_I0_O)        0.124     4.848 r  u_core/gen_row[2].gen_col[1].u_mul/norm_exp0__0_carry__0_i_14/O
                         net (fo=13, unplaced)        0.782     5.630    u_core/gen_row[2].gen_col[1].u_mul/B_reg_reg[1][56]
                         LUT4 (Prop_lut4_I1_O)        0.124     5.754 r  u_core/gen_row[2].gen_col[1].u_mul/product_i_21__1/O
                         net (fo=1, unplaced)         0.449     6.203    u_core/gen_row[2].gen_col[1].u_mul/product_i_21__1_n_0
                         LUT5 (Prop_lut5_I4_O)        0.124     6.327 f  u_core/gen_row[2].gen_col[1].u_mul/product_i_19__0/O
                         net (fo=7, unplaced)         0.484     6.811    u_core/gen_row[2].gen_col[1].u_mul/B_reg_reg[1][52]_0
                         LUT1 (Prop_lut1_I0_O)        0.124     6.935 r  u_core/gen_row[2].gen_col[1].u_mul/product_i_18/O
                         net (fo=3, unplaced)         0.803     7.738    u_core/gen_row[2].gen_col[1].u_mul/b_man[52]
                         DSP48E1 (Prop_dsp48e1_A[18]_PCOUT[47])
                                                      4.036    11.774 r  u_core/gen_row[2].gen_col[1].u_mul/product__2/PCOUT[47]
                         net (fo=1, unplaced)         0.000    11.774    u_core/gen_row[2].gen_col[1].u_mul/product__2_n_106
                         DSP48E1 (Prop_dsp48e1_PCIN[47]_PCOUT[47])
                                                      1.713    13.487 r  u_core/gen_row[2].gen_col[1].u_mul/product__3/PCOUT[47]
                         net (fo=1, unplaced)         0.000    13.487    u_core/gen_row[2].gen_col[1].u_mul/product__3_n_106
                         DSP48E1 (Prop_dsp48e1_PCIN[47]_P[18])
                                                      1.518    15.005 r  u_core/gen_row[2].gen_col[1].u_mul/product__4/P[18]
                         net (fo=3, unplaced)         0.803    15.808    u_core/gen_row[2].gen_col[1].u_mul/p_2_in[52]
                         LUT3 (Prop_lut3_I2_O)        0.119    15.927 r  u_core/gen_row[2].gen_col[1].u_mul/i___1_carry__4_i_4/O
                         net (fo=2, unplaced)         0.459    16.386    u_core/gen_row[2].gen_col[1].u_mul/i___1_carry__4_i_4_n_0
                         LUT4 (Prop_lut4_I3_O)        0.355    16.741 r  u_core/gen_row[2].gen_col[1].u_mul/i___1_carry__4_i_8/O
                         net (fo=1, unplaced)         0.000    16.741    u_core/gen_row[2].gen_col[1].u_mul/i___1_carry__4_i_8_n_0
                         CARRY4 (Prop_carry4_S[0]_CO[3])
                                                      0.513    17.254 r  u_core/gen_row[2].gen_col[1].u_mul/product_inferred__1/i___1_carry__4/CO[3]
                         net (fo=1, unplaced)         0.000    17.254    u_core/gen_row[2].gen_col[1].u_mul/product_inferred__1/i___1_carry__4_n_0
                         CARRY4 (Prop_carry4_CI_CO[3])
                                                      0.117    17.371 r  u_core/gen_row[2].gen_col[1].u_mul/product_inferred__1/i___1_carry__5/CO[3]
                         net (fo=1, unplaced)         0.000    17.371    u_core/gen_row[2].gen_col[1].u_mul/product_inferred__1/i___1_carry__5_n_0
                         CARRY4 (Prop_carry4_CI_CO[3])
                                                      0.117    17.488 r  u_core/gen_row[2].gen_col[1].u_mul/product_inferred__1/i___1_carry__6/CO[3]
                         net (fo=1, unplaced)         0.000    17.488    u_core/gen_row[2].gen_col[1].u_mul/product_inferred__1/i___1_carry__6_n_0
                         CARRY4 (Prop_carry4_CI_CO[3])
                                                      0.117    17.605 r  u_core/gen_row[2].gen_col[1].u_mul/product_inferred__1/i___1_carry__7/CO[3]
                         net (fo=1, unplaced)         0.000    17.605    u_core/gen_row[2].gen_col[1].u_mul/product_inferred__1/i___1_carry__7_n_0
                         CARRY4 (Prop_carry4_CI_CO[3])
                                                      0.117    17.722 r  u_core/gen_row[2].gen_col[1].u_mul/product_inferred__1/i___1_carry__8/CO[3]
                         net (fo=1, unplaced)         0.000    17.722    u_core/gen_row[2].gen_col[1].u_mul/product_inferred__1/i___1_carry__8_n_0
                         CARRY4 (Prop_carry4_CI_CO[3])
                                                      0.117    17.839 r  u_core/gen_row[2].gen_col[1].u_mul/product_inferred__1/i___1_carry__9/CO[3]
                         net (fo=1, unplaced)         0.000    17.839    u_core/gen_row[2].gen_col[1].u_mul/product_inferred__1/i___1_carry__9_n_0
                         CARRY4 (Prop_carry4_CI_CO[3])
                                                      0.117    17.956 r  u_core/gen_row[2].gen_col[1].u_mul/product_inferred__1/i___1_carry__10/CO[3]
                         net (fo=1, unplaced)         0.000    17.956    u_core/gen_row[2].gen_col[1].u_mul/product_inferred__1/i___1_carry__10_n_0
                         CARRY4 (Prop_carry4_CI_CO[3])
                                                      0.117    18.073 r  u_core/gen_row[2].gen_col[1].u_mul/product_inferred__1/i___1_carry__11/CO[3]
                         net (fo=1, unplaced)         0.000    18.073    u_core/gen_row[2].gen_col[1].u_mul/product_inferred__1/i___1_carry__11_n_0
                         CARRY4 (Prop_carry4_CI_CO[3])
                                                      0.117    18.190 r  u_core/gen_row[2].gen_col[1].u_mul/product_inferred__1/i___1_carry__12/CO[3]
                         net (fo=1, unplaced)         0.000    18.190    u_core/gen_row[2].gen_col[1].u_mul/product_inferred__1/i___1_carry__12_n_0
                         CARRY4 (Prop_carry4_CI_CO[3])
                                                      0.117    18.307 r  u_core/gen_row[2].gen_col[1].u_mul/product_inferred__1/i___1_carry__13/CO[3]
                         net (fo=1, unplaced)         0.000    18.307    u_core/gen_row[2].gen_col[1].u_mul/product_inferred__1/i___1_carry__13_n_0
                         CARRY4 (Prop_carry4_CI_CO[3])
                                                      0.117    18.424 r  u_core/gen_row[2].gen_col[1].u_mul/product_inferred__1/i___1_carry__14/CO[3]
                         net (fo=1, unplaced)         0.000    18.424    u_core/gen_row[2].gen_col[1].u_mul/product_inferred__1/i___1_carry__14_n_0
                         CARRY4 (Prop_carry4_CI_CO[3])
                                                      0.117    18.541 r  u_core/gen_row[2].gen_col[1].u_mul/product_inferred__1/i___1_carry__15/CO[3]
                         net (fo=1, unplaced)         0.000    18.541    u_core/gen_row[2].gen_col[1].u_mul/product_inferred__1/i___1_carry__15_n_0
                         CARRY4 (Prop_carry4_CI_CO[3])
                                                      0.117    18.658 r  u_core/gen_row[2].gen_col[1].u_mul/product_inferred__1/i___1_carry__16/CO[3]
                         net (fo=1, unplaced)         0.000    18.658    u_core/gen_row[2].gen_col[1].u_mul/product_inferred__1/i___1_carry__16_n_0
                         CARRY4 (Prop_carry4_CI_O[0])
                                                      0.232    18.890 f  u_core/gen_row[2].gen_col[1].u_mul/product_inferred__1/i___1_carry__17/O[0]
                         net (fo=97, unplaced)        0.410    19.300    u_core/gen_row[2].gen_col[1].u_mul/p_0_in
                         LUT3 (Prop_lut3_I1_O)        0.295    19.595 r  u_core/gen_row[2].gen_col[1].u_mul/norm_exp0__0_carry_i_3/O
                         net (fo=2, unplaced)         0.460    20.055    u_core/gen_row[2].gen_col[1].u_mul/norm_exp0__0_carry_i_3_n_0
                         LUT4 (Prop_lut4_I0_O)        0.124    20.179 r  u_core/gen_row[2].gen_col[1].u_mul/norm_exp0__0_carry_i_6/O
                         net (fo=1, unplaced)         0.000    20.179    u_core/gen_row[2].gen_col[1].u_mul/norm_exp0__0_carry_i_6_n_0
                         CARRY4 (Prop_carry4_S[1]_CO[3])
                                                      0.533    20.712 r  u_core/gen_row[2].gen_col[1].u_mul/norm_exp0__0_carry/CO[3]
                         net (fo=1, unplaced)         0.000    20.712    u_core/gen_row[2].gen_col[1].u_mul/norm_exp0__0_carry_n_0
                         CARRY4 (Prop_carry4_CI_CO[3])
                                                      0.117    20.829 r  u_core/gen_row[2].gen_col[1].u_mul/norm_exp0__0_carry__0/CO[3]
                         net (fo=1, unplaced)         0.000    20.829    u_core/gen_row[2].gen_col[1].u_mul/norm_exp0__0_carry__0_n_0
                         CARRY4 (Prop_carry4_CI_O[1])
                                                      0.337    21.166 f  u_core/gen_row[2].gen_col[1].u_mul/norm_exp0__0_carry__1/O[1]
                         net (fo=11, unplaced)        0.657    21.823    u_core/gen_row[2].gen_col[1].u_mul/norm_exp[9]
                         LUT3 (Prop_lut3_I0_O)        0.306    22.129 f  u_core/gen_row[2].gen_col[1].u_mul/acc[7][62]_i_35/O
                         net (fo=1, unplaced)         0.449    22.578    u_core/gen_row[2].gen_col[1].u_mul/acc[7][62]_i_35_n_0
                         LUT6 (Prop_lut6_I5_O)        0.124    22.702 f  u_core/gen_row[2].gen_col[1].u_mul/acc[7][62]_i_12/O
                         net (fo=88, unplaced)        0.515    23.217    u_core/gen_row[2].gen_col[1].u_mul/acc[7][62]_i_12_n_0
                         LUT6 (Prop_lut6_I5_O)        0.124    23.341 r  u_core/gen_row[2].gen_col[1].u_mul/acc[7][0]_i_7/O
                         net (fo=6, unplaced)         0.481    23.822    u_core/gen_row[2].gen_col[1].u_mul/mul_out[2][1]_10[0]
                         LUT4 (Prop_lut4_I2_O)        0.116    23.938 r  u_core/gen_row[2].gen_col[1].u_mul/acc[7][63]_i_109/O
                         net (fo=1, unplaced)         0.000    23.938    u_core/gen_row[2].gen_col[1].u_mul/acc[7][63]_i_109_n_0
                         CARRY4 (Prop_carry4_DI[0]_CO[3])
                                                      0.576    24.514 r  u_core/gen_row[2].gen_col[1].u_mul/acc_reg[7][63]_i_97/CO[3]
                         net (fo=1, unplaced)         0.000    24.514    u_core/gen_row[2].gen_col[1].u_mul/acc_reg[7][63]_i_97_n_0
                         CARRY4 (Prop_carry4_CI_CO[3])
                                                      0.117    24.631 r  u_core/gen_row[2].gen_col[1].u_mul/acc_reg[7][63]_i_88/CO[3]
                         net (fo=1, unplaced)         0.000    24.631    u_core/gen_row[2].gen_col[1].u_mul/acc_reg[7][63]_i_88_n_0
                         CARRY4 (Prop_carry4_CI_CO[3])
                                                      0.117    24.748 r  u_core/gen_row[2].gen_col[1].u_mul/acc_reg[7][63]_i_79/CO[3]
                         net (fo=1, unplaced)         0.000    24.748    u_core/gen_row[2].gen_col[1].u_mul/acc_reg[7][63]_i_79_n_0
                         CARRY4 (Prop_carry4_CI_CO[3])
                                                      0.117    24.865 r  u_core/gen_row[2].gen_col[1].u_mul/acc_reg[7][63]_i_70/CO[3]
                         net (fo=1, unplaced)         0.000    24.865    u_core/gen_row[2].gen_col[1].u_mul/acc_reg[7][63]_i_70_n_0
                         CARRY4 (Prop_carry4_CI_CO[3])
                                                      0.117    24.982 r  u_core/gen_row[2].gen_col[1].u_mul/acc_reg[7][63]_i_61/CO[3]
                         net (fo=1, unplaced)         0.000    24.982    u_core/gen_row[2].gen_col[1].u_mul/acc_reg[7][63]_i_61_n_0
                         CARRY4 (Prop_carry4_CI_CO[3])
                                                      0.117    25.099 r  u_core/gen_row[2].gen_col[1].u_mul/acc_reg[7][63]_i_33/CO[3]
                         net (fo=1, unplaced)         0.000    25.099    u_core/gen_row[2].gen_col[1].u_mul/acc_reg[7][63]_i_33_n_0
                         CARRY4 (Prop_carry4_CI_CO[1])
                                                      0.179    25.278 f  u_core/gen_row[2].gen_col[1].u_mul/acc_reg[7][63]_i_14/CO[1]
                         net (fo=1, unplaced)         0.312    25.590    u_core/gen_row[2].gen_col[1].u_mul/acc_reg[7][63]_i_14_n_2
                         LUT3 (Prop_lut3_I2_O)        0.332    25.922 r  u_core/gen_row[2].gen_col[1].u_mul/acc[7][63]_i_7/O
                         net (fo=188, unplaced)       0.564    26.486    u_core/gen_row[2].gen_col[1].u_mul/acc[7][63]_i_7_n_0
                         LUT6 (Prop_lut6_I1_O)        0.124    26.610 f  u_core/gen_row[2].gen_col[1].u_mul/acc[7][55]_i_9/O
                         net (fo=10, unplaced)        0.492    27.102    u_core/gen_row[2].gen_col[1].u_mul/acc[7][55]_i_9_n_0
                         LUT1 (Prop_lut1_I0_O)        0.119    27.221 r  u_core/gen_row[2].gen_col[1].u_mul/acc[7][62]_i_183/O
                         net (fo=1, unplaced)         0.000    27.221    u_core/gen_row[2].gen_col[1].u_mul/acc[7][62]_i_183_n_0
                         CARRY4 (Prop_carry4_DI[3]_CO[3])
                                                      0.429    27.650 r  u_core/gen_row[2].gen_col[1].u_mul/acc_reg[7][62]_i_178/CO[3]
                         net (fo=1, unplaced)         0.000    27.650    u_core/gen_row[2].gen_col[1].u_mul/acc_reg[7][62]_i_178_n_0
                         CARRY4 (Prop_carry4_CI_O[3])
                                                      0.331    27.981 f  u_core/gen_row[2].gen_col[1].u_mul/acc_reg[7][62]_i_191/O[3]
                         net (fo=1, unplaced)         0.968    28.949    u_core/gen_row[2].gen_col[1].u_mul/gen_row[2].gen_col[1].u_add/sum_raw5[7]
                         LUT6 (Prop_lut6_I0_O)        0.307    29.256 f  u_core/gen_row[2].gen_col[1].u_mul/acc[7][62]_i_179/O
                         net (fo=6, unplaced)         0.481    29.737    u_core/gen_row[2].gen_col[1].u_mul/acc[7][62]_i_179_n_0
                         LUT2 (Prop_lut2_I1_O)        0.124    29.861 r  u_core/gen_row[2].gen_col[1].u_mul/acc[7][62]_i_194/O
                         net (fo=86, unplaced)        0.545    30.406    u_core/gen_row[2].gen_col[1].u_mul/acc[7][62]_i_194_n_0
                         LUT6 (Prop_lut6_I2_O)        0.124    30.530 r  u_core/gen_row[2].gen_col[1].u_mul/acc[7][15]_i_39/O
                         net (fo=1, unplaced)         0.449    30.979    u_core/gen_row[2].gen_col[1].u_mul/acc[7][15]_i_39_n_0
                         LUT6 (Prop_lut6_I0_O)        0.124    31.103 r  u_core/gen_row[2].gen_col[1].u_mul/acc[7][15]_i_36/O
                         net (fo=3, unplaced)         0.467    31.570    u_core/gen_row[2].gen_col[1].u_mul/acc[7][15]_i_36_n_0
                         LUT5 (Prop_lut5_I4_O)        0.124    31.694 r  u_core/gen_row[2].gen_col[1].u_mul/acc[7][7]_i_35/O
                         net (fo=3, unplaced)         0.750    32.444    u_core/gen_row[2].gen_col[1].u_mul/acc[7][7]_i_35_n_0
                         LUT6 (Prop_lut6_I1_O)        0.124    32.568 r  u_core/gen_row[2].gen_col[1].u_mul/acc[7][3]_i_22/O
                         net (fo=3, unplaced)         0.467    33.035    u_core/gen_row[2].gen_col[1].u_mul/acc[7][3]_i_22_n_0
                         LUT5 (Prop_lut5_I4_O)        0.124    33.159 r  u_core/gen_row[2].gen_col[1].u_mul/acc[7][3]_i_19/O
                         net (fo=1, unplaced)         0.665    33.824    u_core/gen_row[2].gen_col[1].u_mul/acc[7][3]_i_19_n_0
                         CARRY4 (Prop_carry4_S[0]_CO[3])
                                                      0.637    34.461 r  u_core/gen_row[2].gen_col[1].u_mul/acc_reg[7][3]_i_9/CO[3]
                         net (fo=1, unplaced)         0.000    34.461    u_core/gen_row[2].gen_col[1].u_mul/acc_reg[7][3]_i_9_n_0
                         CARRY4 (Prop_carry4_CI_CO[3])
                                                      0.117    34.578 r  u_core/gen_row[2].gen_col[1].u_mul/acc_reg[7][7]_i_9/CO[3]
                         net (fo=1, unplaced)         0.000    34.578    u_core/gen_row[2].gen_col[1].u_mul/acc_reg[7][7]_i_9_n_0
                         CARRY4 (Prop_carry4_CI_O[1])
                                                      0.337    34.915 f  u_core/gen_row[2].gen_col[1].u_mul/acc_reg[7][11]_i_9/O[1]
                         net (fo=13, unplaced)        0.661    35.576    u_core/gen_row[2].gen_col[1].u_mul/acc_reg[7][11]_i_9_n_6
                         LUT6 (Prop_lut6_I2_O)        0.306    35.882 f  u_core/gen_row[2].gen_col[1].u_mul/acc[7][1]_i_22/O
                         net (fo=1, unplaced)         0.964    36.846    u_core/gen_row[2].gen_col[1].u_mul/acc[7][1]_i_22_n_0
                         LUT6 (Prop_lut6_I1_O)        0.124    36.970 f  u_core/gen_row[2].gen_col[1].u_mul/acc[7][1]_i_19/O
                         net (fo=1, unplaced)         0.964    37.934    u_core/gen_row[2].gen_col[1].u_mul/acc[7][1]_i_19_n_0
                         LUT6 (Prop_lut6_I0_O)        0.124    38.058 r  u_core/gen_row[2].gen_col[1].u_mul/acc[7][1]_i_14/O
                         net (fo=1, unplaced)         0.665    38.723    u_core/gen_row[2].gen_col[1].u_mul/acc[7][1]_i_14_n_0
                         LUT6 (Prop_lut6_I2_O)        0.124    38.847 f  u_core/gen_row[2].gen_col[1].u_mul/acc[7][1]_i_11/O
                         net (fo=1, unplaced)         0.941    39.788    u_core/gen_row[2].gen_col[1].u_mul/acc[7][1]_i_11_n_0
                         LUT6 (Prop_lut6_I3_O)        0.124    39.912 r  u_core/gen_row[2].gen_col[1].u_mul/acc[7][1]_i_9/O
                         net (fo=54, unplaced)        0.533    40.445    u_core/gen_row[2].gen_col[1].u_mul/acc[7][1]_i_9_n_0
                         LUT4 (Prop_lut4_I3_O)        0.124    40.569 r  u_core/gen_row[2].gen_col[1].u_mul/acc[7][53]_i_13/O
                         net (fo=1, unplaced)         0.000    40.569    u_core/gen_row[2].gen_col[1].u_mul/acc[7][53]_i_13_n_0
                         CARRY4 (Prop_carry4_S[1]_O[2])
                                                      0.578    41.147 r  u_core/gen_row[2].gen_col[1].u_mul/acc_reg[7][53]_i_6/O[2]
                         net (fo=1, unplaced)         0.452    41.599    u_core/gen_row[2].gen_col[1].u_mul/gen_row[2].gen_col[1].u_add/res_exp0[2]
                         LUT6 (Prop_lut6_I3_O)        0.301    41.900 f  u_core/gen_row[2].gen_col[1].u_mul/acc[7][54]_i_6/O
                         net (fo=5, unplaced)         0.760    42.660    u_core/gen_row[2].gen_col[1].u_mul/acc[7][54]_i_6_n_0
                         LUT3 (Prop_lut3_I0_O)        0.124    42.784 f  u_core/gen_row[2].gen_col[1].u_mul/acc[7][58]_i_9/O
                         net (fo=1, unplaced)         0.732    43.516    u_core/gen_row[2].gen_col[1].u_mul/acc[7][58]_i_9_n_0
                         LUT6 (Prop_lut6_I3_O)        0.124    43.640 f  u_core/gen_row[2].gen_col[1].u_mul/acc[7][58]_i_8/O
                         net (fo=6, unplaced)         0.697    44.337    u_core/gen_row[2].gen_col[1].u_mul/acc[7][58]_i_8_n_0
                         LUT6 (Prop_lut6_I3_O)        0.124    44.461 f  u_core/gen_row[2].gen_col[1].u_mul/acc[7][52]_i_4/O
                         net (fo=1, unplaced)         0.419    44.880    u_core/gen_row[2].gen_col[1].u_mul/acc[7][52]_i_4_n_0
                         LUT6 (Prop_lut6_I3_O)        0.124    45.004 r  u_core/gen_row[2].gen_col[1].u_mul/acc[7][52]_i_2/O
                         net (fo=1, unplaced)         0.449    45.453    u_core/gen_row[2].gen_col[1].u_mul/add_out[2][1]_9[52]
                         LUT2 (Prop_lut2_I0_O)        0.124    45.577 r  u_core/gen_row[2].gen_col[1].u_mul/acc[7][52]_i_1/O
                         net (fo=1, unplaced)         0.000    45.577    u_core/gen_row[2].gen_col[1].u_mul_n_29
                         FDCE                                         r  u_core/acc_reg[7][52]/D
  -------------------------------------------------------------------    -------------------

                         (clock clk rise edge)       10.000    10.000 r  
                                                      0.000    10.000 r  clk (IN)
                         net (fo=3663, unset)         0.924    10.924    u_core/clk
                         FDCE                                         r  u_core/acc_reg[7][52]/C
                         clock pessimism              0.000    10.924    
                         clock uncertainty           -0.035    10.889    
                         FDCE (Setup_fdce_C_D)        0.044    10.933    u_core/acc_reg[7][52]
  -------------------------------------------------------------------
                         required time                         10.933    
                         arrival time                         -45.577    
  -------------------------------------------------------------------
                         slack                                -34.644    





Min Delay Paths
--------------------------------------------------------------------------------------
Slack (MET) :             0.256ns  (arrival time - required time)
  Source:                 u_slave/s_bvalid_reg/C
                            (rising edge-triggered cell FDCE clocked by clk  {rise@0.000ns fall@5.000ns period=10.000ns})
  Destination:            u_slave/s_bvalid_reg/D
                            (rising edge-triggered cell FDCE clocked by clk  {rise@0.000ns fall@5.000ns period=10.000ns})
  Path Group:             clk
  Path Type:              Hold (Min at Fast Process Corner)
  Requirement:            0.000ns  (clk rise@0.000ns - clk rise@0.000ns)
  Data Path Delay:        0.376ns  (logic 0.245ns (65.144%)  route 0.131ns (34.856%))
  Logic Levels:           1  (LUT4=1)
  Clock Path Skew:        0.022ns (DCD - SCD - CPR)
    Destination Clock Delay (DCD):    0.432ns
    Source Clock Delay      (SCD):    0.410ns
    Clock Pessimism Removal (CPR):    -0.000ns

    Location             Delay type                Incr(ns)  Path(ns)    Netlist Resource(s)
  -------------------------------------------------------------------    -------------------
                         (clock clk rise edge)        0.000     0.000 r  
                                                      0.000     0.000 r  clk (IN)
                         net (fo=3663, unset)         0.410     0.410    u_slave/clk
                         FDCE                                         r  u_slave/s_bvalid_reg/C
  -------------------------------------------------------------------    -------------------
                         FDCE (Prop_fdce_C_Q)         0.147     0.557 r  u_slave/s_bvalid_reg/Q
                         net (fo=1, unplaced)         0.131     0.688    u_slave/s_bvalid
                         LUT4 (Prop_lut4_I3_O)        0.098     0.786 r  u_slave/s_bvalid_i_1/O
                         net (fo=1, unplaced)         0.000     0.786    u_slave/s_bvalid_i_1_n_0
                         FDCE                                         r  u_slave/s_bvalid_reg/D
  -------------------------------------------------------------------    -------------------

                         (clock clk rise edge)        0.000     0.000 r  
                                                      0.000     0.000 r  clk (IN)
                         net (fo=3663, unset)         0.432     0.432    u_slave/clk
                         FDCE                                         r  u_slave/s_bvalid_reg/C
                         clock pessimism              0.000     0.432    
                         FDCE (Hold_fdce_C_D)         0.099     0.531    u_slave/s_bvalid_reg
  -------------------------------------------------------------------
                         required time                         -0.531    
                         arrival time                           0.786    
  -------------------------------------------------------------------
                         slack                                  0.256    





Pulse Width Checks
--------------------------------------------------------------------------------------
Clock Name:         clk
Waveform(ns):       { 0.000 5.000 }
Period(ns):         10.000
Sources:            { clk }

Check Type        Corner  Lib Pin  Reference Pin  Required(ns)  Actual(ns)  Slack(ns)  Location  Pin
Min Period        n/a     FDCE/C   n/a            1.000         10.000      9.000                u_core/A_reg_reg[0][0]/C
Low Pulse Width   Slow    FDCE/C   n/a            0.500         5.000       4.500                u_core/A_reg_reg[0][0]/C
High Pulse Width  Slow    FDCE/C   n/a            0.500         5.000       4.500                u_core/A_reg_reg[0][0]/C



---------------------------------------------------------------------------------------------------
Path Group:  **async_default**
From Clock:  clk
  To Clock:  clk

Setup :            0  Failing Endpoints,  Worst Slack        6.650ns,  Total Violation        0.000ns
Hold  :            0  Failing Endpoints,  Worst Slack        0.762ns,  Total Violation        0.000ns
---------------------------------------------------------------------------------------------------


Max Delay Paths
--------------------------------------------------------------------------------------
Slack (MET) :             6.650ns  (required time - arrival time)
  Source:                 rst_n
                            (input port clocked by clk  {rise@0.000ns fall@5.000ns period=10.000ns})
  Destination:            u_slave/s_arready_reg/PRE
                            (recovery check against rising-edge clock clk  {rise@0.000ns fall@5.000ns period=10.000ns})
  Path Group:             **async_default**
  Path Type:              Recovery (Max at Slow Process Corner)
  Requirement:            10.000ns  (clk rise@10.000ns - clk rise@0.000ns)
  Data Path Delay:        1.845ns  (logic 0.124ns (6.721%)  route 1.721ns (93.279%))
  Logic Levels:           1  (LUT1=1)
  Input Delay:            2.000ns
  Clock Path Skew:        0.924ns (DCD - SCD + CPR)
    Destination Clock Delay (DCD):    0.924ns = ( 10.924 - 10.000 ) 
    Source Clock Delay      (SCD):    0.000ns
    Clock Pessimism Removal (CPR):    0.000ns
  Clock Uncertainty:      0.035ns  ((TSJ^2 + TIJ^2)^1/2 + DJ) / 2 + PE
    Total System Jitter     (TSJ):    0.071ns
    Total Input Jitter      (TIJ):    0.000ns
    Discrete Jitter          (DJ):    0.000ns
    Phase Error              (PE):    0.000ns

    Location             Delay type                Incr(ns)  Path(ns)    Netlist Resource(s)
  -------------------------------------------------------------------    -------------------
                         (clock clk rise edge)        0.000     0.000 r  
                         input delay                  2.000     2.000    
                                                      0.000     2.000 r  rst_n (IN)
                         net (fo=1, unset)            0.973     2.973    u_slave/rst_n
                         LUT1 (Prop_lut1_I0_O)        0.124     3.097 f  u_slave/s_awready_i_2/O
                         net (fo=1357, unplaced)      0.748     3.845    u_slave/s_awready_i_2_n_0
                         FDPE                                         f  u_slave/s_arready_reg/PRE
  -------------------------------------------------------------------    -------------------

                         (clock clk rise edge)       10.000    10.000 r  
                                                      0.000    10.000 r  clk (IN)
                         net (fo=3663, unset)         0.924    10.924    u_slave/clk
                         FDPE                                         r  u_slave/s_arready_reg/C
                         clock pessimism              0.000    10.924    
                         clock uncertainty           -0.035    10.889    
                         FDPE (Recov_fdpe_C_PRE)     -0.394    10.495    u_slave/s_arready_reg
  -------------------------------------------------------------------
                         required time                         10.495    
                         arrival time                          -3.845    
  -------------------------------------------------------------------
                         slack                                  6.650    





Min Delay Paths
--------------------------------------------------------------------------------------
Slack (MET) :             0.762ns  (arrival time - required time)
  Source:                 u_slave/reg_ctrl_reg[1]/C
                            (rising edge-triggered cell FDCE clocked by clk  {rise@0.000ns fall@5.000ns period=10.000ns})
  Destination:            u_core/A_reg_reg[0][0]/CLR
                            (removal check against rising-edge clock clk  {rise@0.000ns fall@5.000ns period=10.000ns})
  Path Group:             **async_default**
  Path Type:              Removal (Min at Fast Process Corner)
  Requirement:            0.000ns  (clk rise@0.000ns - clk rise@0.000ns)
  Data Path Delay:        0.696ns  (logic 0.245ns (35.200%)  route 0.451ns (64.800%))
  Logic Levels:           1  (LUT2=1)
  Clock Path Skew:        0.022ns (DCD - SCD - CPR)
    Destination Clock Delay (DCD):    0.432ns
    Source Clock Delay      (SCD):    0.410ns
    Clock Pessimism Removal (CPR):    -0.000ns

    Location             Delay type                Incr(ns)  Path(ns)    Netlist Resource(s)
  -------------------------------------------------------------------    -------------------
                         (clock clk rise edge)        0.000     0.000 r  
                                                      0.000     0.000 r  clk (IN)
                         net (fo=3663, unset)         0.410     0.410    u_slave/clk
                         FDCE                                         r  u_slave/reg_ctrl_reg[1]/C
  -------------------------------------------------------------------    -------------------
                         FDCE (Prop_fdce_C_Q)         0.147     0.557 f  u_slave/reg_ctrl_reg[1]/Q
                         net (fo=2, unplaced)         0.136     0.693    u_slave/p_0_in
                         LUT2 (Prop_lut2_I1_O)        0.098     0.791 f  u_slave/FSM_sequential_state[2]_i_3/O
                         net (fo=2307, unplaced)      0.315     1.106    u_core/FSM_sequential_state_reg[2]_0
                         FDCE                                         f  u_core/A_reg_reg[0][0]/CLR
  -------------------------------------------------------------------    -------------------

                         (clock clk rise edge)        0.000     0.000 r  
                                                      0.000     0.000 r  clk (IN)
                         net (fo=3663, unset)         0.432     0.432    u_core/clk
                         FDCE                                         r  u_core/A_reg_reg[0][0]/C
                         clock pessimism              0.000     0.432    
                         FDCE (Remov_fdce_C_CLR)     -0.088     0.344    u_core/A_reg_reg[0][0]
  -------------------------------------------------------------------
                         required time                         -0.344    
                         arrival time                           1.106    
  -------------------------------------------------------------------
                         slack                                  0.762    





