#-----------------------------------------------------------
# Vivado v2024.1 (64-bit)
# SW Build 5076996 on Wed May 22 18:36:09 MDT 2024
# IP Build 5075265 on Wed May 22 21:45:21 MDT 2024
# SharedData Build 5076995 on Wed May 22 18:29:18 MDT 2024
# Start of session at: Mon May 25 22:45:42 2026
# Process ID: 2005237
# Current directory: /run/media/sackb/Windows-SSD/Users/sackb/OneDrive/Desktop/University/Course_Work/2025-2026/Spring_2026/ECE_410/ECE410/project/new_hdl
# Command line: vivado -mode batch -source synth/run_sim_b.tcl -log reports/sim_b.log -journal reports/sim_b.jou
# Log file: /run/media/sackb/Windows-SSD/Users/sackb/OneDrive/Desktop/University/Course_Work/2025-2026/Spring_2026/ECE_410/ECE410/project/new_hdl/reports/sim_b.log
# Journal file: /run/media/sackb/Windows-SSD/Users/sackb/OneDrive/Desktop/University/Course_Work/2025-2026/Spring_2026/ECE_410/ECE410/project/new_hdl/reports/sim_b.jou
# Running On        :archlinux
# Platform          :unknown
# Operating System  :unknown
# Processor Detail  :11th Gen Intel(R) Core(TM) i7-11800H @ 2.30GHz
# CPU Frequency     :2210.890 MHz
# CPU Physical cores:8
# CPU Logical cores :16
# Host memory       :16535 MB
# Swap memory       :8266 MB
# Total Virtual     :24802 MB
# Available Virtual :12810 MB
#-----------------------------------------------------------
source synth/run_sim_b.tcl
# set hdl_dir [pwd]
# open_project "$hdl_dir/vivado_option_b/vivado_option_b.xpr"
INFO: [filemgmt 56-3] Default IP Output Path : Could not find the directory '/run/media/sackb/Windows-SSD/Users/sackb/OneDrive/Desktop/University/Course_Work/2025-2026/Spring_2026/ECE_410/ECE410/project/new_hdl/vivado_option_b/vivado_option_b.gen/sources_1'.
Scanning sources...
Finished scanning sources
# set_property top          tb_option_b    [get_filesets sim_1]
# set_property top_lib      xil_defaultlib [get_filesets sim_1]
# launch_simulation -mode behavioral -simset [get_filesets sim_1]
Command: launch_simulation  -simset sim_1 -mode behavioral
INFO: [Vivado 12-12493] Simulation top is 'tb_option_b'
INFO: [Vivado 12-5682] Launching behavioral simulation in '/run/media/sackb/Windows-SSD/Users/sackb/OneDrive/Desktop/University/Course_Work/2025-2026/Spring_2026/ECE_410/ECE410/project/new_hdl/vivado_option_b/vivado_option_b.sim/sim_1/behav/xsim'
INFO: [SIM-utils-51] Simulation object is 'sim_1'
INFO: [SIM-utils-72] Using boost library from '/tools/Xilinx/Vivado/2024.1/tps/boost_1_72_0'
INFO: [SIM-utils-54] Inspecting design source files for 'tb_option_b' in fileset 'sim_1'...
INFO: [USF-XSim-97] Finding global include files...
INFO: [USF-XSim-98] Fetching design files from 'sim_1'...
INFO: [USF-XSim-2] XSim::Compile design
INFO: [USF-XSim-61] Executing 'COMPILE and ANALYZE' step in '/run/media/sackb/Windows-SSD/Users/sackb/OneDrive/Desktop/University/Course_Work/2025-2026/Spring_2026/ECE_410/ECE410/project/new_hdl/vivado_option_b/vivado_option_b.sim/sim_1/behav/xsim'
xvlog --incr --relax -L uvm -prj tb_option_b_vlog.prj
INFO: [VRFC 10-2263] Analyzing SystemVerilog file "/run/media/sackb/Windows-SSD/Users/sackb/OneDrive/Desktop/University/Course_Work/2025-2026/Spring_2026/ECE_410/ECE410/project/new_hdl/rtl/accel_top_b.sv" into library xil_defaultlib
INFO: [VRFC 10-311] analyzing module accel_top_b
INFO: [VRFC 10-2263] Analyzing SystemVerilog file "/run/media/sackb/Windows-SSD/Users/sackb/OneDrive/Desktop/University/Course_Work/2025-2026/Spring_2026/ECE_410/ECE410/project/new_hdl/tb/axi_monitor.sv" into library xil_defaultlib
INFO: [VRFC 10-311] analyzing module axi_monitor
INFO: [VRFC 10-2263] Analyzing SystemVerilog file "/run/media/sackb/Windows-SSD/Users/sackb/OneDrive/Desktop/University/Course_Work/2025-2026/Spring_2026/ECE_410/ECE410/project/new_hdl/rtl/axilite_slave.sv" into library xil_defaultlib
INFO: [VRFC 10-311] analyzing module axilite_slave
INFO: [VRFC 10-2263] Analyzing SystemVerilog file "/run/media/sackb/Windows-SSD/Users/sackb/OneDrive/Desktop/University/Course_Work/2025-2026/Spring_2026/ECE_410/ECE410/project/new_hdl/tb/checker.sv" into library xil_defaultlib
INFO: [VRFC 10-311] analyzing module result_checker
INFO: [VRFC 10-2263] Analyzing SystemVerilog file "/run/media/sackb/Windows-SSD/Users/sackb/OneDrive/Desktop/University/Course_Work/2025-2026/Spring_2026/ECE_410/ECE410/project/new_hdl/rtl/clk_gen.sv" into library xil_defaultlib
INFO: [VRFC 10-311] analyzing module clk_gen
INFO: [VRFC 10-2263] Analyzing SystemVerilog file "/run/media/sackb/Windows-SSD/Users/sackb/OneDrive/Desktop/University/Course_Work/2025-2026/Spring_2026/ECE_410/ECE410/project/new_hdl/rtl/f64_add.sv" into library xil_defaultlib
INFO: [VRFC 10-311] analyzing module f64_add
INFO: [VRFC 10-2263] Analyzing SystemVerilog file "/run/media/sackb/Windows-SSD/Users/sackb/OneDrive/Desktop/University/Course_Work/2025-2026/Spring_2026/ECE_410/ECE410/project/new_hdl/rtl/f64_mul.sv" into library xil_defaultlib
INFO: [VRFC 10-311] analyzing module f64_mul
INFO: [VRFC 10-2263] Analyzing SystemVerilog file "/run/media/sackb/Windows-SSD/Users/sackb/OneDrive/Desktop/University/Course_Work/2025-2026/Spring_2026/ECE_410/ECE410/project/new_hdl/rtl/gemm_systolic.sv" into library xil_defaultlib
INFO: [VRFC 10-311] analyzing module gemm_systolic
INFO: [VRFC 10-2263] Analyzing SystemVerilog file "/run/media/sackb/Windows-SSD/Users/sackb/OneDrive/Desktop/University/Course_Work/2025-2026/Spring_2026/ECE_410/ECE410/project/new_hdl/rtl/kalman_update.sv" into library xil_defaultlib
INFO: [VRFC 10-311] analyzing module kalman_update
INFO: [VRFC 10-2263] Analyzing SystemVerilog file "/run/media/sackb/Windows-SSD/Users/sackb/OneDrive/Desktop/University/Course_Work/2025-2026/Spring_2026/ECE_410/ECE410/project/new_hdl/tb/program_block.sv" into library xil_defaultlib
INFO: [VRFC 10-311] analyzing module program_block
INFO: [VRFC 10-2263] Analyzing SystemVerilog file "/run/media/sackb/Windows-SSD/Users/sackb/OneDrive/Desktop/University/Course_Work/2025-2026/Spring_2026/ECE_410/ECE410/project/new_hdl/tb/veerwolf_bfm.sv" into library xil_defaultlib
INFO: [VRFC 10-311] analyzing module veerwolf_bfm
INFO: [VRFC 10-2263] Analyzing SystemVerilog file "/run/media/sackb/Windows-SSD/Users/sackb/OneDrive/Desktop/University/Course_Work/2025-2026/Spring_2026/ECE_410/ECE410/project/new_hdl/tb/tb_option_b.sv" into library xil_defaultlib
INFO: [VRFC 10-311] analyzing module tb_option_b
INFO: [VRFC 10-2263] Analyzing Verilog file "/run/media/sackb/Windows-SSD/Users/sackb/OneDrive/Desktop/University/Course_Work/2025-2026/Spring_2026/ECE_410/ECE410/project/new_hdl/vivado_option_b/vivado_option_b.sim/sim_1/behav/xsim/glbl.v" into library xil_defaultlib
INFO: [VRFC 10-311] analyzing module glbl
Waiting for jobs to finish...
No pending jobs, compilation finished.
INFO: [USF-XSim-69] 'compile' step finished in '2' seconds
INFO: [USF-XSim-3] XSim::Elaborate design
INFO: [USF-XSim-61] Executing 'ELABORATE' step in '/run/media/sackb/Windows-SSD/Users/sackb/OneDrive/Desktop/University/Course_Work/2025-2026/Spring_2026/ECE_410/ECE410/project/new_hdl/vivado_option_b/vivado_option_b.sim/sim_1/behav/xsim'
xelab --incr --debug typical --relax --mt 8 -L xil_defaultlib -L uvm -L unisims_ver -L unimacro_ver -L secureip --snapshot tb_option_b_behav xil_defaultlib.tb_option_b xil_defaultlib.glbl -log elaborate.log
Vivado Simulator v2024.1
Copyright 1986-2022 Xilinx, Inc. All Rights Reserved.
Copyright 2022-2024 Advanced Micro Devices, Inc. All Rights Reserved.
Running: /tools/Xilinx/Vivado/2024.1/bin/unwrapped/lnx64.o/xelab --incr --debug typical --relax --mt 8 -L xil_defaultlib -L uvm -L unisims_ver -L unimacro_ver -L secureip --snapshot tb_option_b_behav xil_defaultlib.tb_option_b xil_defaultlib.glbl -log elaborate.log 
Using 8 slave threads.
Starting static elaboration
Pass Through NonSizing Optimizer
WARNING: [VRFC 10-9924] default clock used outside its declaration scope [/run/media/sackb/Windows-SSD/Users/sackb/OneDrive/Desktop/University/Course_Work/2025-2026/Spring_2026/ECE_410/ECE410/project/new_hdl/tb/checker.sv:16]
Completed static elaboration
ERROR: [XSIM 43-3980] File "/run/media/sackb/Windows-SSD/Users/sackb/OneDrive/Desktop/University/Course_Work/2025-2026/Spring_2026/ECE_410/ECE410/project/new_hdl/tb/checker.sv" Line 9 : The SystemVerilog feature "Checker" is not supported yet for simulation.
INFO: [USF-XSim-69] 'elaborate' step finished in '1' seconds
INFO: [USF-XSim-99] Step results log file:'/run/media/sackb/Windows-SSD/Users/sackb/OneDrive/Desktop/University/Course_Work/2025-2026/Spring_2026/ECE_410/ECE410/project/new_hdl/vivado_option_b/vivado_option_b.sim/sim_1/behav/xsim/elaborate.log'
ERROR: [USF-XSim-62] 'elaborate' step failed with error(s). Please check the Tcl console output or '/run/media/sackb/Windows-SSD/Users/sackb/OneDrive/Desktop/University/Course_Work/2025-2026/Spring_2026/ECE_410/ECE410/project/new_hdl/vivado_option_b/vivado_option_b.sim/sim_1/behav/xsim/elaborate.log' file for more information.
ERROR: [Vivado 12-4473] Detected error while running simulation. Please correct the issue and retry this operation.
launch_simulation: Time (s): cpu = 00:00:05 ; elapsed = 00:00:05 . Memory (MB): peak = 1415.676 ; gain = 0.012 ; free physical = 7046 ; free virtual = 11786
ERROR: [Common 17-39] 'launch_simulation' failed due to earlier errors.

    while executing
"launch_simulation -mode behavioral -simset [get_filesets sim_1]"
    (file "synth/run_sim_b.tcl" line 11)
INFO: [Common 17-206] Exiting Vivado at Mon May 25 22:45:53 2026...
