xilinx rtfpga
rt::do_reinfer_area_combined 0
DSP Report: Generating DSP u_ky0/product, operation Mode is: A*B.
DSP Report: operator u_ky0/product is absorbed into DSP u_ky0/product.
DSP Report: operator u_ky0/product is absorbed into DSP u_ky0/product.
DSP Report: Generating DSP u_ky0/product, operation Mode is: PCIN+A*B.
DSP Report: operator u_ky0/product is absorbed into DSP u_ky0/product.
DSP Report: operator u_ky0/product is absorbed into DSP u_ky0/product.
DSP Report: Generating DSP u_ky0/product, operation Mode is: (PCIN>>17)+A*B.
DSP Report: operator u_ky0/product is absorbed into DSP u_ky0/product.
DSP Report: operator u_ky0/product is absorbed into DSP u_ky0/product.
DSP Report: Generating DSP u_ky0/product, operation Mode is: A*B.
DSP Report: operator u_ky0/product is absorbed into DSP u_ky0/product.
DSP Report: operator u_ky0/product is absorbed into DSP u_ky0/product.
DSP Report: Generating DSP u_ky0/product, operation Mode is: PCIN+A*B.
DSP Report: operator u_ky0/product is absorbed into DSP u_ky0/product.
DSP Report: operator u_ky0/product is absorbed into DSP u_ky0/product.
DSP Report: Generating DSP u_ky0/product, operation Mode is: PCIN+A*B.
DSP Report: operator u_ky0/product is absorbed into DSP u_ky0/product.
DSP Report: operator u_ky0/product is absorbed into DSP u_ky0/product.
DSP Report: Generating DSP u_ky0/product, operation Mode is: A*B.
DSP Report: operator u_ky0/product is absorbed into DSP u_ky0/product.
DSP Report: operator u_ky0/product is absorbed into DSP u_ky0/product.
DSP Report: Generating DSP u_ky0/product, operation Mode is: (PCIN>>17)+A*B.
DSP Report: operator u_ky0/product is absorbed into DSP u_ky0/product.
DSP Report: operator u_ky0/product is absorbed into DSP u_ky0/product.
DSP Report: Generating DSP u_ky0/product, operation Mode is: PCIN+A*B.
DSP Report: operator u_ky0/product is absorbed into DSP u_ky0/product.
DSP Report: operator u_ky0/product is absorbed into DSP u_ky0/product.
INFO: [Synth 8-3886] merging instance 'IKH_reg[1][0]' (FDCE) to 'IKH_reg[1][1]'
INFO: [Synth 8-3886] merging instance 'gs_A_reg[1][0]' (FDCE) to 'gs_A_reg[1][1]'
INFO: [Synth 8-3886] merging instance 'IKH_reg[1][1]' (FDCE) to 'IKH_reg[1][2]'
INFO: [Synth 8-3886] merging instance 'gs_A_reg[1][1]' (FDCE) to 'gs_A_reg[1][2]'
INFO: [Synth 8-3886] merging instance 'IKH_reg[1][2]' (FDCE) to 'IKH_reg[1][3]'
INFO: [Synth 8-3886] merging instance 'gs_A_reg[1][2]' (FDCE) to 'gs_A_reg[1][3]'
INFO: [Synth 8-3886] merging instance 'IKH_reg[1][3]' (FDCE) to 'IKH_reg[1][4]'
INFO: [Synth 8-3886] merging instance 'gs_A_reg[1][3]' (FDCE) to 'gs_A_reg[1][4]'
INFO: [Synth 8-3886] merging instance 'IKH_reg[1][4]' (FDCE) to 'IKH_reg[1][5]'
INFO: [Synth 8-3886] merging instance 'gs_A_reg[1][4]' (FDCE) to 'gs_A_reg[1][5]'
INFO: [Synth 8-3886] merging instance 'IKH_reg[1][5]' (FDCE) to 'IKH_reg[1][6]'
INFO: [Synth 8-3886] merging instance 'gs_A_reg[1][5]' (FDCE) to 'gs_A_reg[1][6]'
INFO: [Synth 8-3886] merging instance 'IKH_reg[1][6]' (FDCE) to 'IKH_reg[1][7]'
INFO: [Synth 8-3886] merging instance 'gs_A_reg[1][6]' (FDCE) to 'gs_A_reg[1][7]'
INFO: [Synth 8-3886] merging instance 'IKH_reg[1][7]' (FDCE) to 'IKH_reg[1][8]'
INFO: [Synth 8-3886] merging instance 'gs_A_reg[1][7]' (FDCE) to 'gs_A_reg[1][8]'
INFO: [Synth 8-3886] merging instance 'IKH_reg[1][8]' (FDCE) to 'IKH_reg[1][9]'
INFO: [Synth 8-3886] merging instance 'gs_A_reg[1][8]' (FDCE) to 'gs_A_reg[1][9]'
INFO: [Synth 8-3886] merging instance 'IKH_reg[1][9]' (FDCE) to 'IKH_reg[1][10]'
INFO: [Synth 8-3886] merging instance 'gs_A_reg[1][9]' (FDCE) to 'gs_A_reg[1][10]'
INFO: [Synth 8-3886] merging instance 'IKH_reg[1][10]' (FDCE) to 'IKH_reg[1][11]'
INFO: [Synth 8-3886] merging instance 'gs_A_reg[1][10]' (FDCE) to 'gs_A_reg[1][11]'
INFO: [Synth 8-3886] merging instance 'IKH_reg[1][11]' (FDCE) to 'IKH_reg[1][12]'
INFO: [Synth 8-3886] merging instance 'gs_A_reg[1][11]' (FDCE) to 'gs_A_reg[1][12]'
INFO: [Synth 8-3886] merging instance 'IKH_reg[1][12]' (FDCE) to 'IKH_reg[1][13]'
INFO: [Synth 8-3886] merging instance 'gs_A_reg[1][12]' (FDCE) to 'gs_A_reg[1][13]'
INFO: [Synth 8-3886] merging instance 'IKH_reg[1][13]' (FDCE) to 'IKH_reg[1][14]'
INFO: [Synth 8-3886] merging instance 'gs_A_reg[1][13]' (FDCE) to 'gs_A_reg[1][14]'
INFO: [Synth 8-3886] merging instance 'IKH_reg[1][14]' (FDCE) to 'IKH_reg[1][15]'
INFO: [Synth 8-3886] merging instance 'gs_A_reg[1][14]' (FDCE) to 'gs_A_reg[1][15]'
INFO: [Synth 8-3886] merging instance 'IKH_reg[1][15]' (FDCE) to 'IKH_reg[1][16]'
INFO: [Synth 8-3886] merging instance 'gs_A_reg[1][15]' (FDCE) to 'gs_A_reg[1][16]'
INFO: [Synth 8-3886] merging instance 'IKH_reg[1][16]' (FDCE) to 'IKH_reg[1][17]'
INFO: [Synth 8-3886] merging instance 'gs_A_reg[1][16]' (FDCE) to 'gs_A_reg[1][17]'
INFO: [Synth 8-3886] merging instance 'IKH_reg[1][17]' (FDCE) to 'IKH_reg[1][18]'
INFO: [Synth 8-3886] merging instance 'gs_A_reg[1][17]' (FDCE) to 'gs_A_reg[1][18]'
INFO: [Synth 8-3886] merging instance 'IKH_reg[1][18]' (FDCE) to 'IKH_reg[1][19]'
INFO: [Synth 8-3886] merging instance 'gs_A_reg[1][18]' (FDCE) to 'gs_A_reg[1][19]'
INFO: [Synth 8-3886] merging instance 'IKH_reg[1][19]' (FDCE) to 'IKH_reg[1][20]'
INFO: [Synth 8-3886] merging instance 'gs_A_reg[1][19]' (FDCE) to 'gs_A_reg[1][20]'
INFO: [Synth 8-3886] merging instance 'IKH_reg[1][20]' (FDCE) to 'IKH_reg[1][21]'
INFO: [Synth 8-3886] merging instance 'gs_A_reg[1][20]' (FDCE) to 'gs_A_reg[1][21]'
INFO: [Synth 8-3886] merging instance 'IKH_reg[1][21]' (FDCE) to 'IKH_reg[1][22]'
INFO: [Synth 8-3886] merging instance 'gs_A_reg[1][21]' (FDCE) to 'gs_A_reg[1][22]'
INFO: [Synth 8-3886] merging instance 'IKH_reg[1][22]' (FDCE) to 'IKH_reg[1][23]'
INFO: [Synth 8-3886] merging instance 'gs_A_reg[1][22]' (FDCE) to 'gs_A_reg[1][23]'
INFO: [Synth 8-3886] merging instance 'IKH_reg[1][23]' (FDCE) to 'IKH_reg[1][24]'
INFO: [Synth 8-3886] merging instance 'gs_A_reg[1][23]' (FDCE) to 'gs_A_reg[1][24]'
INFO: [Synth 8-3886] merging instance 'IKH_reg[1][24]' (FDCE) to 'IKH_reg[1][25]'
INFO: [Synth 8-3886] merging instance 'gs_A_reg[1][24]' (FDCE) to 'gs_A_reg[1][25]'
INFO: [Synth 8-3886] merging instance 'IKH_reg[1][25]' (FDCE) to 'IKH_reg[1][26]'
INFO: [Synth 8-3886] merging instance 'gs_A_reg[1][25]' (FDCE) to 'gs_A_reg[1][26]'
INFO: [Synth 8-3886] merging instance 'IKH_reg[1][26]' (FDCE) to 'IKH_reg[1][27]'
INFO: [Synth 8-3886] merging instance 'gs_A_reg[1][26]' (FDCE) to 'gs_A_reg[1][27]'
INFO: [Synth 8-3886] merging instance 'IKH_reg[1][27]' (FDCE) to 'IKH_reg[1][28]'
INFO: [Synth 8-3886] merging instance 'gs_A_reg[1][27]' (FDCE) to 'gs_A_reg[1][28]'
INFO: [Synth 8-3886] merging instance 'IKH_reg[1][28]' (FDCE) to 'IKH_reg[1][29]'
INFO: [Synth 8-3886] merging instance 'gs_A_reg[1][28]' (FDCE) to 'gs_A_reg[1][29]'
INFO: [Synth 8-3886] merging instance 'IKH_reg[1][29]' (FDCE) to 'IKH_reg[1][30]'
INFO: [Synth 8-3886] merging instance 'gs_A_reg[1][29]' (FDCE) to 'gs_A_reg[1][30]'
INFO: [Synth 8-3886] merging instance 'IKH_reg[1][30]' (FDCE) to 'IKH_reg[1][31]'
INFO: [Synth 8-3886] merging instance 'gs_A_reg[1][30]' (FDCE) to 'gs_A_reg[1][31]'
INFO: [Synth 8-3886] merging instance 'IKH_reg[1][31]' (FDCE) to 'IKH_reg[1][32]'
INFO: [Synth 8-3886] merging instance 'gs_A_reg[1][31]' (FDCE) to 'gs_A_reg[1][32]'
INFO: [Synth 8-3886] merging instance 'IKH_reg[1][32]' (FDCE) to 'IKH_reg[1][33]'
INFO: [Synth 8-3886] merging instance 'gs_A_reg[1][32]' (FDCE) to 'gs_A_reg[1][33]'
INFO: [Synth 8-3886] merging instance 'IKH_reg[1][33]' (FDCE) to 'IKH_reg[1][34]'
INFO: [Synth 8-3886] merging instance 'gs_A_reg[1][33]' (FDCE) to 'gs_A_reg[1][34]'
INFO: [Synth 8-3886] merging instance 'IKH_reg[1][34]' (FDCE) to 'IKH_reg[1][35]'
INFO: [Synth 8-3886] merging instance 'gs_A_reg[1][34]' (FDCE) to 'gs_A_reg[1][35]'
INFO: [Synth 8-3886] merging instance 'IKH_reg[1][35]' (FDCE) to 'IKH_reg[1][36]'
INFO: [Synth 8-3886] merging instance 'gs_A_reg[1][35]' (FDCE) to 'gs_A_reg[1][36]'
INFO: [Synth 8-3886] merging instance 'IKH_reg[1][36]' (FDCE) to 'IKH_reg[1][37]'
INFO: [Synth 8-3886] merging instance 'gs_A_reg[1][36]' (FDCE) to 'gs_A_reg[1][37]'
INFO: [Synth 8-3886] merging instance 'IKH_reg[1][37]' (FDCE) to 'IKH_reg[1][38]'
INFO: [Synth 8-3886] merging instance 'gs_A_reg[1][37]' (FDCE) to 'gs_A_reg[1][38]'
INFO: [Synth 8-3886] merging instance 'IKH_reg[1][38]' (FDCE) to 'IKH_reg[1][39]'
INFO: [Synth 8-3886] merging instance 'gs_A_reg[1][38]' (FDCE) to 'gs_A_reg[1][39]'
INFO: [Synth 8-3886] merging instance 'IKH_reg[1][39]' (FDCE) to 'IKH_reg[1][40]'
INFO: [Synth 8-3886] merging instance 'gs_A_reg[1][39]' (FDCE) to 'gs_A_reg[1][40]'
INFO: [Synth 8-3886] merging instance 'IKH_reg[1][40]' (FDCE) to 'IKH_reg[1][41]'
INFO: [Synth 8-3886] merging instance 'gs_A_reg[1][40]' (FDCE) to 'gs_A_reg[1][41]'
INFO: [Synth 8-3886] merging instance 'IKH_reg[1][41]' (FDCE) to 'IKH_reg[1][42]'
INFO: [Synth 8-3886] merging instance 'gs_A_reg[1][41]' (FDCE) to 'gs_A_reg[1][42]'
INFO: [Synth 8-3886] merging instance 'IKH_reg[1][42]' (FDCE) to 'IKH_reg[1][43]'
INFO: [Synth 8-3886] merging instance 'gs_A_reg[1][42]' (FDCE) to 'gs_A_reg[1][43]'
INFO: [Synth 8-3886] merging instance 'IKH_reg[1][43]' (FDCE) to 'IKH_reg[1][44]'
INFO: [Synth 8-3886] merging instance 'gs_A_reg[1][43]' (FDCE) to 'gs_A_reg[1][44]'
INFO: [Synth 8-3886] merging instance 'IKH_reg[1][44]' (FDCE) to 'IKH_reg[1][45]'
INFO: [Synth 8-3886] merging instance 'gs_A_reg[1][44]' (FDCE) to 'gs_A_reg[1][45]'
INFO: [Synth 8-3886] merging instance 'IKH_reg[1][45]' (FDCE) to 'IKH_reg[1][46]'
INFO: [Synth 8-3886] merging instance 'gs_A_reg[1][45]' (FDCE) to 'gs_A_reg[1][46]'
INFO: [Synth 8-3886] merging instance 'IKH_reg[1][46]' (FDCE) to 'IKH_reg[1][47]'
INFO: [Synth 8-3886] merging instance 'gs_A_reg[1][46]' (FDCE) to 'gs_A_reg[1][47]'
INFO: [Synth 8-3886] merging instance 'IKH_reg[1][47]' (FDCE) to 'IKH_reg[1][48]'
INFO: [Synth 8-3886] merging instance 'gs_A_reg[1][47]' (FDCE) to 'gs_A_reg[1][48]'
INFO: [Synth 8-3886] merging instance 'IKH_reg[1][48]' (FDCE) to 'IKH_reg[1][49]'
INFO: [Synth 8-3886] merging instance 'gs_A_reg[1][48]' (FDCE) to 'gs_A_reg[1][49]'
INFO: [Synth 8-3886] merging instance 'IKH_reg[1][49]' (FDCE) to 'IKH_reg[1][50]'
INFO: [Synth 8-3886] merging instance 'gs_A_reg[1][49]' (FDCE) to 'gs_A_reg[1][50]'
INFO: [Common 17-14] Message 'Synth 8-3886' appears 100 times and further instances of the messages will be disabled. Use the Tcl command set_msg_config to change the current settings.
INFO: [Synth 8-3333] propagating constant 0 across sequential element (\IKH_reg[4][63] )
INFO: [Synth 8-3333] propagating constant 0 across sequential element (\gs_A_reg[4][63] )
