xilinx rtfpga
rt::do_reinfer_area_combined 0
DSP Report: Generating DSP product, operation Mode is: A*B.
DSP Report: operator product is absorbed into DSP product.
DSP Report: operator product is absorbed into DSP product.
DSP Report: Generating DSP product, operation Mode is: PCIN+A*B.
DSP Report: operator product is absorbed into DSP product.
DSP Report: operator product is absorbed into DSP product.
DSP Report: Generating DSP product, operation Mode is: (PCIN>>17)+A*B.
DSP Report: operator product is absorbed into DSP product.
DSP Report: operator product is absorbed into DSP product.
DSP Report: Generating DSP product, operation Mode is: A*B.
DSP Report: operator product is absorbed into DSP product.
DSP Report: operator product is absorbed into DSP product.
DSP Report: Generating DSP product, operation Mode is: PCIN+A*B.
DSP Report: operator product is absorbed into DSP product.
DSP Report: operator product is absorbed into DSP product.
DSP Report: Generating DSP product, operation Mode is: PCIN+A*B.
DSP Report: operator product is absorbed into DSP product.
DSP Report: operator product is absorbed into DSP product.
DSP Report: Generating DSP product, operation Mode is: A*B.
DSP Report: operator product is absorbed into DSP product.
DSP Report: operator product is absorbed into DSP product.
DSP Report: Generating DSP product, operation Mode is: (PCIN>>17)+A*B.
DSP Report: operator product is absorbed into DSP product.
DSP Report: operator product is absorbed into DSP product.
DSP Report: Generating DSP product, operation Mode is: PCIN+A*B.
DSP Report: operator product is absorbed into DSP product.
DSP Report: operator product is absorbed into DSP product.
DSP Report: Generating DSP product, operation Mode is: A*B.
DSP Report: operator product is absorbed into DSP product.
DSP Report: operator product is absorbed into DSP product.
DSP Report: Generating DSP product, operation Mode is: PCIN+A*B.
DSP Report: operator product is absorbed into DSP product.
DSP Report: operator product is absorbed into DSP product.
DSP Report: Generating DSP product, operation Mode is: (PCIN>>17)+A*B.
DSP Report: operator product is absorbed into DSP product.
DSP Report: operator product is absorbed into DSP product.
DSP Report: Generating DSP product, operation Mode is: A*B.
DSP Report: operator product is absorbed into DSP product.
DSP Report: operator product is absorbed into DSP product.
DSP Report: Generating DSP product, operation Mode is: PCIN+A*B.
DSP Report: operator product is absorbed into DSP product.
DSP Report: operator product is absorbed into DSP product.
DSP Report: Generating DSP product, operation Mode is: PCIN+A*B.
DSP Report: operator product is absorbed into DSP product.
DSP Report: operator product is absorbed into DSP product.
DSP Report: Generating DSP product, operation Mode is: A*B.
DSP Report: operator product is absorbed into DSP product.
DSP Report: operator product is absorbed into DSP product.
DSP Report: Generating DSP product, operation Mode is: (PCIN>>17)+A*B.
DSP Report: operator product is absorbed into DSP product.
DSP Report: operator product is absorbed into DSP product.
DSP Report: Generating DSP product, operation Mode is: PCIN+A*B.
DSP Report: operator product is absorbed into DSP product.
DSP Report: operator product is absorbed into DSP product.
