Copyright 1986-2022 Xilinx, Inc. All Rights Reserved. Copyright 2022-2024 Advanced Micro Devices, Inc. All Rights Reserved.
---------------------------------------------------------------------------------------------------------------------------------------------------------------------------------------------------------------------------------
| Tool Version : Vivado v.2024.1 (lin64) Build 5076996 Wed May 22 18:36:09 MDT 2024
| Date         : Mon May 18 03:29:54 2026
| Host         : archlinux running 64-bit unknown
| Command      : report_timing_summary -max_paths 10 -report_unconstrained -file crossbar_mac_timing_summary_routed.rpt -pb crossbar_mac_timing_summary_routed.pb -rpx crossbar_mac_timing_summary_routed.rpx -warn_on_violation
| Design       : crossbar_mac
| Device       : 7a100t-csg324
| Speed File   : -1  PRODUCTION 1.23 2018-06-13
| Design State : Routed
---------------------------------------------------------------------------------------------------------------------------------------------------------------------------------------------------------------------------------

Timing Summary Report

------------------------------------------------------------------------------------------------
| Timer Settings
| --------------
------------------------------------------------------------------------------------------------

  Enable Multi Corner Analysis               :  Yes
  Enable Pessimism Removal                   :  Yes
  Pessimism Removal Resolution               :  Nearest Common Node
  Enable Input Delay Default Clock           :  No
  Enable Preset / Clear Arcs                 :  No
  Disable Flight Delays                      :  No
  Ignore I/O Paths                           :  No
  Timing Early Launch at Borrowing Latches   :  No
  Borrow Time for Max Delay Exceptions       :  Yes
  Merge Timing Exceptions                    :  Yes
  Inter-SLR Compensation                     :  Conservative

  Corner  Analyze    Analyze    
  Name    Max Paths  Min Paths  
  ------  ---------  ---------  
  Slow    Yes        Yes        
  Fast    Yes        Yes        


------------------------------------------------------------------------------------------------
| Report Methodology
| ------------------
------------------------------------------------------------------------------------------------

Rule       Severity          Description                  Violations  
---------  ----------------  ---------------------------  ----------  
TIMING-17  Critical Warning  Non-clocked sequential cell  48          

Note: This report is based on the most recent report_methodology run and may not be up-to-date. Run report_methodology on the current design for the latest report.



check_timing report

Table of Contents
-----------------
1. checking no_clock (48)
2. checking constant_clock (0)
3. checking pulse_width_clock (0)
4. checking unconstrained_internal_endpoints (112)
5. checking no_input_delay (39)
6. checking no_output_delay (32)
7. checking multiple_clock (0)
8. checking generated_clocks (0)
9. checking loops (0)
10. checking partial_input_delay (0)
11. checking partial_output_delay (0)
12. checking latch_loops (0)

1. checking no_clock (48)
-------------------------
 There are 48 register/latch pins with no clock driven by root clock pin: clk (HIGH)


2. checking constant_clock (0)
------------------------------
 There are 0 register/latch pins with constant_clock.


3. checking pulse_width_clock (0)
---------------------------------
 There are 0 register/latch pins which need pulse_width check


4. checking unconstrained_internal_endpoints (112)
--------------------------------------------------
 There are 112 pins that are not constrained for maximum delay. (HIGH)

 There are 0 pins that are not constrained for maximum delay due to constant clock.


5. checking no_input_delay (39)
-------------------------------
 There are 39 input ports with no input delay specified. (HIGH)

 There are 0 input ports with no input delay but user has a false path constraint.


6. checking no_output_delay (32)
--------------------------------
 There are 32 ports with no output delay specified. (HIGH)

 There are 0 ports with no output delay but user has a false path constraint

 There are 0 ports with no output delay but with a timing clock defined on it or propagating through it


7. checking multiple_clock (0)
------------------------------
 There are 0 register/latch pins with multiple clocks.


8. checking generated_clocks (0)
--------------------------------
 There are 0 generated clocks that are not connected to a clock source.


9. checking loops (0)
---------------------
 There are 0 combinational loops in the design.


10. checking partial_input_delay (0)
------------------------------------
 There are 0 input ports with partial input delay specified.


11. checking partial_output_delay (0)
-------------------------------------
 There are 0 ports with partial output delay specified.


12. checking latch_loops (0)
----------------------------
 There are 0 combinational latch loops in the design through latch input



------------------------------------------------------------------------------------------------
| Design Timing Summary
| ---------------------
------------------------------------------------------------------------------------------------

    WNS(ns)      TNS(ns)  TNS Failing Endpoints  TNS Total Endpoints      WHS(ns)      THS(ns)  THS Failing Endpoints  THS Total Endpoints     WPWS(ns)     TPWS(ns)  TPWS Failing Endpoints  TPWS Total Endpoints  
    -------      -------  ---------------------  -------------------      -------      -------  ---------------------  -------------------     --------     --------  ----------------------  --------------------  
        inf        0.000                      0                  144          inf        0.000                      0                  144           NA           NA                      NA                    NA  


There are no user specified timing constraints.


------------------------------------------------------------------------------------------------
| Clock Summary
| -------------
------------------------------------------------------------------------------------------------


------------------------------------------------------------------------------------------------
| Intra Clock Table
| -----------------
------------------------------------------------------------------------------------------------

Clock             WNS(ns)      TNS(ns)  TNS Failing Endpoints  TNS Total Endpoints      WHS(ns)      THS(ns)  THS Failing Endpoints  THS Total Endpoints     WPWS(ns)     TPWS(ns)  TPWS Failing Endpoints  TPWS Total Endpoints  
-----             -------      -------  ---------------------  -------------------      -------      -------  ---------------------  -------------------     --------     --------  ----------------------  --------------------  


------------------------------------------------------------------------------------------------
| Inter Clock Table
| -----------------
------------------------------------------------------------------------------------------------

From Clock    To Clock          WNS(ns)      TNS(ns)  TNS Failing Endpoints  TNS Total Endpoints      WHS(ns)      THS(ns)  THS Failing Endpoints  THS Total Endpoints  
----------    --------          -------      -------  ---------------------  -------------------      -------      -------  ---------------------  -------------------  


------------------------------------------------------------------------------------------------
| Other Path Groups Table
| -----------------------
------------------------------------------------------------------------------------------------

Path Group    From Clock    To Clock          WNS(ns)      TNS(ns)  TNS Failing Endpoints  TNS Total Endpoints      WHS(ns)      THS(ns)  THS Failing Endpoints  THS Total Endpoints  
----------    ----------    --------          -------      -------  ---------------------  -------------------      -------      -------  ---------------------  -------------------  


------------------------------------------------------------------------------------------------
| User Ignored Path Table
| -----------------------
------------------------------------------------------------------------------------------------

Path Group    From Clock    To Clock    
----------    ----------    --------    


------------------------------------------------------------------------------------------------
| Unconstrained Path Table
| ------------------------
------------------------------------------------------------------------------------------------

Path Group    From Clock    To Clock    
----------    ----------    --------    
(none)                                    


------------------------------------------------------------------------------------------------
| Timing Details
| --------------
------------------------------------------------------------------------------------------------


--------------------------------------------------------------------------------------
Path Group:  (none)
From Clock:  
  To Clock:  

Max Delay           144 Endpoints
Min Delay           144 Endpoints
--------------------------------------------------------------------------------------


Max Delay Paths
--------------------------------------------------------------------------------------
Slack:                    inf
  Source:                 in[1][0]
                            (input port)
  Destination:            out_reg[0][5]/D
  Path Group:             (none)
  Path Type:              Max at Slow Process Corner
  Data Path Delay:        9.264ns  (logic 2.466ns (26.619%)  route 6.798ns (73.381%))
  Logic Levels:           7  (CARRY4=2 IBUF=1 LUT3=1 LUT5=1 LUT6=2)

    Location             Delay type                Incr(ns)  Path(ns)    Netlist Resource(s)
  -------------------------------------------------------------------    -------------------
    V10                                               0.000     0.000 r  in[1][0] (IN)
                         net (fo=0)                   0.000     0.000    in[1][0]
    V10                  IBUF (Prop_ibuf_I_O)         1.009     1.009 r  out_reg[2][0]_i_2/O
                         net (fo=27, routed)          3.696     4.705    out_reg[2][0]_i_2_n_0
    SLICE_X2Y81          LUT3 (Prop_lut3_I0_O)        0.146     4.851 r  out[0][3]_i_12/O
                         net (fo=2, routed)           0.804     5.655    out[0][3]_i_12_n_0
    SLICE_X6Y81          LUT5 (Prop_lut5_I3_O)        0.328     5.983 r  out[0][3]_i_9/O
                         net (fo=2, routed)           0.932     6.916    out[0][3]_i_9_n_0
    SLICE_X6Y82          LUT6 (Prop_lut6_I0_O)        0.124     7.040 r  out[0][3]_i_2/O
                         net (fo=2, routed)           1.366     8.405    out[0][3]_i_2_n_0
    SLICE_X5Y82          LUT6 (Prop_lut6_I0_O)        0.124     8.529 r  out[0][3]_i_5/O
                         net (fo=1, routed)           0.000     8.529    out[0][3]_i_5_n_0
    SLICE_X5Y82          CARRY4 (Prop_carry4_S[3]_CO[3])
                                                      0.401     8.930 r  out_reg[0][3]_i_1/CO[3]
                         net (fo=1, routed)           0.000     8.930    out_reg[0][3]_i_1_n_0
    SLICE_X5Y83          CARRY4 (Prop_carry4_CI_O[1])
                                                      0.334     9.264 r  out_reg[0][7]_i_1/O[1]
                         net (fo=1, routed)           0.000     9.264    out_reg[0][7]_i_1_n_6
    SLICE_X5Y83          FDRE                                         r  out_reg[0][5]/D
  -------------------------------------------------------------------    -------------------

Slack:                    inf
  Source:                 in[1][0]
                            (input port)
  Destination:            out_reg[0][7]/D
  Path Group:             (none)
  Path Type:              Max at Slow Process Corner
  Data Path Delay:        9.243ns  (logic 2.445ns (26.453%)  route 6.798ns (73.547%))
  Logic Levels:           7  (CARRY4=2 IBUF=1 LUT3=1 LUT5=1 LUT6=2)

    Location             Delay type                Incr(ns)  Path(ns)    Netlist Resource(s)
  -------------------------------------------------------------------    -------------------
    V10                                               0.000     0.000 r  in[1][0] (IN)
                         net (fo=0)                   0.000     0.000    in[1][0]
    V10                  IBUF (Prop_ibuf_I_O)         1.009     1.009 r  out_reg[2][0]_i_2/O
                         net (fo=27, routed)          3.696     4.705    out_reg[2][0]_i_2_n_0
    SLICE_X2Y81          LUT3 (Prop_lut3_I0_O)        0.146     4.851 r  out[0][3]_i_12/O
                         net (fo=2, routed)           0.804     5.655    out[0][3]_i_12_n_0
    SLICE_X6Y81          LUT5 (Prop_lut5_I3_O)        0.328     5.983 r  out[0][3]_i_9/O
                         net (fo=2, routed)           0.932     6.916    out[0][3]_i_9_n_0
    SLICE_X6Y82          LUT6 (Prop_lut6_I0_O)        0.124     7.040 r  out[0][3]_i_2/O
                         net (fo=2, routed)           1.366     8.405    out[0][3]_i_2_n_0
    SLICE_X5Y82          LUT6 (Prop_lut6_I0_O)        0.124     8.529 r  out[0][3]_i_5/O
                         net (fo=1, routed)           0.000     8.529    out[0][3]_i_5_n_0
    SLICE_X5Y82          CARRY4 (Prop_carry4_S[3]_CO[3])
                                                      0.401     8.930 r  out_reg[0][3]_i_1/CO[3]
                         net (fo=1, routed)           0.000     8.930    out_reg[0][3]_i_1_n_0
    SLICE_X5Y83          CARRY4 (Prop_carry4_CI_O[3])
                                                      0.313     9.243 r  out_reg[0][7]_i_1/O[3]
                         net (fo=1, routed)           0.000     9.243    out_reg[0][7]_i_1_n_4
    SLICE_X5Y83          FDRE                                         r  out_reg[0][7]/D
  -------------------------------------------------------------------    -------------------

Slack:                    inf
  Source:                 in[1][0]
                            (input port)
  Destination:            out_reg[0][6]/D
  Path Group:             (none)
  Path Type:              Max at Slow Process Corner
  Data Path Delay:        9.169ns  (logic 2.371ns (25.859%)  route 6.798ns (74.141%))
  Logic Levels:           7  (CARRY4=2 IBUF=1 LUT3=1 LUT5=1 LUT6=2)

    Location             Delay type                Incr(ns)  Path(ns)    Netlist Resource(s)
  -------------------------------------------------------------------    -------------------
    V10                                               0.000     0.000 r  in[1][0] (IN)
                         net (fo=0)                   0.000     0.000    in[1][0]
    V10                  IBUF (Prop_ibuf_I_O)         1.009     1.009 r  out_reg[2][0]_i_2/O
                         net (fo=27, routed)          3.696     4.705    out_reg[2][0]_i_2_n_0
    SLICE_X2Y81          LUT3 (Prop_lut3_I0_O)        0.146     4.851 r  out[0][3]_i_12/O
                         net (fo=2, routed)           0.804     5.655    out[0][3]_i_12_n_0
    SLICE_X6Y81          LUT5 (Prop_lut5_I3_O)        0.328     5.983 r  out[0][3]_i_9/O
                         net (fo=2, routed)           0.932     6.916    out[0][3]_i_9_n_0
    SLICE_X6Y82          LUT6 (Prop_lut6_I0_O)        0.124     7.040 r  out[0][3]_i_2/O
                         net (fo=2, routed)           1.366     8.405    out[0][3]_i_2_n_0
    SLICE_X5Y82          LUT6 (Prop_lut6_I0_O)        0.124     8.529 r  out[0][3]_i_5/O
                         net (fo=1, routed)           0.000     8.529    out[0][3]_i_5_n_0
    SLICE_X5Y82          CARRY4 (Prop_carry4_S[3]_CO[3])
                                                      0.401     8.930 r  out_reg[0][3]_i_1/CO[3]
                         net (fo=1, routed)           0.000     8.930    out_reg[0][3]_i_1_n_0
    SLICE_X5Y83          CARRY4 (Prop_carry4_CI_O[2])
                                                      0.239     9.169 r  out_reg[0][7]_i_1/O[2]
                         net (fo=1, routed)           0.000     9.169    out_reg[0][7]_i_1_n_5
    SLICE_X5Y83          FDRE                                         r  out_reg[0][6]/D
  -------------------------------------------------------------------    -------------------

Slack:                    inf
  Source:                 in[1][0]
                            (input port)
  Destination:            out_reg[0][4]/D
  Path Group:             (none)
  Path Type:              Max at Slow Process Corner
  Data Path Delay:        9.153ns  (logic 2.355ns (25.730%)  route 6.798ns (74.270%))
  Logic Levels:           7  (CARRY4=2 IBUF=1 LUT3=1 LUT5=1 LUT6=2)

    Location             Delay type                Incr(ns)  Path(ns)    Netlist Resource(s)
  -------------------------------------------------------------------    -------------------
    V10                                               0.000     0.000 r  in[1][0] (IN)
                         net (fo=0)                   0.000     0.000    in[1][0]
    V10                  IBUF (Prop_ibuf_I_O)         1.009     1.009 r  out_reg[2][0]_i_2/O
                         net (fo=27, routed)          3.696     4.705    out_reg[2][0]_i_2_n_0
    SLICE_X2Y81          LUT3 (Prop_lut3_I0_O)        0.146     4.851 r  out[0][3]_i_12/O
                         net (fo=2, routed)           0.804     5.655    out[0][3]_i_12_n_0
    SLICE_X6Y81          LUT5 (Prop_lut5_I3_O)        0.328     5.983 r  out[0][3]_i_9/O
                         net (fo=2, routed)           0.932     6.916    out[0][3]_i_9_n_0
    SLICE_X6Y82          LUT6 (Prop_lut6_I0_O)        0.124     7.040 r  out[0][3]_i_2/O
                         net (fo=2, routed)           1.366     8.405    out[0][3]_i_2_n_0
    SLICE_X5Y82          LUT6 (Prop_lut6_I0_O)        0.124     8.529 r  out[0][3]_i_5/O
                         net (fo=1, routed)           0.000     8.529    out[0][3]_i_5_n_0
    SLICE_X5Y82          CARRY4 (Prop_carry4_S[3]_CO[3])
                                                      0.401     8.930 r  out_reg[0][3]_i_1/CO[3]
                         net (fo=1, routed)           0.000     8.930    out_reg[0][3]_i_1_n_0
    SLICE_X5Y83          CARRY4 (Prop_carry4_CI_O[0])
                                                      0.223     9.153 r  out_reg[0][7]_i_1/O[0]
                         net (fo=1, routed)           0.000     9.153    out_reg[0][7]_i_1_n_7
    SLICE_X5Y83          FDRE                                         r  out_reg[0][4]/D
  -------------------------------------------------------------------    -------------------

Slack:                    inf
  Source:                 in[1][0]
                            (input port)
  Destination:            out_reg[0][3]/D
  Path Group:             (none)
  Path Type:              Max at Slow Process Corner
  Data Path Delay:        8.927ns  (logic 2.599ns (29.114%)  route 6.328ns (70.886%))
  Logic Levels:           6  (CARRY4=1 IBUF=1 LUT3=1 LUT4=2 LUT5=1)

    Location             Delay type                Incr(ns)  Path(ns)    Netlist Resource(s)
  -------------------------------------------------------------------    -------------------
    V10                                               0.000     0.000 r  in[1][0] (IN)
                         net (fo=0)                   0.000     0.000    in[1][0]
    V10                  IBUF (Prop_ibuf_I_O)         1.009     1.009 r  out_reg[2][0]_i_2/O
                         net (fo=27, routed)          3.696     4.705    out_reg[2][0]_i_2_n_0
    SLICE_X2Y81          LUT3 (Prop_lut3_I0_O)        0.146     4.851 r  out[0][3]_i_12/O
                         net (fo=2, routed)           0.804     5.655    out[0][3]_i_12_n_0
    SLICE_X6Y81          LUT5 (Prop_lut5_I1_O)        0.352     6.007 r  out[0][3]_i_11/O
                         net (fo=2, routed)           1.018     7.026    out[0][3]_i_11_n_0
    SLICE_X6Y82          LUT4 (Prop_lut4_I0_O)        0.328     7.354 r  out[0][3]_i_4/O
                         net (fo=2, routed)           0.810     8.163    out[0][3]_i_4_n_0
    SLICE_X5Y82          LUT4 (Prop_lut4_I0_O)        0.124     8.287 r  out[0][3]_i_7/O
                         net (fo=1, routed)           0.000     8.287    out[0][3]_i_7_n_0
    SLICE_X5Y82          CARRY4 (Prop_carry4_S[1]_O[3])
                                                      0.640     8.927 r  out_reg[0][3]_i_1/O[3]
                         net (fo=1, routed)           0.000     8.927    out_reg[0][3]_i_1_n_4
    SLICE_X5Y82          FDRE                                         r  out_reg[0][3]/D
  -------------------------------------------------------------------    -------------------

Slack:                    inf
  Source:                 in[1][0]
                            (input port)
  Destination:            out_reg[0][2]/D
  Path Group:             (none)
  Path Type:              Max at Slow Process Corner
  Data Path Delay:        8.867ns  (logic 2.539ns (28.634%)  route 6.328ns (71.366%))
  Logic Levels:           6  (CARRY4=1 IBUF=1 LUT3=1 LUT4=2 LUT5=1)

    Location             Delay type                Incr(ns)  Path(ns)    Netlist Resource(s)
  -------------------------------------------------------------------    -------------------
    V10                                               0.000     0.000 r  in[1][0] (IN)
                         net (fo=0)                   0.000     0.000    in[1][0]
    V10                  IBUF (Prop_ibuf_I_O)         1.009     1.009 r  out_reg[2][0]_i_2/O
                         net (fo=27, routed)          3.696     4.705    out_reg[2][0]_i_2_n_0
    SLICE_X2Y81          LUT3 (Prop_lut3_I0_O)        0.146     4.851 r  out[0][3]_i_12/O
                         net (fo=2, routed)           0.804     5.655    out[0][3]_i_12_n_0
    SLICE_X6Y81          LUT5 (Prop_lut5_I1_O)        0.352     6.007 r  out[0][3]_i_11/O
                         net (fo=2, routed)           1.018     7.026    out[0][3]_i_11_n_0
    SLICE_X6Y82          LUT4 (Prop_lut4_I0_O)        0.328     7.354 r  out[0][3]_i_4/O
                         net (fo=2, routed)           0.810     8.163    out[0][3]_i_4_n_0
    SLICE_X5Y82          LUT4 (Prop_lut4_I0_O)        0.124     8.287 r  out[0][3]_i_7/O
                         net (fo=1, routed)           0.000     8.287    out[0][3]_i_7_n_0
    SLICE_X5Y82          CARRY4 (Prop_carry4_S[1]_O[2])
                                                      0.580     8.867 r  out_reg[0][3]_i_1/O[2]
                         net (fo=1, routed)           0.000     8.867    out_reg[0][3]_i_1_n_5
    SLICE_X5Y82          FDRE                                         r  out_reg[0][2]/D
  -------------------------------------------------------------------    -------------------

Slack:                    inf
  Source:                 in[1][0]
                            (input port)
  Destination:            out_reg[3][5]/D
  Path Group:             (none)
  Path Type:              Max at Slow Process Corner
  Data Path Delay:        8.644ns  (logic 2.851ns (32.983%)  route 5.793ns (67.017%))
  Logic Levels:           7  (CARRY4=2 IBUF=1 LUT3=1 LUT4=2 LUT5=1)

    Location             Delay type                Incr(ns)  Path(ns)    Netlist Resource(s)
  -------------------------------------------------------------------    -------------------
    V10                                               0.000     0.000 r  in[1][0] (IN)
                         net (fo=0)                   0.000     0.000    in[1][0]
    V10                  IBUF (Prop_ibuf_I_O)         1.009     1.009 r  out_reg[2][0]_i_2/O
                         net (fo=27, routed)          3.368     4.378    out_reg[2][0]_i_2_n_0
    SLICE_X4Y84          LUT3 (Prop_lut3_I0_O)        0.152     4.530 r  out[3][3]_i_15/O
                         net (fo=2, routed)           0.441     4.970    out[3][3]_i_15_n_0
    SLICE_X4Y84          LUT5 (Prop_lut5_I1_O)        0.355     5.325 r  out[3][3]_i_14/O
                         net (fo=2, routed)           1.169     6.494    out[3][3]_i_14_n_0
    SLICE_X0Y85          LUT4 (Prop_lut4_I0_O)        0.327     6.821 r  out[3][3]_i_4/O
                         net (fo=2, routed)           0.815     7.636    out[3][3]_i_4_n_0
    SLICE_X1Y85          LUT4 (Prop_lut4_I0_O)        0.124     7.760 r  out[3][3]_i_8/O
                         net (fo=1, routed)           0.000     7.760    out[3][3]_i_8_n_0
    SLICE_X1Y85          CARRY4 (Prop_carry4_S[1]_CO[3])
                                                      0.550     8.310 r  out_reg[3][3]_i_1/CO[3]
                         net (fo=1, routed)           0.000     8.310    out_reg[3][3]_i_1_n_0
    SLICE_X1Y86          CARRY4 (Prop_carry4_CI_O[1])
                                                      0.334     8.644 r  out_reg[3][7]_i_1/O[1]
                         net (fo=1, routed)           0.000     8.644    p_0_in[5]
    SLICE_X1Y86          FDRE                                         r  out_reg[3][5]/D
  -------------------------------------------------------------------    -------------------

Slack:                    inf
  Source:                 in[1][0]
                            (input port)
  Destination:            out_reg[3][7]/D
  Path Group:             (none)
  Path Type:              Max at Slow Process Corner
  Data Path Delay:        8.623ns  (logic 2.830ns (32.820%)  route 5.793ns (67.180%))
  Logic Levels:           7  (CARRY4=2 IBUF=1 LUT3=1 LUT4=2 LUT5=1)

    Location             Delay type                Incr(ns)  Path(ns)    Netlist Resource(s)
  -------------------------------------------------------------------    -------------------
    V10                                               0.000     0.000 r  in[1][0] (IN)
                         net (fo=0)                   0.000     0.000    in[1][0]
    V10                  IBUF (Prop_ibuf_I_O)         1.009     1.009 r  out_reg[2][0]_i_2/O
                         net (fo=27, routed)          3.368     4.378    out_reg[2][0]_i_2_n_0
    SLICE_X4Y84          LUT3 (Prop_lut3_I0_O)        0.152     4.530 r  out[3][3]_i_15/O
                         net (fo=2, routed)           0.441     4.970    out[3][3]_i_15_n_0
    SLICE_X4Y84          LUT5 (Prop_lut5_I1_O)        0.355     5.325 r  out[3][3]_i_14/O
                         net (fo=2, routed)           1.169     6.494    out[3][3]_i_14_n_0
    SLICE_X0Y85          LUT4 (Prop_lut4_I0_O)        0.327     6.821 r  out[3][3]_i_4/O
                         net (fo=2, routed)           0.815     7.636    out[3][3]_i_4_n_0
    SLICE_X1Y85          LUT4 (Prop_lut4_I0_O)        0.124     7.760 r  out[3][3]_i_8/O
                         net (fo=1, routed)           0.000     7.760    out[3][3]_i_8_n_0
    SLICE_X1Y85          CARRY4 (Prop_carry4_S[1]_CO[3])
                                                      0.550     8.310 r  out_reg[3][3]_i_1/CO[3]
                         net (fo=1, routed)           0.000     8.310    out_reg[3][3]_i_1_n_0
    SLICE_X1Y86          CARRY4 (Prop_carry4_CI_O[3])
                                                      0.313     8.623 r  out_reg[3][7]_i_1/O[3]
                         net (fo=1, routed)           0.000     8.623    p_0_in[7]
    SLICE_X1Y86          FDRE                                         r  out_reg[3][7]/D
  -------------------------------------------------------------------    -------------------

Slack:                    inf
  Source:                 in[1][3]
                            (input port)
  Destination:            out_reg[2][7]/D
  Path Group:             (none)
  Path Type:              Max at Slow Process Corner
  Data Path Delay:        8.555ns  (logic 1.967ns (22.992%)  route 6.588ns (77.008%))
  Logic Levels:           7  (CARRY4=1 IBUF=1 LUT3=1 LUT5=2 LUT6=2)

    Location             Delay type                Incr(ns)  Path(ns)    Netlist Resource(s)
  -------------------------------------------------------------------    -------------------
    U11                                               0.000     0.000 r  in[1][3] (IN)
                         net (fo=0)                   0.000     0.000    in[1][3]
    U11                  IBUF (Prop_ibuf_I_O)         0.995     0.995 r  out_reg[3][7]_i_59/O
                         net (fo=10, routed)          2.901     3.896    out_reg[3][7]_i_59_n_0
    SLICE_X0Y83          LUT6 (Prop_lut6_I1_O)        0.124     4.020 r  out[3][7]_i_67/O
                         net (fo=4, routed)           0.870     4.890    out[3][7]_i_67_n_0
    SLICE_X2Y84          LUT3 (Prop_lut3_I0_O)        0.124     5.014 r  out[2][7]_i_24/O
                         net (fo=2, routed)           0.869     5.883    out[2][7]_i_24_n_0
    SLICE_X2Y84          LUT5 (Prop_lut5_I1_O)        0.124     6.007 r  out[2][7]_i_10/O
                         net (fo=2, routed)           1.066     7.073    out[2][7]_i_10_n_0
    SLICE_X7Y85          LUT5 (Prop_lut5_I4_O)        0.124     7.197 r  out[2][7]_i_2/O
                         net (fo=2, routed)           0.882     8.079    out[2][7]_i_2_n_0
    SLICE_X6Y85          LUT6 (Prop_lut6_I2_O)        0.124     8.203 r  out[2][7]_i_6/O
                         net (fo=1, routed)           0.000     8.203    out[2][7]_i_6_n_0
    SLICE_X6Y85          CARRY4 (Prop_carry4_S[2]_O[3])
                                                      0.352     8.555 r  out_reg[2][7]_i_1/O[3]
                         net (fo=1, routed)           0.000     8.555    out_reg[2][7]_i_1_n_4
    SLICE_X6Y85          FDRE                                         r  out_reg[2][7]/D
  -------------------------------------------------------------------    -------------------

Slack:                    inf
  Source:                 in[1][0]
                            (input port)
  Destination:            out_reg[3][6]/D
  Path Group:             (none)
  Path Type:              Max at Slow Process Corner
  Data Path Delay:        8.549ns  (logic 2.756ns (32.239%)  route 5.793ns (67.761%))
  Logic Levels:           7  (CARRY4=2 IBUF=1 LUT3=1 LUT4=2 LUT5=1)

    Location             Delay type                Incr(ns)  Path(ns)    Netlist Resource(s)
  -------------------------------------------------------------------    -------------------
    V10                                               0.000     0.000 r  in[1][0] (IN)
                         net (fo=0)                   0.000     0.000    in[1][0]
    V10                  IBUF (Prop_ibuf_I_O)         1.009     1.009 r  out_reg[2][0]_i_2/O
                         net (fo=27, routed)          3.368     4.378    out_reg[2][0]_i_2_n_0
    SLICE_X4Y84          LUT3 (Prop_lut3_I0_O)        0.152     4.530 r  out[3][3]_i_15/O
                         net (fo=2, routed)           0.441     4.970    out[3][3]_i_15_n_0
    SLICE_X4Y84          LUT5 (Prop_lut5_I1_O)        0.355     5.325 r  out[3][3]_i_14/O
                         net (fo=2, routed)           1.169     6.494    out[3][3]_i_14_n_0
    SLICE_X0Y85          LUT4 (Prop_lut4_I0_O)        0.327     6.821 r  out[3][3]_i_4/O
                         net (fo=2, routed)           0.815     7.636    out[3][3]_i_4_n_0
    SLICE_X1Y85          LUT4 (Prop_lut4_I0_O)        0.124     7.760 r  out[3][3]_i_8/O
                         net (fo=1, routed)           0.000     7.760    out[3][3]_i_8_n_0
    SLICE_X1Y85          CARRY4 (Prop_carry4_S[1]_CO[3])
                                                      0.550     8.310 r  out_reg[3][3]_i_1/CO[3]
                         net (fo=1, routed)           0.000     8.310    out_reg[3][3]_i_1_n_0
    SLICE_X1Y86          CARRY4 (Prop_carry4_CI_O[2])
                                                      0.239     8.549 r  out_reg[3][7]_i_1/O[2]
                         net (fo=1, routed)           0.000     8.549    p_0_in[6]
    SLICE_X1Y86          FDRE                                         r  out_reg[3][6]/D
  -------------------------------------------------------------------    -------------------





Min Delay Paths
--------------------------------------------------------------------------------------
Slack:                    inf
  Source:                 weight_reg[0][0]/C
                            (rising edge-triggered cell FDRE)
  Destination:            out_reg[0][2]/D
  Path Group:             (none)
  Path Type:              Min at Fast Process Corner
  Data Path Delay:        0.522ns  (logic 0.275ns (52.732%)  route 0.247ns (47.268%))
  Logic Levels:           3  (CARRY4=1 FDRE=1 LUT5=1)

    Location             Delay type                Incr(ns)  Path(ns)    Netlist Resource(s)
  -------------------------------------------------------------------    -------------------
    SLICE_X2Y81          FDRE                         0.000     0.000 r  weight_reg[0][0]/C
    SLICE_X2Y81          FDRE (Prop_fdre_C_Q)         0.164     0.164 r  weight_reg[0][0]/Q
                         net (fo=13, routed)          0.247     0.411    weight_reg[0][0]__0
    SLICE_X5Y82          LUT5 (Prop_lut5_I2_O)        0.045     0.456 r  out[0][3]_i_6/O
                         net (fo=1, routed)           0.000     0.456    out[0][3]_i_6_n_0
    SLICE_X5Y82          CARRY4 (Prop_carry4_S[2]_O[2])
                                                      0.066     0.522 r  out_reg[0][3]_i_1/O[2]
                         net (fo=1, routed)           0.000     0.522    out_reg[0][3]_i_1_n_5
    SLICE_X5Y82          FDRE                                         r  out_reg[0][2]/D
  -------------------------------------------------------------------    -------------------

Slack:                    inf
  Source:                 weight_reg[0][0]/C
                            (rising edge-triggered cell FDRE)
  Destination:            out_reg[0][3]/D
  Path Group:             (none)
  Path Type:              Min at Fast Process Corner
  Data Path Delay:        0.555ns  (logic 0.308ns (55.545%)  route 0.247ns (44.455%))
  Logic Levels:           3  (CARRY4=1 FDRE=1 LUT5=1)

    Location             Delay type                Incr(ns)  Path(ns)    Netlist Resource(s)
  -------------------------------------------------------------------    -------------------
    SLICE_X2Y81          FDRE                         0.000     0.000 r  weight_reg[0][0]/C
    SLICE_X2Y81          FDRE (Prop_fdre_C_Q)         0.164     0.164 r  weight_reg[0][0]/Q
                         net (fo=13, routed)          0.247     0.411    weight_reg[0][0]__0
    SLICE_X5Y82          LUT5 (Prop_lut5_I2_O)        0.045     0.456 r  out[0][3]_i_6/O
                         net (fo=1, routed)           0.000     0.456    out[0][3]_i_6_n_0
    SLICE_X5Y82          CARRY4 (Prop_carry4_S[2]_O[3])
                                                      0.099     0.555 r  out_reg[0][3]_i_1/O[3]
                         net (fo=1, routed)           0.000     0.555    out_reg[0][3]_i_1_n_4
    SLICE_X5Y82          FDRE                                         r  out_reg[0][3]/D
  -------------------------------------------------------------------    -------------------

Slack:                    inf
  Source:                 w_val
                            (input port)
  Destination:            weight_reg[0][1]/D
  Path Group:             (none)
  Path Type:              Min at Fast Process Corner
  Data Path Delay:        0.582ns  (logic 0.180ns (30.956%)  route 0.402ns (69.044%))
  Logic Levels:           1  (IBUF=1)

    Location             Delay type                Incr(ns)  Path(ns)    Netlist Resource(s)
  -------------------------------------------------------------------    -------------------
    M16                                               0.000     0.000 r  w_val (IN)
                         net (fo=0)                   0.000     0.000    w_val
    M16                  IBUF (Prop_ibuf_I_O)         0.180     0.180 r  w_val_IBUF_inst/O
                         net (fo=16, routed)          0.402     0.582    w_val_IBUF
    SLICE_X2Y80          FDRE                                         r  weight_reg[0][1]/D
  -------------------------------------------------------------------    -------------------

Slack:                    inf
  Source:                 w_val
                            (input port)
  Destination:            weight_reg[0][3]/D
  Path Group:             (none)
  Path Type:              Min at Fast Process Corner
  Data Path Delay:        0.582ns  (logic 0.180ns (30.956%)  route 0.402ns (69.044%))
  Logic Levels:           1  (IBUF=1)

    Location             Delay type                Incr(ns)  Path(ns)    Netlist Resource(s)
  -------------------------------------------------------------------    -------------------
    M16                                               0.000     0.000 r  w_val (IN)
                         net (fo=0)                   0.000     0.000    w_val
    M16                  IBUF (Prop_ibuf_I_O)         0.180     0.180 r  w_val_IBUF_inst/O
                         net (fo=16, routed)          0.402     0.582    w_val_IBUF
    SLICE_X3Y80          FDRE                                         r  weight_reg[0][3]/D
  -------------------------------------------------------------------    -------------------

Slack:                    inf
  Source:                 weight_reg[0][0]/C
                            (rising edge-triggered cell FDRE)
  Destination:            out_reg[0][6]/D
  Path Group:             (none)
  Path Type:              Min at Fast Process Corner
  Data Path Delay:        0.614ns  (logic 0.275ns (44.761%)  route 0.339ns (55.239%))
  Logic Levels:           3  (CARRY4=1 FDRE=1 LUT6=1)

    Location             Delay type                Incr(ns)  Path(ns)    Netlist Resource(s)
  -------------------------------------------------------------------    -------------------
    SLICE_X2Y81          FDRE                         0.000     0.000 r  weight_reg[0][0]/C
    SLICE_X2Y81          FDRE (Prop_fdre_C_Q)         0.164     0.164 r  weight_reg[0][0]/Q
                         net (fo=13, routed)          0.339     0.503    weight_reg[0][0]__0
    SLICE_X5Y83          LUT6 (Prop_lut6_I4_O)        0.045     0.548 r  out[0][7]_i_6/O
                         net (fo=1, routed)           0.000     0.548    out[0][7]_i_6_n_0
    SLICE_X5Y83          CARRY4 (Prop_carry4_S[2]_O[2])
                                                      0.066     0.614 r  out_reg[0][7]_i_1/O[2]
                         net (fo=1, routed)           0.000     0.614    out_reg[0][7]_i_1_n_5
    SLICE_X5Y83          FDRE                                         r  out_reg[0][6]/D
  -------------------------------------------------------------------    -------------------

Slack:                    inf
  Source:                 weight_reg[0][0]/C
                            (rising edge-triggered cell FDRE)
  Destination:            out_reg[0][4]/D
  Path Group:             (none)
  Path Type:              Min at Fast Process Corner
  Data Path Delay:        0.625ns  (logic 0.378ns (60.528%)  route 0.247ns (39.472%))
  Logic Levels:           4  (CARRY4=2 FDRE=1 LUT5=1)

    Location             Delay type                Incr(ns)  Path(ns)    Netlist Resource(s)
  -------------------------------------------------------------------    -------------------
    SLICE_X2Y81          FDRE                         0.000     0.000 r  weight_reg[0][0]/C
    SLICE_X2Y81          FDRE (Prop_fdre_C_Q)         0.164     0.164 r  weight_reg[0][0]/Q
                         net (fo=13, routed)          0.247     0.411    weight_reg[0][0]__0
    SLICE_X5Y82          LUT5 (Prop_lut5_I2_O)        0.045     0.456 r  out[0][3]_i_6/O
                         net (fo=1, routed)           0.000     0.456    out[0][3]_i_6_n_0
    SLICE_X5Y82          CARRY4 (Prop_carry4_S[2]_CO[3])
                                                      0.115     0.571 r  out_reg[0][3]_i_1/CO[3]
                         net (fo=1, routed)           0.000     0.571    out_reg[0][3]_i_1_n_0
    SLICE_X5Y83          CARRY4 (Prop_carry4_CI_O[0])
                                                      0.054     0.625 r  out_reg[0][7]_i_1/O[0]
                         net (fo=1, routed)           0.000     0.625    out_reg[0][7]_i_1_n_7
    SLICE_X5Y83          FDRE                                         r  out_reg[0][4]/D
  -------------------------------------------------------------------    -------------------

Slack:                    inf
  Source:                 weight_reg[0][0]/C
                            (rising edge-triggered cell FDRE)
  Destination:            out_reg[0][7]/D
  Path Group:             (none)
  Path Type:              Min at Fast Process Corner
  Data Path Delay:        0.647ns  (logic 0.308ns (47.577%)  route 0.339ns (52.423%))
  Logic Levels:           3  (CARRY4=1 FDRE=1 LUT6=1)

    Location             Delay type                Incr(ns)  Path(ns)    Netlist Resource(s)
  -------------------------------------------------------------------    -------------------
    SLICE_X2Y81          FDRE                         0.000     0.000 r  weight_reg[0][0]/C
    SLICE_X2Y81          FDRE (Prop_fdre_C_Q)         0.164     0.164 r  weight_reg[0][0]/Q
                         net (fo=13, routed)          0.339     0.503    weight_reg[0][0]__0
    SLICE_X5Y83          LUT6 (Prop_lut6_I4_O)        0.045     0.548 r  out[0][7]_i_6/O
                         net (fo=1, routed)           0.000     0.548    out[0][7]_i_6_n_0
    SLICE_X5Y83          CARRY4 (Prop_carry4_S[2]_O[3])
                                                      0.099     0.647 r  out_reg[0][7]_i_1/O[3]
                         net (fo=1, routed)           0.000     0.647    out_reg[0][7]_i_1_n_4
    SLICE_X5Y83          FDRE                                         r  out_reg[0][7]/D
  -------------------------------------------------------------------    -------------------

Slack:                    inf
  Source:                 weight_reg[0][0]/C
                            (rising edge-triggered cell FDRE)
  Destination:            out_reg[0][5]/D
  Path Group:             (none)
  Path Type:              Min at Fast Process Corner
  Data Path Delay:        0.661ns  (logic 0.414ns (62.680%)  route 0.247ns (37.320%))
  Logic Levels:           4  (CARRY4=2 FDRE=1 LUT5=1)

    Location             Delay type                Incr(ns)  Path(ns)    Netlist Resource(s)
  -------------------------------------------------------------------    -------------------
    SLICE_X2Y81          FDRE                         0.000     0.000 r  weight_reg[0][0]/C
    SLICE_X2Y81          FDRE (Prop_fdre_C_Q)         0.164     0.164 r  weight_reg[0][0]/Q
                         net (fo=13, routed)          0.247     0.411    weight_reg[0][0]__0
    SLICE_X5Y82          LUT5 (Prop_lut5_I2_O)        0.045     0.456 r  out[0][3]_i_6/O
                         net (fo=1, routed)           0.000     0.456    out[0][3]_i_6_n_0
    SLICE_X5Y82          CARRY4 (Prop_carry4_S[2]_CO[3])
                                                      0.115     0.571 r  out_reg[0][3]_i_1/CO[3]
                         net (fo=1, routed)           0.000     0.571    out_reg[0][3]_i_1_n_0
    SLICE_X5Y83          CARRY4 (Prop_carry4_CI_O[1])
                                                      0.090     0.661 r  out_reg[0][7]_i_1/O[1]
                         net (fo=1, routed)           0.000     0.661    out_reg[0][7]_i_1_n_6
    SLICE_X5Y83          FDRE                                         r  out_reg[0][5]/D
  -------------------------------------------------------------------    -------------------

Slack:                    inf
  Source:                 w_val
                            (input port)
  Destination:            weight_reg[0][0]/D
  Path Group:             (none)
  Path Type:              Min at Fast Process Corner
  Data Path Delay:        0.665ns  (logic 0.180ns (27.067%)  route 0.485ns (72.933%))
  Logic Levels:           1  (IBUF=1)

    Location             Delay type                Incr(ns)  Path(ns)    Netlist Resource(s)
  -------------------------------------------------------------------    -------------------
    M16                                               0.000     0.000 r  w_val (IN)
                         net (fo=0)                   0.000     0.000    w_val
    M16                  IBUF (Prop_ibuf_I_O)         0.180     0.180 r  w_val_IBUF_inst/O
                         net (fo=16, routed)          0.485     0.665    w_val_IBUF
    SLICE_X2Y81          FDRE                                         r  weight_reg[0][0]/D
  -------------------------------------------------------------------    -------------------

Slack:                    inf
  Source:                 w_val
                            (input port)
  Destination:            weight_reg[0][2]/D
  Path Group:             (none)
  Path Type:              Min at Fast Process Corner
  Data Path Delay:        0.665ns  (logic 0.180ns (27.067%)  route 0.485ns (72.933%))
  Logic Levels:           1  (IBUF=1)

    Location             Delay type                Incr(ns)  Path(ns)    Netlist Resource(s)
  -------------------------------------------------------------------    -------------------
    M16                                               0.000     0.000 r  w_val (IN)
                         net (fo=0)                   0.000     0.000    w_val
    M16                  IBUF (Prop_ibuf_I_O)         0.180     0.180 r  w_val_IBUF_inst/O
                         net (fo=16, routed)          0.485     0.665    w_val_IBUF
    SLICE_X3Y81          FDRE                                         r  weight_reg[0][2]/D
  -------------------------------------------------------------------    -------------------





