Copyright 1986-2022 Xilinx, Inc. All Rights Reserved. Copyright 2022-2024 Advanced Micro Devices, Inc. All Rights Reserved.
----------------------------------------------------------------------------------------------------------------------------------------------------------------------------------------------------
| Tool Version : Vivado v.2024.1 (lin64) Build 5076996 Wed May 22 18:36:09 MDT 2024
| Date         : Mon May 18 11:29:06 2026
| Host         : archlinux running 64-bit unknown
| Command      : report_methodology -file /run/media/sackb/Windows-SSD/Users/sackb/OneDrive/Desktop/University/Course_Work/2025-2026/Spring_2026/ECE_410/ECE410/codefest/cf07/synth/methodology.rpt
| Design       : crossbar_mac
| Device       : xc7a100tcsg324-1
| Speed File   : -1
| Design State : Fully Routed
----------------------------------------------------------------------------------------------------------------------------------------------------------------------------------------------------

Report Methodology

Table of Contents
-----------------
1. REPORT SUMMARY
2. REPORT DETAILS

1. REPORT SUMMARY
-----------------
            Netlist: netlist
          Floorplan: impl_1
      Design limits: <entire design considered>
             Max violations: <unlimited>
             Violations found: 71
+--------+----------+------------------------------------------+------------+
| Rule   | Severity | Description                              | Violations |
+--------+----------+------------------------------------------+------------+
| XDCH-2 | Warning  | Same min and max delay values on IO port | 71         |
+--------+----------+------------------------------------------+------------+

2. REPORT DETAILS
-----------------
XDCH-2#1 Warning
Same min and max delay values on IO port  
The same input delay of 2.000 ns has been defined on port 'in[0][0]' relative to clock sys_clk_pin for both max and min. Make sure this reflects the design intent.
set_input_delay -clock sys_clk_pin 2.000 [get_ports {rst we w_val w_row w_col {in[*]}}]
/run/media/sackb/Windows-SSD/Users/sackb/OneDrive/Desktop/University/Course_Work/2025-2026/Spring_2026/ECE_410/ECE410/codefest/cf07/vivado/cf07.srcs/constrs_1/imports/src/crossbar_mac.xdc (Line: 10)
Related violations: <none>

XDCH-2#2 Warning
Same min and max delay values on IO port  
The same input delay of 2.000 ns has been defined on port 'in[0][1]' relative to clock sys_clk_pin for both max and min. Make sure this reflects the design intent.
set_input_delay -clock sys_clk_pin 2.000 [get_ports {rst we w_val w_row w_col {in[*]}}]
/run/media/sackb/Windows-SSD/Users/sackb/OneDrive/Desktop/University/Course_Work/2025-2026/Spring_2026/ECE_410/ECE410/codefest/cf07/vivado/cf07.srcs/constrs_1/imports/src/crossbar_mac.xdc (Line: 10)
Related violations: <none>

XDCH-2#3 Warning
Same min and max delay values on IO port  
The same input delay of 2.000 ns has been defined on port 'in[0][2]' relative to clock sys_clk_pin for both max and min. Make sure this reflects the design intent.
set_input_delay -clock sys_clk_pin 2.000 [get_ports {rst we w_val w_row w_col {in[*]}}]
/run/media/sackb/Windows-SSD/Users/sackb/OneDrive/Desktop/University/Course_Work/2025-2026/Spring_2026/ECE_410/ECE410/codefest/cf07/vivado/cf07.srcs/constrs_1/imports/src/crossbar_mac.xdc (Line: 10)
Related violations: <none>

XDCH-2#4 Warning
Same min and max delay values on IO port  
The same input delay of 2.000 ns has been defined on port 'in[0][3]' relative to clock sys_clk_pin for both max and min. Make sure this reflects the design intent.
set_input_delay -clock sys_clk_pin 2.000 [get_ports {rst we w_val w_row w_col {in[*]}}]
/run/media/sackb/Windows-SSD/Users/sackb/OneDrive/Desktop/University/Course_Work/2025-2026/Spring_2026/ECE_410/ECE410/codefest/cf07/vivado/cf07.srcs/constrs_1/imports/src/crossbar_mac.xdc (Line: 10)
Related violations: <none>

XDCH-2#5 Warning
Same min and max delay values on IO port  
The same input delay of 2.000 ns has been defined on port 'in[0][4]' relative to clock sys_clk_pin for both max and min. Make sure this reflects the design intent.
set_input_delay -clock sys_clk_pin 2.000 [get_ports {rst we w_val w_row w_col {in[*]}}]
/run/media/sackb/Windows-SSD/Users/sackb/OneDrive/Desktop/University/Course_Work/2025-2026/Spring_2026/ECE_410/ECE410/codefest/cf07/vivado/cf07.srcs/constrs_1/imports/src/crossbar_mac.xdc (Line: 10)
Related violations: <none>

XDCH-2#6 Warning
Same min and max delay values on IO port  
The same input delay of 2.000 ns has been defined on port 'in[0][5]' relative to clock sys_clk_pin for both max and min. Make sure this reflects the design intent.
set_input_delay -clock sys_clk_pin 2.000 [get_ports {rst we w_val w_row w_col {in[*]}}]
/run/media/sackb/Windows-SSD/Users/sackb/OneDrive/Desktop/University/Course_Work/2025-2026/Spring_2026/ECE_410/ECE410/codefest/cf07/vivado/cf07.srcs/constrs_1/imports/src/crossbar_mac.xdc (Line: 10)
Related violations: <none>

XDCH-2#7 Warning
Same min and max delay values on IO port  
The same input delay of 2.000 ns has been defined on port 'in[0][6]' relative to clock sys_clk_pin for both max and min. Make sure this reflects the design intent.
set_input_delay -clock sys_clk_pin 2.000 [get_ports {rst we w_val w_row w_col {in[*]}}]
/run/media/sackb/Windows-SSD/Users/sackb/OneDrive/Desktop/University/Course_Work/2025-2026/Spring_2026/ECE_410/ECE410/codefest/cf07/vivado/cf07.srcs/constrs_1/imports/src/crossbar_mac.xdc (Line: 10)
Related violations: <none>

XDCH-2#8 Warning
Same min and max delay values on IO port  
The same input delay of 2.000 ns has been defined on port 'in[0][7]' relative to clock sys_clk_pin for both max and min. Make sure this reflects the design intent.
set_input_delay -clock sys_clk_pin 2.000 [get_ports {rst we w_val w_row w_col {in[*]}}]
/run/media/sackb/Windows-SSD/Users/sackb/OneDrive/Desktop/University/Course_Work/2025-2026/Spring_2026/ECE_410/ECE410/codefest/cf07/vivado/cf07.srcs/constrs_1/imports/src/crossbar_mac.xdc (Line: 10)
Related violations: <none>

XDCH-2#9 Warning
Same min and max delay values on IO port  
The same input delay of 2.000 ns has been defined on port 'in[1][0]' relative to clock sys_clk_pin for both max and min. Make sure this reflects the design intent.
set_input_delay -clock sys_clk_pin 2.000 [get_ports {rst we w_val w_row w_col {in[*]}}]
/run/media/sackb/Windows-SSD/Users/sackb/OneDrive/Desktop/University/Course_Work/2025-2026/Spring_2026/ECE_410/ECE410/codefest/cf07/vivado/cf07.srcs/constrs_1/imports/src/crossbar_mac.xdc (Line: 10)
Related violations: <none>

XDCH-2#10 Warning
Same min and max delay values on IO port  
The same input delay of 2.000 ns has been defined on port 'in[1][1]' relative to clock sys_clk_pin for both max and min. Make sure this reflects the design intent.
set_input_delay -clock sys_clk_pin 2.000 [get_ports {rst we w_val w_row w_col {in[*]}}]
/run/media/sackb/Windows-SSD/Users/sackb/OneDrive/Desktop/University/Course_Work/2025-2026/Spring_2026/ECE_410/ECE410/codefest/cf07/vivado/cf07.srcs/constrs_1/imports/src/crossbar_mac.xdc (Line: 10)
Related violations: <none>

XDCH-2#11 Warning
Same min and max delay values on IO port  
The same input delay of 2.000 ns has been defined on port 'in[1][2]' relative to clock sys_clk_pin for both max and min. Make sure this reflects the design intent.
set_input_delay -clock sys_clk_pin 2.000 [get_ports {rst we w_val w_row w_col {in[*]}}]
/run/media/sackb/Windows-SSD/Users/sackb/OneDrive/Desktop/University/Course_Work/2025-2026/Spring_2026/ECE_410/ECE410/codefest/cf07/vivado/cf07.srcs/constrs_1/imports/src/crossbar_mac.xdc (Line: 10)
Related violations: <none>

XDCH-2#12 Warning
Same min and max delay values on IO port  
The same input delay of 2.000 ns has been defined on port 'in[1][3]' relative to clock sys_clk_pin for both max and min. Make sure this reflects the design intent.
set_input_delay -clock sys_clk_pin 2.000 [get_ports {rst we w_val w_row w_col {in[*]}}]
/run/media/sackb/Windows-SSD/Users/sackb/OneDrive/Desktop/University/Course_Work/2025-2026/Spring_2026/ECE_410/ECE410/codefest/cf07/vivado/cf07.srcs/constrs_1/imports/src/crossbar_mac.xdc (Line: 10)
Related violations: <none>

XDCH-2#13 Warning
Same min and max delay values on IO port  
The same input delay of 2.000 ns has been defined on port 'in[1][4]' relative to clock sys_clk_pin for both max and min. Make sure this reflects the design intent.
set_input_delay -clock sys_clk_pin 2.000 [get_ports {rst we w_val w_row w_col {in[*]}}]
/run/media/sackb/Windows-SSD/Users/sackb/OneDrive/Desktop/University/Course_Work/2025-2026/Spring_2026/ECE_410/ECE410/codefest/cf07/vivado/cf07.srcs/constrs_1/imports/src/crossbar_mac.xdc (Line: 10)
Related violations: <none>

XDCH-2#14 Warning
Same min and max delay values on IO port  
The same input delay of 2.000 ns has been defined on port 'in[1][5]' relative to clock sys_clk_pin for both max and min. Make sure this reflects the design intent.
set_input_delay -clock sys_clk_pin 2.000 [get_ports {rst we w_val w_row w_col {in[*]}}]
/run/media/sackb/Windows-SSD/Users/sackb/OneDrive/Desktop/University/Course_Work/2025-2026/Spring_2026/ECE_410/ECE410/codefest/cf07/vivado/cf07.srcs/constrs_1/imports/src/crossbar_mac.xdc (Line: 10)
Related violations: <none>

XDCH-2#15 Warning
Same min and max delay values on IO port  
The same input delay of 2.000 ns has been defined on port 'in[1][6]' relative to clock sys_clk_pin for both max and min. Make sure this reflects the design intent.
set_input_delay -clock sys_clk_pin 2.000 [get_ports {rst we w_val w_row w_col {in[*]}}]
/run/media/sackb/Windows-SSD/Users/sackb/OneDrive/Desktop/University/Course_Work/2025-2026/Spring_2026/ECE_410/ECE410/codefest/cf07/vivado/cf07.srcs/constrs_1/imports/src/crossbar_mac.xdc (Line: 10)
Related violations: <none>

XDCH-2#16 Warning
Same min and max delay values on IO port  
The same input delay of 2.000 ns has been defined on port 'in[1][7]' relative to clock sys_clk_pin for both max and min. Make sure this reflects the design intent.
set_input_delay -clock sys_clk_pin 2.000 [get_ports {rst we w_val w_row w_col {in[*]}}]
/run/media/sackb/Windows-SSD/Users/sackb/OneDrive/Desktop/University/Course_Work/2025-2026/Spring_2026/ECE_410/ECE410/codefest/cf07/vivado/cf07.srcs/constrs_1/imports/src/crossbar_mac.xdc (Line: 10)
Related violations: <none>

XDCH-2#17 Warning
Same min and max delay values on IO port  
The same input delay of 2.000 ns has been defined on port 'in[2][0]' relative to clock sys_clk_pin for both max and min. Make sure this reflects the design intent.
set_input_delay -clock sys_clk_pin 2.000 [get_ports {rst we w_val w_row w_col {in[*]}}]
/run/media/sackb/Windows-SSD/Users/sackb/OneDrive/Desktop/University/Course_Work/2025-2026/Spring_2026/ECE_410/ECE410/codefest/cf07/vivado/cf07.srcs/constrs_1/imports/src/crossbar_mac.xdc (Line: 10)
Related violations: <none>

XDCH-2#18 Warning
Same min and max delay values on IO port  
The same input delay of 2.000 ns has been defined on port 'in[2][1]' relative to clock sys_clk_pin for both max and min. Make sure this reflects the design intent.
set_input_delay -clock sys_clk_pin 2.000 [get_ports {rst we w_val w_row w_col {in[*]}}]
/run/media/sackb/Windows-SSD/Users/sackb/OneDrive/Desktop/University/Course_Work/2025-2026/Spring_2026/ECE_410/ECE410/codefest/cf07/vivado/cf07.srcs/constrs_1/imports/src/crossbar_mac.xdc (Line: 10)
Related violations: <none>

XDCH-2#19 Warning
Same min and max delay values on IO port  
The same input delay of 2.000 ns has been defined on port 'in[2][2]' relative to clock sys_clk_pin for both max and min. Make sure this reflects the design intent.
set_input_delay -clock sys_clk_pin 2.000 [get_ports {rst we w_val w_row w_col {in[*]}}]
/run/media/sackb/Windows-SSD/Users/sackb/OneDrive/Desktop/University/Course_Work/2025-2026/Spring_2026/ECE_410/ECE410/codefest/cf07/vivado/cf07.srcs/constrs_1/imports/src/crossbar_mac.xdc (Line: 10)
Related violations: <none>

XDCH-2#20 Warning
Same min and max delay values on IO port  
The same input delay of 2.000 ns has been defined on port 'in[2][3]' relative to clock sys_clk_pin for both max and min. Make sure this reflects the design intent.
set_input_delay -clock sys_clk_pin 2.000 [get_ports {rst we w_val w_row w_col {in[*]}}]
/run/media/sackb/Windows-SSD/Users/sackb/OneDrive/Desktop/University/Course_Work/2025-2026/Spring_2026/ECE_410/ECE410/codefest/cf07/vivado/cf07.srcs/constrs_1/imports/src/crossbar_mac.xdc (Line: 10)
Related violations: <none>

XDCH-2#21 Warning
Same min and max delay values on IO port  
The same input delay of 2.000 ns has been defined on port 'in[2][4]' relative to clock sys_clk_pin for both max and min. Make sure this reflects the design intent.
set_input_delay -clock sys_clk_pin 2.000 [get_ports {rst we w_val w_row w_col {in[*]}}]
/run/media/sackb/Windows-SSD/Users/sackb/OneDrive/Desktop/University/Course_Work/2025-2026/Spring_2026/ECE_410/ECE410/codefest/cf07/vivado/cf07.srcs/constrs_1/imports/src/crossbar_mac.xdc (Line: 10)
Related violations: <none>

XDCH-2#22 Warning
Same min and max delay values on IO port  
The same input delay of 2.000 ns has been defined on port 'in[2][5]' relative to clock sys_clk_pin for both max and min. Make sure this reflects the design intent.
set_input_delay -clock sys_clk_pin 2.000 [get_ports {rst we w_val w_row w_col {in[*]}}]
/run/media/sackb/Windows-SSD/Users/sackb/OneDrive/Desktop/University/Course_Work/2025-2026/Spring_2026/ECE_410/ECE410/codefest/cf07/vivado/cf07.srcs/constrs_1/imports/src/crossbar_mac.xdc (Line: 10)
Related violations: <none>

XDCH-2#23 Warning
Same min and max delay values on IO port  
The same input delay of 2.000 ns has been defined on port 'in[2][6]' relative to clock sys_clk_pin for both max and min. Make sure this reflects the design intent.
set_input_delay -clock sys_clk_pin 2.000 [get_ports {rst we w_val w_row w_col {in[*]}}]
/run/media/sackb/Windows-SSD/Users/sackb/OneDrive/Desktop/University/Course_Work/2025-2026/Spring_2026/ECE_410/ECE410/codefest/cf07/vivado/cf07.srcs/constrs_1/imports/src/crossbar_mac.xdc (Line: 10)
Related violations: <none>

XDCH-2#24 Warning
Same min and max delay values on IO port  
The same input delay of 2.000 ns has been defined on port 'in[2][7]' relative to clock sys_clk_pin for both max and min. Make sure this reflects the design intent.
set_input_delay -clock sys_clk_pin 2.000 [get_ports {rst we w_val w_row w_col {in[*]}}]
/run/media/sackb/Windows-SSD/Users/sackb/OneDrive/Desktop/University/Course_Work/2025-2026/Spring_2026/ECE_410/ECE410/codefest/cf07/vivado/cf07.srcs/constrs_1/imports/src/crossbar_mac.xdc (Line: 10)
Related violations: <none>

XDCH-2#25 Warning
Same min and max delay values on IO port  
The same input delay of 2.000 ns has been defined on port 'in[3][0]' relative to clock sys_clk_pin for both max and min. Make sure this reflects the design intent.
set_input_delay -clock sys_clk_pin 2.000 [get_ports {rst we w_val w_row w_col {in[*]}}]
/run/media/sackb/Windows-SSD/Users/sackb/OneDrive/Desktop/University/Course_Work/2025-2026/Spring_2026/ECE_410/ECE410/codefest/cf07/vivado/cf07.srcs/constrs_1/imports/src/crossbar_mac.xdc (Line: 10)
Related violations: <none>

XDCH-2#26 Warning
Same min and max delay values on IO port  
The same input delay of 2.000 ns has been defined on port 'in[3][1]' relative to clock sys_clk_pin for both max and min. Make sure this reflects the design intent.
set_input_delay -clock sys_clk_pin 2.000 [get_ports {rst we w_val w_row w_col {in[*]}}]
/run/media/sackb/Windows-SSD/Users/sackb/OneDrive/Desktop/University/Course_Work/2025-2026/Spring_2026/ECE_410/ECE410/codefest/cf07/vivado/cf07.srcs/constrs_1/imports/src/crossbar_mac.xdc (Line: 10)
Related violations: <none>

XDCH-2#27 Warning
Same min and max delay values on IO port  
The same input delay of 2.000 ns has been defined on port 'in[3][2]' relative to clock sys_clk_pin for both max and min. Make sure this reflects the design intent.
set_input_delay -clock sys_clk_pin 2.000 [get_ports {rst we w_val w_row w_col {in[*]}}]
/run/media/sackb/Windows-SSD/Users/sackb/OneDrive/Desktop/University/Course_Work/2025-2026/Spring_2026/ECE_410/ECE410/codefest/cf07/vivado/cf07.srcs/constrs_1/imports/src/crossbar_mac.xdc (Line: 10)
Related violations: <none>

XDCH-2#28 Warning
Same min and max delay values on IO port  
The same input delay of 2.000 ns has been defined on port 'in[3][3]' relative to clock sys_clk_pin for both max and min. Make sure this reflects the design intent.
set_input_delay -clock sys_clk_pin 2.000 [get_ports {rst we w_val w_row w_col {in[*]}}]
/run/media/sackb/Windows-SSD/Users/sackb/OneDrive/Desktop/University/Course_Work/2025-2026/Spring_2026/ECE_410/ECE410/codefest/cf07/vivado/cf07.srcs/constrs_1/imports/src/crossbar_mac.xdc (Line: 10)
Related violations: <none>

XDCH-2#29 Warning
Same min and max delay values on IO port  
The same input delay of 2.000 ns has been defined on port 'in[3][4]' relative to clock sys_clk_pin for both max and min. Make sure this reflects the design intent.
set_input_delay -clock sys_clk_pin 2.000 [get_ports {rst we w_val w_row w_col {in[*]}}]
/run/media/sackb/Windows-SSD/Users/sackb/OneDrive/Desktop/University/Course_Work/2025-2026/Spring_2026/ECE_410/ECE410/codefest/cf07/vivado/cf07.srcs/constrs_1/imports/src/crossbar_mac.xdc (Line: 10)
Related violations: <none>

XDCH-2#30 Warning
Same min and max delay values on IO port  
The same input delay of 2.000 ns has been defined on port 'in[3][5]' relative to clock sys_clk_pin for both max and min. Make sure this reflects the design intent.
set_input_delay -clock sys_clk_pin 2.000 [get_ports {rst we w_val w_row w_col {in[*]}}]
/run/media/sackb/Windows-SSD/Users/sackb/OneDrive/Desktop/University/Course_Work/2025-2026/Spring_2026/ECE_410/ECE410/codefest/cf07/vivado/cf07.srcs/constrs_1/imports/src/crossbar_mac.xdc (Line: 10)
Related violations: <none>

XDCH-2#31 Warning
Same min and max delay values on IO port  
The same input delay of 2.000 ns has been defined on port 'in[3][6]' relative to clock sys_clk_pin for both max and min. Make sure this reflects the design intent.
set_input_delay -clock sys_clk_pin 2.000 [get_ports {rst we w_val w_row w_col {in[*]}}]
/run/media/sackb/Windows-SSD/Users/sackb/OneDrive/Desktop/University/Course_Work/2025-2026/Spring_2026/ECE_410/ECE410/codefest/cf07/vivado/cf07.srcs/constrs_1/imports/src/crossbar_mac.xdc (Line: 10)
Related violations: <none>

XDCH-2#32 Warning
Same min and max delay values on IO port  
The same input delay of 2.000 ns has been defined on port 'in[3][7]' relative to clock sys_clk_pin for both max and min. Make sure this reflects the design intent.
set_input_delay -clock sys_clk_pin 2.000 [get_ports {rst we w_val w_row w_col {in[*]}}]
/run/media/sackb/Windows-SSD/Users/sackb/OneDrive/Desktop/University/Course_Work/2025-2026/Spring_2026/ECE_410/ECE410/codefest/cf07/vivado/cf07.srcs/constrs_1/imports/src/crossbar_mac.xdc (Line: 10)
Related violations: <none>

XDCH-2#33 Warning
Same min and max delay values on IO port  
The same input delay of 2.000 ns has been defined on port 'rst' relative to clock sys_clk_pin for both max and min. Make sure this reflects the design intent.
set_input_delay -clock sys_clk_pin 2.000 [get_ports {rst we w_val w_row w_col {in[*]}}]
/run/media/sackb/Windows-SSD/Users/sackb/OneDrive/Desktop/University/Course_Work/2025-2026/Spring_2026/ECE_410/ECE410/codefest/cf07/vivado/cf07.srcs/constrs_1/imports/src/crossbar_mac.xdc (Line: 10)
Related violations: <none>

XDCH-2#34 Warning
Same min and max delay values on IO port  
The same input delay of 2.000 ns has been defined on port 'w_col[0]' relative to clock sys_clk_pin for both max and min. Make sure this reflects the design intent.
set_input_delay -clock sys_clk_pin 2.000 [get_ports {rst we w_val w_row w_col {in[*]}}]
/run/media/sackb/Windows-SSD/Users/sackb/OneDrive/Desktop/University/Course_Work/2025-2026/Spring_2026/ECE_410/ECE410/codefest/cf07/vivado/cf07.srcs/constrs_1/imports/src/crossbar_mac.xdc (Line: 10)
Related violations: <none>

XDCH-2#35 Warning
Same min and max delay values on IO port  
The same input delay of 2.000 ns has been defined on port 'w_col[1]' relative to clock sys_clk_pin for both max and min. Make sure this reflects the design intent.
set_input_delay -clock sys_clk_pin 2.000 [get_ports {rst we w_val w_row w_col {in[*]}}]
/run/media/sackb/Windows-SSD/Users/sackb/OneDrive/Desktop/University/Course_Work/2025-2026/Spring_2026/ECE_410/ECE410/codefest/cf07/vivado/cf07.srcs/constrs_1/imports/src/crossbar_mac.xdc (Line: 10)
Related violations: <none>

XDCH-2#36 Warning
Same min and max delay values on IO port  
The same input delay of 2.000 ns has been defined on port 'w_row[0]' relative to clock sys_clk_pin for both max and min. Make sure this reflects the design intent.
set_input_delay -clock sys_clk_pin 2.000 [get_ports {rst we w_val w_row w_col {in[*]}}]
/run/media/sackb/Windows-SSD/Users/sackb/OneDrive/Desktop/University/Course_Work/2025-2026/Spring_2026/ECE_410/ECE410/codefest/cf07/vivado/cf07.srcs/constrs_1/imports/src/crossbar_mac.xdc (Line: 10)
Related violations: <none>

XDCH-2#37 Warning
Same min and max delay values on IO port  
The same input delay of 2.000 ns has been defined on port 'w_row[1]' relative to clock sys_clk_pin for both max and min. Make sure this reflects the design intent.
set_input_delay -clock sys_clk_pin 2.000 [get_ports {rst we w_val w_row w_col {in[*]}}]
/run/media/sackb/Windows-SSD/Users/sackb/OneDrive/Desktop/University/Course_Work/2025-2026/Spring_2026/ECE_410/ECE410/codefest/cf07/vivado/cf07.srcs/constrs_1/imports/src/crossbar_mac.xdc (Line: 10)
Related violations: <none>

XDCH-2#38 Warning
Same min and max delay values on IO port  
The same input delay of 2.000 ns has been defined on port 'w_val' relative to clock sys_clk_pin for both max and min. Make sure this reflects the design intent.
set_input_delay -clock sys_clk_pin 2.000 [get_ports {rst we w_val w_row w_col {in[*]}}]
/run/media/sackb/Windows-SSD/Users/sackb/OneDrive/Desktop/University/Course_Work/2025-2026/Spring_2026/ECE_410/ECE410/codefest/cf07/vivado/cf07.srcs/constrs_1/imports/src/crossbar_mac.xdc (Line: 10)
Related violations: <none>

XDCH-2#39 Warning
Same min and max delay values on IO port  
The same input delay of 2.000 ns has been defined on port 'we' relative to clock sys_clk_pin for both max and min. Make sure this reflects the design intent.
set_input_delay -clock sys_clk_pin 2.000 [get_ports {rst we w_val w_row w_col {in[*]}}]
/run/media/sackb/Windows-SSD/Users/sackb/OneDrive/Desktop/University/Course_Work/2025-2026/Spring_2026/ECE_410/ECE410/codefest/cf07/vivado/cf07.srcs/constrs_1/imports/src/crossbar_mac.xdc (Line: 10)
Related violations: <none>

XDCH-2#40 Warning
Same min and max delay values on IO port  
The same output delay of 2.000 ns has been defined on port 'out[0][0]' relative to clock sys_clk_pin for both max and min. Make sure this reflects the design intent.
set_output_delay -clock sys_clk_pin 2.000 [get_ports {out[*]}]
/run/media/sackb/Windows-SSD/Users/sackb/OneDrive/Desktop/University/Course_Work/2025-2026/Spring_2026/ECE_410/ECE410/codefest/cf07/vivado/cf07.srcs/constrs_1/imports/src/crossbar_mac.xdc (Line: 11)
Related violations: <none>

XDCH-2#41 Warning
Same min and max delay values on IO port  
The same output delay of 2.000 ns has been defined on port 'out[0][1]' relative to clock sys_clk_pin for both max and min. Make sure this reflects the design intent.
set_output_delay -clock sys_clk_pin 2.000 [get_ports {out[*]}]
/run/media/sackb/Windows-SSD/Users/sackb/OneDrive/Desktop/University/Course_Work/2025-2026/Spring_2026/ECE_410/ECE410/codefest/cf07/vivado/cf07.srcs/constrs_1/imports/src/crossbar_mac.xdc (Line: 11)
Related violations: <none>

XDCH-2#42 Warning
Same min and max delay values on IO port  
The same output delay of 2.000 ns has been defined on port 'out[0][2]' relative to clock sys_clk_pin for both max and min. Make sure this reflects the design intent.
set_output_delay -clock sys_clk_pin 2.000 [get_ports {out[*]}]
/run/media/sackb/Windows-SSD/Users/sackb/OneDrive/Desktop/University/Course_Work/2025-2026/Spring_2026/ECE_410/ECE410/codefest/cf07/vivado/cf07.srcs/constrs_1/imports/src/crossbar_mac.xdc (Line: 11)
Related violations: <none>

XDCH-2#43 Warning
Same min and max delay values on IO port  
The same output delay of 2.000 ns has been defined on port 'out[0][3]' relative to clock sys_clk_pin for both max and min. Make sure this reflects the design intent.
set_output_delay -clock sys_clk_pin 2.000 [get_ports {out[*]}]
/run/media/sackb/Windows-SSD/Users/sackb/OneDrive/Desktop/University/Course_Work/2025-2026/Spring_2026/ECE_410/ECE410/codefest/cf07/vivado/cf07.srcs/constrs_1/imports/src/crossbar_mac.xdc (Line: 11)
Related violations: <none>

XDCH-2#44 Warning
Same min and max delay values on IO port  
The same output delay of 2.000 ns has been defined on port 'out[0][4]' relative to clock sys_clk_pin for both max and min. Make sure this reflects the design intent.
set_output_delay -clock sys_clk_pin 2.000 [get_ports {out[*]}]
/run/media/sackb/Windows-SSD/Users/sackb/OneDrive/Desktop/University/Course_Work/2025-2026/Spring_2026/ECE_410/ECE410/codefest/cf07/vivado/cf07.srcs/constrs_1/imports/src/crossbar_mac.xdc (Line: 11)
Related violations: <none>

XDCH-2#45 Warning
Same min and max delay values on IO port  
The same output delay of 2.000 ns has been defined on port 'out[0][5]' relative to clock sys_clk_pin for both max and min. Make sure this reflects the design intent.
set_output_delay -clock sys_clk_pin 2.000 [get_ports {out[*]}]
/run/media/sackb/Windows-SSD/Users/sackb/OneDrive/Desktop/University/Course_Work/2025-2026/Spring_2026/ECE_410/ECE410/codefest/cf07/vivado/cf07.srcs/constrs_1/imports/src/crossbar_mac.xdc (Line: 11)
Related violations: <none>

XDCH-2#46 Warning
Same min and max delay values on IO port  
The same output delay of 2.000 ns has been defined on port 'out[0][6]' relative to clock sys_clk_pin for both max and min. Make sure this reflects the design intent.
set_output_delay -clock sys_clk_pin 2.000 [get_ports {out[*]}]
/run/media/sackb/Windows-SSD/Users/sackb/OneDrive/Desktop/University/Course_Work/2025-2026/Spring_2026/ECE_410/ECE410/codefest/cf07/vivado/cf07.srcs/constrs_1/imports/src/crossbar_mac.xdc (Line: 11)
Related violations: <none>

XDCH-2#47 Warning
Same min and max delay values on IO port  
The same output delay of 2.000 ns has been defined on port 'out[0][7]' relative to clock sys_clk_pin for both max and min. Make sure this reflects the design intent.
set_output_delay -clock sys_clk_pin 2.000 [get_ports {out[*]}]
/run/media/sackb/Windows-SSD/Users/sackb/OneDrive/Desktop/University/Course_Work/2025-2026/Spring_2026/ECE_410/ECE410/codefest/cf07/vivado/cf07.srcs/constrs_1/imports/src/crossbar_mac.xdc (Line: 11)
Related violations: <none>

XDCH-2#48 Warning
Same min and max delay values on IO port  
The same output delay of 2.000 ns has been defined on port 'out[1][0]' relative to clock sys_clk_pin for both max and min. Make sure this reflects the design intent.
set_output_delay -clock sys_clk_pin 2.000 [get_ports {out[*]}]
/run/media/sackb/Windows-SSD/Users/sackb/OneDrive/Desktop/University/Course_Work/2025-2026/Spring_2026/ECE_410/ECE410/codefest/cf07/vivado/cf07.srcs/constrs_1/imports/src/crossbar_mac.xdc (Line: 11)
Related violations: <none>

XDCH-2#49 Warning
Same min and max delay values on IO port  
The same output delay of 2.000 ns has been defined on port 'out[1][1]' relative to clock sys_clk_pin for both max and min. Make sure this reflects the design intent.
set_output_delay -clock sys_clk_pin 2.000 [get_ports {out[*]}]
/run/media/sackb/Windows-SSD/Users/sackb/OneDrive/Desktop/University/Course_Work/2025-2026/Spring_2026/ECE_410/ECE410/codefest/cf07/vivado/cf07.srcs/constrs_1/imports/src/crossbar_mac.xdc (Line: 11)
Related violations: <none>

XDCH-2#50 Warning
Same min and max delay values on IO port  
The same output delay of 2.000 ns has been defined on port 'out[1][2]' relative to clock sys_clk_pin for both max and min. Make sure this reflects the design intent.
set_output_delay -clock sys_clk_pin 2.000 [get_ports {out[*]}]
/run/media/sackb/Windows-SSD/Users/sackb/OneDrive/Desktop/University/Course_Work/2025-2026/Spring_2026/ECE_410/ECE410/codefest/cf07/vivado/cf07.srcs/constrs_1/imports/src/crossbar_mac.xdc (Line: 11)
Related violations: <none>

XDCH-2#51 Warning
Same min and max delay values on IO port  
The same output delay of 2.000 ns has been defined on port 'out[1][3]' relative to clock sys_clk_pin for both max and min. Make sure this reflects the design intent.
set_output_delay -clock sys_clk_pin 2.000 [get_ports {out[*]}]
/run/media/sackb/Windows-SSD/Users/sackb/OneDrive/Desktop/University/Course_Work/2025-2026/Spring_2026/ECE_410/ECE410/codefest/cf07/vivado/cf07.srcs/constrs_1/imports/src/crossbar_mac.xdc (Line: 11)
Related violations: <none>

XDCH-2#52 Warning
Same min and max delay values on IO port  
The same output delay of 2.000 ns has been defined on port 'out[1][4]' relative to clock sys_clk_pin for both max and min. Make sure this reflects the design intent.
set_output_delay -clock sys_clk_pin 2.000 [get_ports {out[*]}]
/run/media/sackb/Windows-SSD/Users/sackb/OneDrive/Desktop/University/Course_Work/2025-2026/Spring_2026/ECE_410/ECE410/codefest/cf07/vivado/cf07.srcs/constrs_1/imports/src/crossbar_mac.xdc (Line: 11)
Related violations: <none>

XDCH-2#53 Warning
Same min and max delay values on IO port  
The same output delay of 2.000 ns has been defined on port 'out[1][5]' relative to clock sys_clk_pin for both max and min. Make sure this reflects the design intent.
set_output_delay -clock sys_clk_pin 2.000 [get_ports {out[*]}]
/run/media/sackb/Windows-SSD/Users/sackb/OneDrive/Desktop/University/Course_Work/2025-2026/Spring_2026/ECE_410/ECE410/codefest/cf07/vivado/cf07.srcs/constrs_1/imports/src/crossbar_mac.xdc (Line: 11)
Related violations: <none>

XDCH-2#54 Warning
Same min and max delay values on IO port  
The same output delay of 2.000 ns has been defined on port 'out[1][6]' relative to clock sys_clk_pin for both max and min. Make sure this reflects the design intent.
set_output_delay -clock sys_clk_pin 2.000 [get_ports {out[*]}]
/run/media/sackb/Windows-SSD/Users/sackb/OneDrive/Desktop/University/Course_Work/2025-2026/Spring_2026/ECE_410/ECE410/codefest/cf07/vivado/cf07.srcs/constrs_1/imports/src/crossbar_mac.xdc (Line: 11)
Related violations: <none>

XDCH-2#55 Warning
Same min and max delay values on IO port  
The same output delay of 2.000 ns has been defined on port 'out[1][7]' relative to clock sys_clk_pin for both max and min. Make sure this reflects the design intent.
set_output_delay -clock sys_clk_pin 2.000 [get_ports {out[*]}]
/run/media/sackb/Windows-SSD/Users/sackb/OneDrive/Desktop/University/Course_Work/2025-2026/Spring_2026/ECE_410/ECE410/codefest/cf07/vivado/cf07.srcs/constrs_1/imports/src/crossbar_mac.xdc (Line: 11)
Related violations: <none>

XDCH-2#56 Warning
Same min and max delay values on IO port  
The same output delay of 2.000 ns has been defined on port 'out[2][0]' relative to clock sys_clk_pin for both max and min. Make sure this reflects the design intent.
set_output_delay -clock sys_clk_pin 2.000 [get_ports {out[*]}]
/run/media/sackb/Windows-SSD/Users/sackb/OneDrive/Desktop/University/Course_Work/2025-2026/Spring_2026/ECE_410/ECE410/codefest/cf07/vivado/cf07.srcs/constrs_1/imports/src/crossbar_mac.xdc (Line: 11)
Related violations: <none>

XDCH-2#57 Warning
Same min and max delay values on IO port  
The same output delay of 2.000 ns has been defined on port 'out[2][1]' relative to clock sys_clk_pin for both max and min. Make sure this reflects the design intent.
set_output_delay -clock sys_clk_pin 2.000 [get_ports {out[*]}]
/run/media/sackb/Windows-SSD/Users/sackb/OneDrive/Desktop/University/Course_Work/2025-2026/Spring_2026/ECE_410/ECE410/codefest/cf07/vivado/cf07.srcs/constrs_1/imports/src/crossbar_mac.xdc (Line: 11)
Related violations: <none>

XDCH-2#58 Warning
Same min and max delay values on IO port  
The same output delay of 2.000 ns has been defined on port 'out[2][2]' relative to clock sys_clk_pin for both max and min. Make sure this reflects the design intent.
set_output_delay -clock sys_clk_pin 2.000 [get_ports {out[*]}]
/run/media/sackb/Windows-SSD/Users/sackb/OneDrive/Desktop/University/Course_Work/2025-2026/Spring_2026/ECE_410/ECE410/codefest/cf07/vivado/cf07.srcs/constrs_1/imports/src/crossbar_mac.xdc (Line: 11)
Related violations: <none>

XDCH-2#59 Warning
Same min and max delay values on IO port  
The same output delay of 2.000 ns has been defined on port 'out[2][3]' relative to clock sys_clk_pin for both max and min. Make sure this reflects the design intent.
set_output_delay -clock sys_clk_pin 2.000 [get_ports {out[*]}]
/run/media/sackb/Windows-SSD/Users/sackb/OneDrive/Desktop/University/Course_Work/2025-2026/Spring_2026/ECE_410/ECE410/codefest/cf07/vivado/cf07.srcs/constrs_1/imports/src/crossbar_mac.xdc (Line: 11)
Related violations: <none>

XDCH-2#60 Warning
Same min and max delay values on IO port  
The same output delay of 2.000 ns has been defined on port 'out[2][4]' relative to clock sys_clk_pin for both max and min. Make sure this reflects the design intent.
set_output_delay -clock sys_clk_pin 2.000 [get_ports {out[*]}]
/run/media/sackb/Windows-SSD/Users/sackb/OneDrive/Desktop/University/Course_Work/2025-2026/Spring_2026/ECE_410/ECE410/codefest/cf07/vivado/cf07.srcs/constrs_1/imports/src/crossbar_mac.xdc (Line: 11)
Related violations: <none>

XDCH-2#61 Warning
Same min and max delay values on IO port  
The same output delay of 2.000 ns has been defined on port 'out[2][5]' relative to clock sys_clk_pin for both max and min. Make sure this reflects the design intent.
set_output_delay -clock sys_clk_pin 2.000 [get_ports {out[*]}]
/run/media/sackb/Windows-SSD/Users/sackb/OneDrive/Desktop/University/Course_Work/2025-2026/Spring_2026/ECE_410/ECE410/codefest/cf07/vivado/cf07.srcs/constrs_1/imports/src/crossbar_mac.xdc (Line: 11)
Related violations: <none>

XDCH-2#62 Warning
Same min and max delay values on IO port  
The same output delay of 2.000 ns has been defined on port 'out[2][6]' relative to clock sys_clk_pin for both max and min. Make sure this reflects the design intent.
set_output_delay -clock sys_clk_pin 2.000 [get_ports {out[*]}]
/run/media/sackb/Windows-SSD/Users/sackb/OneDrive/Desktop/University/Course_Work/2025-2026/Spring_2026/ECE_410/ECE410/codefest/cf07/vivado/cf07.srcs/constrs_1/imports/src/crossbar_mac.xdc (Line: 11)
Related violations: <none>

XDCH-2#63 Warning
Same min and max delay values on IO port  
The same output delay of 2.000 ns has been defined on port 'out[2][7]' relative to clock sys_clk_pin for both max and min. Make sure this reflects the design intent.
set_output_delay -clock sys_clk_pin 2.000 [get_ports {out[*]}]
/run/media/sackb/Windows-SSD/Users/sackb/OneDrive/Desktop/University/Course_Work/2025-2026/Spring_2026/ECE_410/ECE410/codefest/cf07/vivado/cf07.srcs/constrs_1/imports/src/crossbar_mac.xdc (Line: 11)
Related violations: <none>

XDCH-2#64 Warning
Same min and max delay values on IO port  
The same output delay of 2.000 ns has been defined on port 'out[3][0]' relative to clock sys_clk_pin for both max and min. Make sure this reflects the design intent.
set_output_delay -clock sys_clk_pin 2.000 [get_ports {out[*]}]
/run/media/sackb/Windows-SSD/Users/sackb/OneDrive/Desktop/University/Course_Work/2025-2026/Spring_2026/ECE_410/ECE410/codefest/cf07/vivado/cf07.srcs/constrs_1/imports/src/crossbar_mac.xdc (Line: 11)
Related violations: <none>

XDCH-2#65 Warning
Same min and max delay values on IO port  
The same output delay of 2.000 ns has been defined on port 'out[3][1]' relative to clock sys_clk_pin for both max and min. Make sure this reflects the design intent.
set_output_delay -clock sys_clk_pin 2.000 [get_ports {out[*]}]
/run/media/sackb/Windows-SSD/Users/sackb/OneDrive/Desktop/University/Course_Work/2025-2026/Spring_2026/ECE_410/ECE410/codefest/cf07/vivado/cf07.srcs/constrs_1/imports/src/crossbar_mac.xdc (Line: 11)
Related violations: <none>

XDCH-2#66 Warning
Same min and max delay values on IO port  
The same output delay of 2.000 ns has been defined on port 'out[3][2]' relative to clock sys_clk_pin for both max and min. Make sure this reflects the design intent.
set_output_delay -clock sys_clk_pin 2.000 [get_ports {out[*]}]
/run/media/sackb/Windows-SSD/Users/sackb/OneDrive/Desktop/University/Course_Work/2025-2026/Spring_2026/ECE_410/ECE410/codefest/cf07/vivado/cf07.srcs/constrs_1/imports/src/crossbar_mac.xdc (Line: 11)
Related violations: <none>

XDCH-2#67 Warning
Same min and max delay values on IO port  
The same output delay of 2.000 ns has been defined on port 'out[3][3]' relative to clock sys_clk_pin for both max and min. Make sure this reflects the design intent.
set_output_delay -clock sys_clk_pin 2.000 [get_ports {out[*]}]
/run/media/sackb/Windows-SSD/Users/sackb/OneDrive/Desktop/University/Course_Work/2025-2026/Spring_2026/ECE_410/ECE410/codefest/cf07/vivado/cf07.srcs/constrs_1/imports/src/crossbar_mac.xdc (Line: 11)
Related violations: <none>

XDCH-2#68 Warning
Same min and max delay values on IO port  
The same output delay of 2.000 ns has been defined on port 'out[3][4]' relative to clock sys_clk_pin for both max and min. Make sure this reflects the design intent.
set_output_delay -clock sys_clk_pin 2.000 [get_ports {out[*]}]
/run/media/sackb/Windows-SSD/Users/sackb/OneDrive/Desktop/University/Course_Work/2025-2026/Spring_2026/ECE_410/ECE410/codefest/cf07/vivado/cf07.srcs/constrs_1/imports/src/crossbar_mac.xdc (Line: 11)
Related violations: <none>

XDCH-2#69 Warning
Same min and max delay values on IO port  
The same output delay of 2.000 ns has been defined on port 'out[3][5]' relative to clock sys_clk_pin for both max and min. Make sure this reflects the design intent.
set_output_delay -clock sys_clk_pin 2.000 [get_ports {out[*]}]
/run/media/sackb/Windows-SSD/Users/sackb/OneDrive/Desktop/University/Course_Work/2025-2026/Spring_2026/ECE_410/ECE410/codefest/cf07/vivado/cf07.srcs/constrs_1/imports/src/crossbar_mac.xdc (Line: 11)
Related violations: <none>

XDCH-2#70 Warning
Same min and max delay values on IO port  
The same output delay of 2.000 ns has been defined on port 'out[3][6]' relative to clock sys_clk_pin for both max and min. Make sure this reflects the design intent.
set_output_delay -clock sys_clk_pin 2.000 [get_ports {out[*]}]
/run/media/sackb/Windows-SSD/Users/sackb/OneDrive/Desktop/University/Course_Work/2025-2026/Spring_2026/ECE_410/ECE410/codefest/cf07/vivado/cf07.srcs/constrs_1/imports/src/crossbar_mac.xdc (Line: 11)
Related violations: <none>

XDCH-2#71 Warning
Same min and max delay values on IO port  
The same output delay of 2.000 ns has been defined on port 'out[3][7]' relative to clock sys_clk_pin for both max and min. Make sure this reflects the design intent.
set_output_delay -clock sys_clk_pin 2.000 [get_ports {out[*]}]
/run/media/sackb/Windows-SSD/Users/sackb/OneDrive/Desktop/University/Course_Work/2025-2026/Spring_2026/ECE_410/ECE410/codefest/cf07/vivado/cf07.srcs/constrs_1/imports/src/crossbar_mac.xdc (Line: 11)
Related violations: <none>


