Copyright 1986-2022 Xilinx, Inc. All Rights Reserved. Copyright 2022-2024 Advanced Micro Devices, Inc. All Rights Reserved.
----------------------------------------------------------------------------------------------------------------------------------------------------------------------------------------------------------------------------------------------
| Tool Version : Vivado v.2024.1 (lin64) Build 5076996 Wed May 22 18:36:09 MDT 2024
| Date         : Mon May 18 11:29:06 2026
| Host         : archlinux running 64-bit unknown
| Command      : report_timing_summary -max_paths 10 -report_unconstrained -file /run/media/sackb/Windows-SSD/Users/sackb/OneDrive/Desktop/University/Course_Work/2025-2026/Spring_2026/ECE_410/ECE410/codefest/cf07/synth/timing_summary.rpt
| Design       : crossbar_mac
| Device       : 7a100t-csg324
| Speed File   : -1  PRODUCTION 1.23 2018-06-13
| Design State : Routed
----------------------------------------------------------------------------------------------------------------------------------------------------------------------------------------------------------------------------------------------

Timing Summary Report

------------------------------------------------------------------------------------------------
| Timer Settings
| --------------
------------------------------------------------------------------------------------------------

  Enable Multi Corner Analysis               :  Yes
  Enable Pessimism Removal                   :  Yes
  Pessimism Removal Resolution               :  Nearest Common Node
  Enable Input Delay Default Clock           :  No
  Enable Preset / Clear Arcs                 :  No
  Disable Flight Delays                      :  No
  Ignore I/O Paths                           :  No
  Timing Early Launch at Borrowing Latches   :  No
  Borrow Time for Max Delay Exceptions       :  Yes
  Merge Timing Exceptions                    :  Yes
  Inter-SLR Compensation                     :  Conservative

  Corner  Analyze    Analyze    
  Name    Max Paths  Min Paths  
  ------  ---------  ---------  
  Slow    Yes        Yes        
  Fast    Yes        Yes        


------------------------------------------------------------------------------------------------
| Report Methodology
| ------------------
------------------------------------------------------------------------------------------------

Rule    Severity  Description                               Violations  
------  --------  ----------------------------------------  ----------  
XDCH-2  Warning   Same min and max delay values on IO port  71          

Note: This report is based on the most recent report_methodology run and may not be up-to-date. Run report_methodology on the current design for the latest report.



check_timing report

Table of Contents
-----------------
1. checking no_clock (0)
2. checking constant_clock (0)
3. checking pulse_width_clock (0)
4. checking unconstrained_internal_endpoints (0)
5. checking no_input_delay (0)
6. checking no_output_delay (0)
7. checking multiple_clock (0)
8. checking generated_clocks (0)
9. checking loops (0)
10. checking partial_input_delay (0)
11. checking partial_output_delay (0)
12. checking latch_loops (0)

1. checking no_clock (0)
------------------------
 There are 0 register/latch pins with no clock.


2. checking constant_clock (0)
------------------------------
 There are 0 register/latch pins with constant_clock.


3. checking pulse_width_clock (0)
---------------------------------
 There are 0 register/latch pins which need pulse_width check


4. checking unconstrained_internal_endpoints (0)
------------------------------------------------
 There are 0 pins that are not constrained for maximum delay.

 There are 0 pins that are not constrained for maximum delay due to constant clock.


5. checking no_input_delay (0)
------------------------------
 There are 0 input ports with no input delay specified.

 There are 0 input ports with no input delay but user has a false path constraint.


6. checking no_output_delay (0)
-------------------------------
 There are 0 ports with no output delay specified.

 There are 0 ports with no output delay but user has a false path constraint

 There are 0 ports with no output delay but with a timing clock defined on it or propagating through it


7. checking multiple_clock (0)
------------------------------
 There are 0 register/latch pins with multiple clocks.


8. checking generated_clocks (0)
--------------------------------
 There are 0 generated clocks that are not connected to a clock source.


9. checking loops (0)
---------------------
 There are 0 combinational loops in the design.


10. checking partial_input_delay (0)
------------------------------------
 There are 0 input ports with partial input delay specified.


11. checking partial_output_delay (0)
-------------------------------------
 There are 0 ports with partial output delay specified.


12. checking latch_loops (0)
----------------------------
 There are 0 combinational latch loops in the design through latch input



------------------------------------------------------------------------------------------------
| Design Timing Summary
| ---------------------
------------------------------------------------------------------------------------------------

    WNS(ns)      TNS(ns)  TNS Failing Endpoints  TNS Total Endpoints      WHS(ns)      THS(ns)  THS Failing Endpoints  THS Total Endpoints     WPWS(ns)     TPWS(ns)  TPWS Failing Endpoints  TPWS Total Endpoints  
    -------      -------  ---------------------  -------------------      -------      -------  ---------------------  -------------------     --------     --------  ----------------------  --------------------  
      3.713        0.000                      0                  124        0.193        0.000                      0                  124        4.500        0.000                       0                    46  


All user specified timing constraints are met.


------------------------------------------------------------------------------------------------
| Clock Summary
| -------------
------------------------------------------------------------------------------------------------

Clock        Waveform(ns)       Period(ns)      Frequency(MHz)
-----        ------------       ----------      --------------
sys_clk_pin  {0.000 5.000}      10.000          100.000         


------------------------------------------------------------------------------------------------
| Intra Clock Table
| -----------------
------------------------------------------------------------------------------------------------

Clock             WNS(ns)      TNS(ns)  TNS Failing Endpoints  TNS Total Endpoints      WHS(ns)      THS(ns)  THS Failing Endpoints  THS Total Endpoints     WPWS(ns)     TPWS(ns)  TPWS Failing Endpoints  TPWS Total Endpoints  
-----             -------      -------  ---------------------  -------------------      -------      -------  ---------------------  -------------------     --------     --------  ----------------------  --------------------  
sys_clk_pin         3.713        0.000                      0                  124        0.193        0.000                      0                  124        4.500        0.000                       0                    46  


------------------------------------------------------------------------------------------------
| Inter Clock Table
| -----------------
------------------------------------------------------------------------------------------------

From Clock    To Clock          WNS(ns)      TNS(ns)  TNS Failing Endpoints  TNS Total Endpoints      WHS(ns)      THS(ns)  THS Failing Endpoints  THS Total Endpoints  
----------    --------          -------      -------  ---------------------  -------------------      -------      -------  ---------------------  -------------------  


------------------------------------------------------------------------------------------------
| Other Path Groups Table
| -----------------------
------------------------------------------------------------------------------------------------

Path Group    From Clock    To Clock          WNS(ns)      TNS(ns)  TNS Failing Endpoints  TNS Total Endpoints      WHS(ns)      THS(ns)  THS Failing Endpoints  THS Total Endpoints  
----------    ----------    --------          -------      -------  ---------------------  -------------------      -------      -------  ---------------------  -------------------  


------------------------------------------------------------------------------------------------
| User Ignored Path Table
| -----------------------
------------------------------------------------------------------------------------------------

Path Group    From Clock    To Clock    
----------    ----------    --------    


------------------------------------------------------------------------------------------------
| Unconstrained Path Table
| ------------------------
------------------------------------------------------------------------------------------------

Path Group    From Clock    To Clock    
----------    ----------    --------    


------------------------------------------------------------------------------------------------
| Timing Details
| --------------
------------------------------------------------------------------------------------------------


---------------------------------------------------------------------------------------------------
From Clock:  sys_clk_pin
  To Clock:  sys_clk_pin

Setup :            0  Failing Endpoints,  Worst Slack        3.713ns,  Total Violation        0.000ns
Hold  :            0  Failing Endpoints,  Worst Slack        0.193ns,  Total Violation        0.000ns
PW    :            0  Failing Endpoints,  Worst Slack        4.500ns,  Total Violation        0.000ns
---------------------------------------------------------------------------------------------------


Max Delay Paths
--------------------------------------------------------------------------------------
Slack (MET) :             3.713ns  (required time - arrival time)
  Source:                 in[2][0]
                            (input port clocked by sys_clk_pin  {rise@0.000ns fall@5.000ns period=10.000ns})
  Destination:            out_reg[1][5]/D
                            (rising edge-triggered cell FDRE clocked by sys_clk_pin  {rise@0.000ns fall@5.000ns period=10.000ns})
  Path Group:             sys_clk_pin
  Path Type:              Setup (Max at Slow Process Corner)
  Requirement:            10.000ns  (sys_clk_pin rise@10.000ns - sys_clk_pin rise@0.000ns)
  Data Path Delay:        5.238ns  (logic 1.689ns (32.248%)  route 3.549ns (67.752%))
  Logic Levels:           6  (CARRY4=2 LUT3=1 LUT5=1 LUT6=2)
  Input Delay:            2.000ns
  Clock Path Skew:        0.924ns (DCD - SCD + CPR)
    Destination Clock Delay (DCD):    0.924ns = ( 10.924 - 10.000 ) 
    Source Clock Delay      (SCD):    0.000ns
    Clock Pessimism Removal (CPR):    0.000ns
  Clock Uncertainty:      0.035ns  ((TSJ^2 + TIJ^2)^1/2 + DJ) / 2 + PE
    Total System Jitter     (TSJ):    0.071ns
    Total Input Jitter      (TIJ):    0.000ns
    Discrete Jitter          (DJ):    0.000ns
    Phase Error              (PE):    0.000ns

    Location             Delay type                Incr(ns)  Path(ns)    Netlist Resource(s)
  -------------------------------------------------------------------    -------------------
                         (clock sys_clk_pin rise edge)
                                                      0.000     0.000 r  
                         input delay                  2.000     2.000    
                                                      0.000     2.000 r  in[2][0] (IN)
                         net (fo=26, unset)           0.973     2.973    in[2][0]
    SLICE_X9Y121         LUT3 (Prop_lut3_I0_O)        0.150     3.123 r  out[1][3]_i_13/O
                         net (fo=2, routed)           1.177     4.300    out[1][3]_i_13_n_0
    SLICE_X14Y121        LUT5 (Prop_lut5_I4_O)        0.352     4.652 r  out[1][3]_i_9/O
                         net (fo=2, routed)           0.912     5.564    out[1][3]_i_9_n_0
    SLICE_X14Y121        LUT6 (Prop_lut6_I0_O)        0.328     5.892 r  out[1][3]_i_2/O
                         net (fo=2, routed)           0.486     6.379    out[1][3]_i_2_n_0
    SLICE_X13Y121        LUT6 (Prop_lut6_I0_O)        0.124     6.503 r  out[1][3]_i_5/O
                         net (fo=1, routed)           0.000     6.503    out[1][3]_i_5_n_0
    SLICE_X13Y121        CARRY4 (Prop_carry4_S[3]_CO[3])
                                                      0.401     6.904 r  out_reg[1][3]_i_1/CO[3]
                         net (fo=1, routed)           0.000     6.904    out_reg[1][3]_i_1_n_0
    SLICE_X13Y122        CARRY4 (Prop_carry4_CI_O[1])
                                                      0.334     7.238 r  out_reg[1][7]_i_1/O[1]
                         net (fo=1, routed)           0.000     7.238    out_reg[1][7]_i_1_n_6
    SLICE_X13Y122        FDRE                                         r  out_reg[1][5]/D
  -------------------------------------------------------------------    -------------------

                         (clock sys_clk_pin rise edge)
                                                     10.000    10.000 r  
                                                      0.000    10.000 r  clk (IN)
                         net (fo=45, unset)           0.924    10.924    clk
    SLICE_X13Y122        FDRE                                         r  out_reg[1][5]/C
                         clock pessimism              0.000    10.924    
                         clock uncertainty           -0.035    10.889    
    SLICE_X13Y122        FDRE (Setup_fdre_C_D)        0.062    10.951    out_reg[1][5]
  -------------------------------------------------------------------
                         required time                         10.951    
                         arrival time                          -7.238    
  -------------------------------------------------------------------
                         slack                                  3.713    

Slack (MET) :             3.734ns  (required time - arrival time)
  Source:                 in[2][0]
                            (input port clocked by sys_clk_pin  {rise@0.000ns fall@5.000ns period=10.000ns})
  Destination:            out_reg[1][7]/D
                            (rising edge-triggered cell FDRE clocked by sys_clk_pin  {rise@0.000ns fall@5.000ns period=10.000ns})
  Path Group:             sys_clk_pin
  Path Type:              Setup (Max at Slow Process Corner)
  Requirement:            10.000ns  (sys_clk_pin rise@10.000ns - sys_clk_pin rise@0.000ns)
  Data Path Delay:        5.217ns  (logic 1.668ns (31.975%)  route 3.549ns (68.025%))
  Logic Levels:           6  (CARRY4=2 LUT3=1 LUT5=1 LUT6=2)
  Input Delay:            2.000ns
  Clock Path Skew:        0.924ns (DCD - SCD + CPR)
    Destination Clock Delay (DCD):    0.924ns = ( 10.924 - 10.000 ) 
    Source Clock Delay      (SCD):    0.000ns
    Clock Pessimism Removal (CPR):    0.000ns
  Clock Uncertainty:      0.035ns  ((TSJ^2 + TIJ^2)^1/2 + DJ) / 2 + PE
    Total System Jitter     (TSJ):    0.071ns
    Total Input Jitter      (TIJ):    0.000ns
    Discrete Jitter          (DJ):    0.000ns
    Phase Error              (PE):    0.000ns

    Location             Delay type                Incr(ns)  Path(ns)    Netlist Resource(s)
  -------------------------------------------------------------------    -------------------
                         (clock sys_clk_pin rise edge)
                                                      0.000     0.000 r  
                         input delay                  2.000     2.000    
                                                      0.000     2.000 r  in[2][0] (IN)
                         net (fo=26, unset)           0.973     2.973    in[2][0]
    SLICE_X9Y121         LUT3 (Prop_lut3_I0_O)        0.150     3.123 r  out[1][3]_i_13/O
                         net (fo=2, routed)           1.177     4.300    out[1][3]_i_13_n_0
    SLICE_X14Y121        LUT5 (Prop_lut5_I4_O)        0.352     4.652 r  out[1][3]_i_9/O
                         net (fo=2, routed)           0.912     5.564    out[1][3]_i_9_n_0
    SLICE_X14Y121        LUT6 (Prop_lut6_I0_O)        0.328     5.892 r  out[1][3]_i_2/O
                         net (fo=2, routed)           0.486     6.379    out[1][3]_i_2_n_0
    SLICE_X13Y121        LUT6 (Prop_lut6_I0_O)        0.124     6.503 r  out[1][3]_i_5/O
                         net (fo=1, routed)           0.000     6.503    out[1][3]_i_5_n_0
    SLICE_X13Y121        CARRY4 (Prop_carry4_S[3]_CO[3])
                                                      0.401     6.904 r  out_reg[1][3]_i_1/CO[3]
                         net (fo=1, routed)           0.000     6.904    out_reg[1][3]_i_1_n_0
    SLICE_X13Y122        CARRY4 (Prop_carry4_CI_O[3])
                                                      0.313     7.217 r  out_reg[1][7]_i_1/O[3]
                         net (fo=1, routed)           0.000     7.217    out_reg[1][7]_i_1_n_4
    SLICE_X13Y122        FDRE                                         r  out_reg[1][7]/D
  -------------------------------------------------------------------    -------------------

                         (clock sys_clk_pin rise edge)
                                                     10.000    10.000 r  
                                                      0.000    10.000 r  clk (IN)
                         net (fo=45, unset)           0.924    10.924    clk
    SLICE_X13Y122        FDRE                                         r  out_reg[1][7]/C
                         clock pessimism              0.000    10.924    
                         clock uncertainty           -0.035    10.889    
    SLICE_X13Y122        FDRE (Setup_fdre_C_D)        0.062    10.951    out_reg[1][7]
  -------------------------------------------------------------------
                         required time                         10.951    
                         arrival time                          -7.217    
  -------------------------------------------------------------------
                         slack                                  3.734    

Slack (MET) :             3.808ns  (required time - arrival time)
  Source:                 in[2][0]
                            (input port clocked by sys_clk_pin  {rise@0.000ns fall@5.000ns period=10.000ns})
  Destination:            out_reg[1][6]/D
                            (rising edge-triggered cell FDRE clocked by sys_clk_pin  {rise@0.000ns fall@5.000ns period=10.000ns})
  Path Group:             sys_clk_pin
  Path Type:              Setup (Max at Slow Process Corner)
  Requirement:            10.000ns  (sys_clk_pin rise@10.000ns - sys_clk_pin rise@0.000ns)
  Data Path Delay:        5.143ns  (logic 1.594ns (30.996%)  route 3.549ns (69.004%))
  Logic Levels:           6  (CARRY4=2 LUT3=1 LUT5=1 LUT6=2)
  Input Delay:            2.000ns
  Clock Path Skew:        0.924ns (DCD - SCD + CPR)
    Destination Clock Delay (DCD):    0.924ns = ( 10.924 - 10.000 ) 
    Source Clock Delay      (SCD):    0.000ns
    Clock Pessimism Removal (CPR):    0.000ns
  Clock Uncertainty:      0.035ns  ((TSJ^2 + TIJ^2)^1/2 + DJ) / 2 + PE
    Total System Jitter     (TSJ):    0.071ns
    Total Input Jitter      (TIJ):    0.000ns
    Discrete Jitter          (DJ):    0.000ns
    Phase Error              (PE):    0.000ns

    Location             Delay type                Incr(ns)  Path(ns)    Netlist Resource(s)
  -------------------------------------------------------------------    -------------------
                         (clock sys_clk_pin rise edge)
                                                      0.000     0.000 r  
                         input delay                  2.000     2.000    
                                                      0.000     2.000 r  in[2][0] (IN)
                         net (fo=26, unset)           0.973     2.973    in[2][0]
    SLICE_X9Y121         LUT3 (Prop_lut3_I0_O)        0.150     3.123 r  out[1][3]_i_13/O
                         net (fo=2, routed)           1.177     4.300    out[1][3]_i_13_n_0
    SLICE_X14Y121        LUT5 (Prop_lut5_I4_O)        0.352     4.652 r  out[1][3]_i_9/O
                         net (fo=2, routed)           0.912     5.564    out[1][3]_i_9_n_0
    SLICE_X14Y121        LUT6 (Prop_lut6_I0_O)        0.328     5.892 r  out[1][3]_i_2/O
                         net (fo=2, routed)           0.486     6.379    out[1][3]_i_2_n_0
    SLICE_X13Y121        LUT6 (Prop_lut6_I0_O)        0.124     6.503 r  out[1][3]_i_5/O
                         net (fo=1, routed)           0.000     6.503    out[1][3]_i_5_n_0
    SLICE_X13Y121        CARRY4 (Prop_carry4_S[3]_CO[3])
                                                      0.401     6.904 r  out_reg[1][3]_i_1/CO[3]
                         net (fo=1, routed)           0.000     6.904    out_reg[1][3]_i_1_n_0
    SLICE_X13Y122        CARRY4 (Prop_carry4_CI_O[2])
                                                      0.239     7.143 r  out_reg[1][7]_i_1/O[2]
                         net (fo=1, routed)           0.000     7.143    out_reg[1][7]_i_1_n_5
    SLICE_X13Y122        FDRE                                         r  out_reg[1][6]/D
  -------------------------------------------------------------------    -------------------

                         (clock sys_clk_pin rise edge)
                                                     10.000    10.000 r  
                                                      0.000    10.000 r  clk (IN)
                         net (fo=45, unset)           0.924    10.924    clk
    SLICE_X13Y122        FDRE                                         r  out_reg[1][6]/C
                         clock pessimism              0.000    10.924    
                         clock uncertainty           -0.035    10.889    
    SLICE_X13Y122        FDRE (Setup_fdre_C_D)        0.062    10.951    out_reg[1][6]
  -------------------------------------------------------------------
                         required time                         10.951    
                         arrival time                          -7.143    
  -------------------------------------------------------------------
                         slack                                  3.808    

Slack (MET) :             3.824ns  (required time - arrival time)
  Source:                 in[2][0]
                            (input port clocked by sys_clk_pin  {rise@0.000ns fall@5.000ns period=10.000ns})
  Destination:            out_reg[1][4]/D
                            (rising edge-triggered cell FDRE clocked by sys_clk_pin  {rise@0.000ns fall@5.000ns period=10.000ns})
  Path Group:             sys_clk_pin
  Path Type:              Setup (Max at Slow Process Corner)
  Requirement:            10.000ns  (sys_clk_pin rise@10.000ns - sys_clk_pin rise@0.000ns)
  Data Path Delay:        5.127ns  (logic 1.578ns (30.781%)  route 3.549ns (69.219%))
  Logic Levels:           6  (CARRY4=2 LUT3=1 LUT5=1 LUT6=2)
  Input Delay:            2.000ns
  Clock Path Skew:        0.924ns (DCD - SCD + CPR)
    Destination Clock Delay (DCD):    0.924ns = ( 10.924 - 10.000 ) 
    Source Clock Delay      (SCD):    0.000ns
    Clock Pessimism Removal (CPR):    0.000ns
  Clock Uncertainty:      0.035ns  ((TSJ^2 + TIJ^2)^1/2 + DJ) / 2 + PE
    Total System Jitter     (TSJ):    0.071ns
    Total Input Jitter      (TIJ):    0.000ns
    Discrete Jitter          (DJ):    0.000ns
    Phase Error              (PE):    0.000ns

    Location             Delay type                Incr(ns)  Path(ns)    Netlist Resource(s)
  -------------------------------------------------------------------    -------------------
                         (clock sys_clk_pin rise edge)
                                                      0.000     0.000 r  
                         input delay                  2.000     2.000    
                                                      0.000     2.000 r  in[2][0] (IN)
                         net (fo=26, unset)           0.973     2.973    in[2][0]
    SLICE_X9Y121         LUT3 (Prop_lut3_I0_O)        0.150     3.123 r  out[1][3]_i_13/O
                         net (fo=2, routed)           1.177     4.300    out[1][3]_i_13_n_0
    SLICE_X14Y121        LUT5 (Prop_lut5_I4_O)        0.352     4.652 r  out[1][3]_i_9/O
                         net (fo=2, routed)           0.912     5.564    out[1][3]_i_9_n_0
    SLICE_X14Y121        LUT6 (Prop_lut6_I0_O)        0.328     5.892 r  out[1][3]_i_2/O
                         net (fo=2, routed)           0.486     6.379    out[1][3]_i_2_n_0
    SLICE_X13Y121        LUT6 (Prop_lut6_I0_O)        0.124     6.503 r  out[1][3]_i_5/O
                         net (fo=1, routed)           0.000     6.503    out[1][3]_i_5_n_0
    SLICE_X13Y121        CARRY4 (Prop_carry4_S[3]_CO[3])
                                                      0.401     6.904 r  out_reg[1][3]_i_1/CO[3]
                         net (fo=1, routed)           0.000     6.904    out_reg[1][3]_i_1_n_0
    SLICE_X13Y122        CARRY4 (Prop_carry4_CI_O[0])
                                                      0.223     7.127 r  out_reg[1][7]_i_1/O[0]
                         net (fo=1, routed)           0.000     7.127    out_reg[1][7]_i_1_n_7
    SLICE_X13Y122        FDRE                                         r  out_reg[1][4]/D
  -------------------------------------------------------------------    -------------------

                         (clock sys_clk_pin rise edge)
                                                     10.000    10.000 r  
                                                      0.000    10.000 r  clk (IN)
                         net (fo=45, unset)           0.924    10.924    clk
    SLICE_X13Y122        FDRE                                         r  out_reg[1][4]/C
                         clock pessimism              0.000    10.924    
                         clock uncertainty           -0.035    10.889    
    SLICE_X13Y122        FDRE (Setup_fdre_C_D)        0.062    10.951    out_reg[1][4]
  -------------------------------------------------------------------
                         required time                         10.951    
                         arrival time                          -7.127    
  -------------------------------------------------------------------
                         slack                                  3.824    

Slack (MET) :             3.892ns  (required time - arrival time)
  Source:                 in[2][0]
                            (input port clocked by sys_clk_pin  {rise@0.000ns fall@5.000ns period=10.000ns})
  Destination:            out_reg[3][5]/D
                            (rising edge-triggered cell FDRE clocked by sys_clk_pin  {rise@0.000ns fall@5.000ns period=10.000ns})
  Path Group:             sys_clk_pin
  Path Type:              Setup (Max at Slow Process Corner)
  Requirement:            10.000ns  (sys_clk_pin rise@10.000ns - sys_clk_pin rise@0.000ns)
  Data Path Delay:        5.059ns  (logic 1.577ns (31.169%)  route 3.482ns (68.831%))
  Logic Levels:           5  (CARRY4=2 LUT3=1 LUT5=1 LUT6=1)
  Input Delay:            2.000ns
  Clock Path Skew:        0.924ns (DCD - SCD + CPR)
    Destination Clock Delay (DCD):    0.924ns = ( 10.924 - 10.000 ) 
    Source Clock Delay      (SCD):    0.000ns
    Clock Pessimism Removal (CPR):    0.000ns
  Clock Uncertainty:      0.035ns  ((TSJ^2 + TIJ^2)^1/2 + DJ) / 2 + PE
    Total System Jitter     (TSJ):    0.071ns
    Total Input Jitter      (TIJ):    0.000ns
    Discrete Jitter          (DJ):    0.000ns
    Phase Error              (PE):    0.000ns

    Location             Delay type                Incr(ns)  Path(ns)    Netlist Resource(s)
  -------------------------------------------------------------------    -------------------
                         (clock sys_clk_pin rise edge)
                                                      0.000     0.000 r  
                         input delay                  2.000     2.000    
                                                      0.000     2.000 r  in[2][0] (IN)
                         net (fo=26, unset)           0.973     2.973    in[2][0]
    SLICE_X12Y117        LUT3 (Prop_lut3_I0_O)        0.150     3.123 r  out[3][3]_i_13/O
                         net (fo=2, routed)           1.004     4.127    out[3][3]_i_13_n_0
    SLICE_X12Y117        LUT5 (Prop_lut5_I4_O)        0.377     4.504 r  out[3][3]_i_9/O
                         net (fo=2, routed)           0.825     5.328    out[3][3]_i_9_n_0
    SLICE_X12Y118        LUT6 (Prop_lut6_I0_O)        0.331     5.659 r  out[3][3]_i_2/O
                         net (fo=2, routed)           0.681     6.340    out[3][3]_i_2_n_0
    SLICE_X13Y118        CARRY4 (Prop_carry4_DI[3]_CO[3])
                                                      0.385     6.725 r  out_reg[3][3]_i_1/CO[3]
                         net (fo=1, routed)           0.000     6.725    out_reg[3][3]_i_1_n_0
    SLICE_X13Y119        CARRY4 (Prop_carry4_CI_O[1])
                                                      0.334     7.059 r  out_reg[3][7]_i_1/O[1]
                         net (fo=1, routed)           0.000     7.059    p_0_in[5]
    SLICE_X13Y119        FDRE                                         r  out_reg[3][5]/D
  -------------------------------------------------------------------    -------------------

                         (clock sys_clk_pin rise edge)
                                                     10.000    10.000 r  
                                                      0.000    10.000 r  clk (IN)
                         net (fo=45, unset)           0.924    10.924    clk
    SLICE_X13Y119        FDRE                                         r  out_reg[3][5]/C
                         clock pessimism              0.000    10.924    
                         clock uncertainty           -0.035    10.889    
    SLICE_X13Y119        FDRE (Setup_fdre_C_D)        0.062    10.951    out_reg[3][5]
  -------------------------------------------------------------------
                         required time                         10.951    
                         arrival time                          -7.059    
  -------------------------------------------------------------------
                         slack                                  3.892    

Slack (MET) :             3.913ns  (required time - arrival time)
  Source:                 in[2][0]
                            (input port clocked by sys_clk_pin  {rise@0.000ns fall@5.000ns period=10.000ns})
  Destination:            out_reg[3][7]/D
                            (rising edge-triggered cell FDRE clocked by sys_clk_pin  {rise@0.000ns fall@5.000ns period=10.000ns})
  Path Group:             sys_clk_pin
  Path Type:              Setup (Max at Slow Process Corner)
  Requirement:            10.000ns  (sys_clk_pin rise@10.000ns - sys_clk_pin rise@0.000ns)
  Data Path Delay:        5.038ns  (logic 1.556ns (30.883%)  route 3.482ns (69.117%))
  Logic Levels:           5  (CARRY4=2 LUT3=1 LUT5=1 LUT6=1)
  Input Delay:            2.000ns
  Clock Path Skew:        0.924ns (DCD - SCD + CPR)
    Destination Clock Delay (DCD):    0.924ns = ( 10.924 - 10.000 ) 
    Source Clock Delay      (SCD):    0.000ns
    Clock Pessimism Removal (CPR):    0.000ns
  Clock Uncertainty:      0.035ns  ((TSJ^2 + TIJ^2)^1/2 + DJ) / 2 + PE
    Total System Jitter     (TSJ):    0.071ns
    Total Input Jitter      (TIJ):    0.000ns
    Discrete Jitter          (DJ):    0.000ns
    Phase Error              (PE):    0.000ns

    Location             Delay type                Incr(ns)  Path(ns)    Netlist Resource(s)
  -------------------------------------------------------------------    -------------------
                         (clock sys_clk_pin rise edge)
                                                      0.000     0.000 r  
                         input delay                  2.000     2.000    
                                                      0.000     2.000 r  in[2][0] (IN)
                         net (fo=26, unset)           0.973     2.973    in[2][0]
    SLICE_X12Y117        LUT3 (Prop_lut3_I0_O)        0.150     3.123 r  out[3][3]_i_13/O
                         net (fo=2, routed)           1.004     4.127    out[3][3]_i_13_n_0
    SLICE_X12Y117        LUT5 (Prop_lut5_I4_O)        0.377     4.504 r  out[3][3]_i_9/O
                         net (fo=2, routed)           0.825     5.328    out[3][3]_i_9_n_0
    SLICE_X12Y118        LUT6 (Prop_lut6_I0_O)        0.331     5.659 r  out[3][3]_i_2/O
                         net (fo=2, routed)           0.681     6.340    out[3][3]_i_2_n_0
    SLICE_X13Y118        CARRY4 (Prop_carry4_DI[3]_CO[3])
                                                      0.385     6.725 r  out_reg[3][3]_i_1/CO[3]
                         net (fo=1, routed)           0.000     6.725    out_reg[3][3]_i_1_n_0
    SLICE_X13Y119        CARRY4 (Prop_carry4_CI_O[3])
                                                      0.313     7.038 r  out_reg[3][7]_i_1/O[3]
                         net (fo=1, routed)           0.000     7.038    p_0_in[7]
    SLICE_X13Y119        FDRE                                         r  out_reg[3][7]/D
  -------------------------------------------------------------------    -------------------

                         (clock sys_clk_pin rise edge)
                                                     10.000    10.000 r  
                                                      0.000    10.000 r  clk (IN)
                         net (fo=45, unset)           0.924    10.924    clk
    SLICE_X13Y119        FDRE                                         r  out_reg[3][7]/C
                         clock pessimism              0.000    10.924    
                         clock uncertainty           -0.035    10.889    
    SLICE_X13Y119        FDRE (Setup_fdre_C_D)        0.062    10.951    out_reg[3][7]
  -------------------------------------------------------------------
                         required time                         10.951    
                         arrival time                          -7.038    
  -------------------------------------------------------------------
                         slack                                  3.913    

Slack (MET) :             3.972ns  (required time - arrival time)
  Source:                 in[1][5]
                            (input port clocked by sys_clk_pin  {rise@0.000ns fall@5.000ns period=10.000ns})
  Destination:            out_reg[2][7]/D
                            (rising edge-triggered cell FDRE clocked by sys_clk_pin  {rise@0.000ns fall@5.000ns period=10.000ns})
  Path Group:             sys_clk_pin
  Path Type:              Setup (Max at Slow Process Corner)
  Requirement:            10.000ns  (sys_clk_pin rise@10.000ns - sys_clk_pin rise@0.000ns)
  Data Path Delay:        5.026ns  (logic 0.751ns (14.942%)  route 4.275ns (85.058%))
  Logic Levels:           5  (CARRY4=1 LUT3=1 LUT6=3)
  Input Delay:            2.000ns
  Clock Path Skew:        0.924ns (DCD - SCD + CPR)
    Destination Clock Delay (DCD):    0.924ns = ( 10.924 - 10.000 ) 
    Source Clock Delay      (SCD):    0.000ns
    Clock Pessimism Removal (CPR):    0.000ns
  Clock Uncertainty:      0.035ns  ((TSJ^2 + TIJ^2)^1/2 + DJ) / 2 + PE
    Total System Jitter     (TSJ):    0.071ns
    Total Input Jitter      (TIJ):    0.000ns
    Discrete Jitter          (DJ):    0.000ns
    Phase Error              (PE):    0.000ns

    Location             Delay type                Incr(ns)  Path(ns)    Netlist Resource(s)
  -------------------------------------------------------------------    -------------------
                         (clock sys_clk_pin rise edge)
                                                      0.000     0.000 r  
                         input delay                  2.000     2.000    
                                                      0.000     2.000 f  in[1][5] (IN)
                         net (fo=5, unset)            0.973     2.973    in[1][5]
    SLICE_X12Y123        LUT6 (Prop_lut6_I5_O)        0.124     3.097 r  out[3][7]_i_46/O
                         net (fo=5, routed)           1.262     4.359    out[3][7]_i_46_n_0
    SLICE_X11Y122        LUT3 (Prop_lut3_I2_O)        0.124     4.483 r  out[3][7]_i_40/O
                         net (fo=4, routed)           1.433     5.916    out[3][7]_i_40_n_0
    SLICE_X11Y118        LUT6 (Prop_lut6_I5_O)        0.124     6.040 r  out[2][7]_i_19/O
                         net (fo=1, routed)           0.607     6.647    out[2][7]_i_19_n_0
    SLICE_X10Y119        LUT6 (Prop_lut6_I4_O)        0.124     6.771 r  out[2][7]_i_5/O
                         net (fo=1, routed)           0.000     6.771    out[2][7]_i_5_n_0
    SLICE_X10Y119        CARRY4 (Prop_carry4_S[3]_O[3])
                                                      0.255     7.026 r  out_reg[2][7]_i_1/O[3]
                         net (fo=1, routed)           0.000     7.026    out_reg[2][7]_i_1_n_4
    SLICE_X10Y119        FDRE                                         r  out_reg[2][7]/D
  -------------------------------------------------------------------    -------------------

                         (clock sys_clk_pin rise edge)
                                                     10.000    10.000 r  
                                                      0.000    10.000 r  clk (IN)
                         net (fo=45, unset)           0.924    10.924    clk
    SLICE_X10Y119        FDRE                                         r  out_reg[2][7]/C
                         clock pessimism              0.000    10.924    
                         clock uncertainty           -0.035    10.889    
    SLICE_X10Y119        FDRE (Setup_fdre_C_D)        0.109    10.998    out_reg[2][7]
  -------------------------------------------------------------------
                         required time                         10.998    
                         arrival time                          -7.026    
  -------------------------------------------------------------------
                         slack                                  3.972    

Slack (MET) :             3.987ns  (required time - arrival time)
  Source:                 in[2][0]
                            (input port clocked by sys_clk_pin  {rise@0.000ns fall@5.000ns period=10.000ns})
  Destination:            out_reg[3][6]/D
                            (rising edge-triggered cell FDRE clocked by sys_clk_pin  {rise@0.000ns fall@5.000ns period=10.000ns})
  Path Group:             sys_clk_pin
  Path Type:              Setup (Max at Slow Process Corner)
  Requirement:            10.000ns  (sys_clk_pin rise@10.000ns - sys_clk_pin rise@0.000ns)
  Data Path Delay:        4.964ns  (logic 1.482ns (29.852%)  route 3.482ns (70.148%))
  Logic Levels:           5  (CARRY4=2 LUT3=1 LUT5=1 LUT6=1)
  Input Delay:            2.000ns
  Clock Path Skew:        0.924ns (DCD - SCD + CPR)
    Destination Clock Delay (DCD):    0.924ns = ( 10.924 - 10.000 ) 
    Source Clock Delay      (SCD):    0.000ns
    Clock Pessimism Removal (CPR):    0.000ns
  Clock Uncertainty:      0.035ns  ((TSJ^2 + TIJ^2)^1/2 + DJ) / 2 + PE
    Total System Jitter     (TSJ):    0.071ns
    Total Input Jitter      (TIJ):    0.000ns
    Discrete Jitter          (DJ):    0.000ns
    Phase Error              (PE):    0.000ns

    Location             Delay type                Incr(ns)  Path(ns)    Netlist Resource(s)
  -------------------------------------------------------------------    -------------------
                         (clock sys_clk_pin rise edge)
                                                      0.000     0.000 r  
                         input delay                  2.000     2.000    
                                                      0.000     2.000 r  in[2][0] (IN)
                         net (fo=26, unset)           0.973     2.973    in[2][0]
    SLICE_X12Y117        LUT3 (Prop_lut3_I0_O)        0.150     3.123 r  out[3][3]_i_13/O
                         net (fo=2, routed)           1.004     4.127    out[3][3]_i_13_n_0
    SLICE_X12Y117        LUT5 (Prop_lut5_I4_O)        0.377     4.504 r  out[3][3]_i_9/O
                         net (fo=2, routed)           0.825     5.328    out[3][3]_i_9_n_0
    SLICE_X12Y118        LUT6 (Prop_lut6_I0_O)        0.331     5.659 r  out[3][3]_i_2/O
                         net (fo=2, routed)           0.681     6.340    out[3][3]_i_2_n_0
    SLICE_X13Y118        CARRY4 (Prop_carry4_DI[3]_CO[3])
                                                      0.385     6.725 r  out_reg[3][3]_i_1/CO[3]
                         net (fo=1, routed)           0.000     6.725    out_reg[3][3]_i_1_n_0
    SLICE_X13Y119        CARRY4 (Prop_carry4_CI_O[2])
                                                      0.239     6.964 r  out_reg[3][7]_i_1/O[2]
                         net (fo=1, routed)           0.000     6.964    p_0_in[6]
    SLICE_X13Y119        FDRE                                         r  out_reg[3][6]/D
  -------------------------------------------------------------------    -------------------

                         (clock sys_clk_pin rise edge)
                                                     10.000    10.000 r  
                                                      0.000    10.000 r  clk (IN)
                         net (fo=45, unset)           0.924    10.924    clk
    SLICE_X13Y119        FDRE                                         r  out_reg[3][6]/C
                         clock pessimism              0.000    10.924    
                         clock uncertainty           -0.035    10.889    
    SLICE_X13Y119        FDRE (Setup_fdre_C_D)        0.062    10.951    out_reg[3][6]
  -------------------------------------------------------------------
                         required time                         10.951    
                         arrival time                          -6.964    
  -------------------------------------------------------------------
                         slack                                  3.987    

Slack (MET) :             4.003ns  (required time - arrival time)
  Source:                 in[2][0]
                            (input port clocked by sys_clk_pin  {rise@0.000ns fall@5.000ns period=10.000ns})
  Destination:            out_reg[3][4]/D
                            (rising edge-triggered cell FDRE clocked by sys_clk_pin  {rise@0.000ns fall@5.000ns period=10.000ns})
  Path Group:             sys_clk_pin
  Path Type:              Setup (Max at Slow Process Corner)
  Requirement:            10.000ns  (sys_clk_pin rise@10.000ns - sys_clk_pin rise@0.000ns)
  Data Path Delay:        4.948ns  (logic 1.466ns (29.625%)  route 3.482ns (70.375%))
  Logic Levels:           5  (CARRY4=2 LUT3=1 LUT5=1 LUT6=1)
  Input Delay:            2.000ns
  Clock Path Skew:        0.924ns (DCD - SCD + CPR)
    Destination Clock Delay (DCD):    0.924ns = ( 10.924 - 10.000 ) 
    Source Clock Delay      (SCD):    0.000ns
    Clock Pessimism Removal (CPR):    0.000ns
  Clock Uncertainty:      0.035ns  ((TSJ^2 + TIJ^2)^1/2 + DJ) / 2 + PE
    Total System Jitter     (TSJ):    0.071ns
    Total Input Jitter      (TIJ):    0.000ns
    Discrete Jitter          (DJ):    0.000ns
    Phase Error              (PE):    0.000ns

    Location             Delay type                Incr(ns)  Path(ns)    Netlist Resource(s)
  -------------------------------------------------------------------    -------------------
                         (clock sys_clk_pin rise edge)
                                                      0.000     0.000 r  
                         input delay                  2.000     2.000    
                                                      0.000     2.000 r  in[2][0] (IN)
                         net (fo=26, unset)           0.973     2.973    in[2][0]
    SLICE_X12Y117        LUT3 (Prop_lut3_I0_O)        0.150     3.123 r  out[3][3]_i_13/O
                         net (fo=2, routed)           1.004     4.127    out[3][3]_i_13_n_0
    SLICE_X12Y117        LUT5 (Prop_lut5_I4_O)        0.377     4.504 r  out[3][3]_i_9/O
                         net (fo=2, routed)           0.825     5.328    out[3][3]_i_9_n_0
    SLICE_X12Y118        LUT6 (Prop_lut6_I0_O)        0.331     5.659 r  out[3][3]_i_2/O
                         net (fo=2, routed)           0.681     6.340    out[3][3]_i_2_n_0
    SLICE_X13Y118        CARRY4 (Prop_carry4_DI[3]_CO[3])
                                                      0.385     6.725 r  out_reg[3][3]_i_1/CO[3]
                         net (fo=1, routed)           0.000     6.725    out_reg[3][3]_i_1_n_0
    SLICE_X13Y119        CARRY4 (Prop_carry4_CI_O[0])
                                                      0.223     6.948 r  out_reg[3][7]_i_1/O[0]
                         net (fo=1, routed)           0.000     6.948    p_0_in[4]
    SLICE_X13Y119        FDRE                                         r  out_reg[3][4]/D
  -------------------------------------------------------------------    -------------------

                         (clock sys_clk_pin rise edge)
                                                     10.000    10.000 r  
                                                      0.000    10.000 r  clk (IN)
                         net (fo=45, unset)           0.924    10.924    clk
    SLICE_X13Y119        FDRE                                         r  out_reg[3][4]/C
                         clock pessimism              0.000    10.924    
                         clock uncertainty           -0.035    10.889    
    SLICE_X13Y119        FDRE (Setup_fdre_C_D)        0.062    10.951    out_reg[3][4]
  -------------------------------------------------------------------
                         required time                         10.951    
                         arrival time                          -6.948    
  -------------------------------------------------------------------
                         slack                                  4.003    

Slack (MET) :             4.033ns  (required time - arrival time)
  Source:                 in[1][0]
                            (input port clocked by sys_clk_pin  {rise@0.000ns fall@5.000ns period=10.000ns})
  Destination:            out_reg[0][5]/D
                            (rising edge-triggered cell FDRE clocked by sys_clk_pin  {rise@0.000ns fall@5.000ns period=10.000ns})
  Path Group:             sys_clk_pin
  Path Type:              Setup (Max at Slow Process Corner)
  Requirement:            10.000ns  (sys_clk_pin rise@10.000ns - sys_clk_pin rise@0.000ns)
  Data Path Delay:        4.965ns  (logic 1.798ns (36.213%)  route 3.167ns (63.787%))
  Logic Levels:           6  (CARRY4=2 LUT3=1 LUT4=2 LUT5=1)
  Input Delay:            2.000ns
  Clock Path Skew:        0.924ns (DCD - SCD + CPR)
    Destination Clock Delay (DCD):    0.924ns = ( 10.924 - 10.000 ) 
    Source Clock Delay      (SCD):    0.000ns
    Clock Pessimism Removal (CPR):    0.000ns
  Clock Uncertainty:      0.035ns  ((TSJ^2 + TIJ^2)^1/2 + DJ) / 2 + PE
    Total System Jitter     (TSJ):    0.071ns
    Total Input Jitter      (TIJ):    0.000ns
    Discrete Jitter          (DJ):    0.000ns
    Phase Error              (PE):    0.000ns

    Location             Delay type                Incr(ns)  Path(ns)    Netlist Resource(s)
  -------------------------------------------------------------------    -------------------
                         (clock sys_clk_pin rise edge)
                                                      0.000     0.000 r  
                         input delay                  2.000     2.000    
                                                      0.000     2.000 r  in[1][0] (IN)
                         net (fo=26, unset)           0.973     2.973    in[1][0]
    SLICE_X12Y121        LUT3 (Prop_lut3_I0_O)        0.150     3.123 r  out[0][3]_i_12/O
                         net (fo=2, routed)           0.802     3.925    out[0][3]_i_12_n_0
    SLICE_X8Y121         LUT5 (Prop_lut5_I1_O)        0.340     4.265 r  out[0][3]_i_11/O
                         net (fo=2, routed)           0.715     4.980    out[0][3]_i_11_n_0
    SLICE_X9Y120         LUT4 (Prop_lut4_I0_O)        0.328     5.308 r  out[0][3]_i_4/O
                         net (fo=2, routed)           0.677     5.985    out[0][3]_i_4_n_0
    SLICE_X10Y120        LUT4 (Prop_lut4_I0_O)        0.124     6.109 r  out[0][3]_i_7/O
                         net (fo=1, routed)           0.000     6.109    out[0][3]_i_7_n_0
    SLICE_X10Y120        CARRY4 (Prop_carry4_S[1]_CO[3])
                                                      0.533     6.642 r  out_reg[0][3]_i_1/CO[3]
                         net (fo=1, routed)           0.000     6.642    out_reg[0][3]_i_1_n_0
    SLICE_X10Y121        CARRY4 (Prop_carry4_CI_O[1])
                                                      0.323     6.965 r  out_reg[0][7]_i_1/O[1]
                         net (fo=1, routed)           0.000     6.965    out_reg[0][7]_i_1_n_6
    SLICE_X10Y121        FDRE                                         r  out_reg[0][5]/D
  -------------------------------------------------------------------    -------------------

                         (clock sys_clk_pin rise edge)
                                                     10.000    10.000 r  
                                                      0.000    10.000 r  clk (IN)
                         net (fo=45, unset)           0.924    10.924    clk
    SLICE_X10Y121        FDRE                                         r  out_reg[0][5]/C
                         clock pessimism              0.000    10.924    
                         clock uncertainty           -0.035    10.889    
    SLICE_X10Y121        FDRE (Setup_fdre_C_D)        0.109    10.998    out_reg[0][5]
  -------------------------------------------------------------------
                         required time                         10.998    
                         arrival time                          -6.965    
  -------------------------------------------------------------------
                         slack                                  4.033    





Min Delay Paths
--------------------------------------------------------------------------------------
Slack (MET) :             0.193ns  (arrival time - required time)
  Source:                 weight_reg[3][2]/C
                            (rising edge-triggered cell FDRE clocked by sys_clk_pin  {rise@0.000ns fall@5.000ns period=10.000ns})
  Destination:            weight_reg[3][2]/D
                            (rising edge-triggered cell FDRE clocked by sys_clk_pin  {rise@0.000ns fall@5.000ns period=10.000ns})
  Path Group:             sys_clk_pin
  Path Type:              Hold (Min at Fast Process Corner)
  Requirement:            0.000ns  (sys_clk_pin rise@0.000ns - sys_clk_pin rise@0.000ns)
  Data Path Delay:        0.336ns  (logic 0.209ns (62.281%)  route 0.127ns (37.719%))
  Logic Levels:           1  (LUT6=1)
  Clock Path Skew:        0.022ns (DCD - SCD - CPR)
    Destination Clock Delay (DCD):    0.432ns
    Source Clock Delay      (SCD):    0.410ns
    Clock Pessimism Removal (CPR):    -0.000ns

    Location             Delay type                Incr(ns)  Path(ns)    Netlist Resource(s)
  -------------------------------------------------------------------    -------------------
                         (clock sys_clk_pin rise edge)
                                                      0.000     0.000 r  
                                                      0.000     0.000 r  clk (IN)
                         net (fo=45, unset)           0.410     0.410    clk
    SLICE_X12Y116        FDRE                                         r  weight_reg[3][2]/C
  -------------------------------------------------------------------    -------------------
    SLICE_X12Y116        FDRE (Prop_fdre_C_Q)         0.164     0.574 r  weight_reg[3][2]/Q
                         net (fo=14, routed)          0.127     0.701    weight_reg[3][2]__0
    SLICE_X12Y116        LUT6 (Prop_lut6_I5_O)        0.045     0.746 r  weight[3][2]_i_1/O
                         net (fo=1, routed)           0.000     0.746    weight[3][2]_i_1_n_0
    SLICE_X12Y116        FDRE                                         r  weight_reg[3][2]/D
  -------------------------------------------------------------------    -------------------

                         (clock sys_clk_pin rise edge)
                                                      0.000     0.000 r  
                                                      0.000     0.000 r  clk (IN)
                         net (fo=45, unset)           0.432     0.432    clk
    SLICE_X12Y116        FDRE                                         r  weight_reg[3][2]/C
                         clock pessimism              0.000     0.432    
    SLICE_X12Y116        FDRE (Hold_fdre_C_D)         0.121     0.553    weight_reg[3][2]
  -------------------------------------------------------------------
                         required time                         -0.553    
                         arrival time                           0.746    
  -------------------------------------------------------------------
                         slack                                  0.193    

Slack (MET) :             0.205ns  (arrival time - required time)
  Source:                 weight_reg[3][1]/C
                            (rising edge-triggered cell FDRE clocked by sys_clk_pin  {rise@0.000ns fall@5.000ns period=10.000ns})
  Destination:            weight_reg[3][1]/D
                            (rising edge-triggered cell FDRE clocked by sys_clk_pin  {rise@0.000ns fall@5.000ns period=10.000ns})
  Path Group:             sys_clk_pin
  Path Type:              Hold (Min at Fast Process Corner)
  Requirement:            0.000ns  (sys_clk_pin rise@0.000ns - sys_clk_pin rise@0.000ns)
  Data Path Delay:        0.348ns  (logic 0.209ns (60.107%)  route 0.139ns (39.893%))
  Logic Levels:           1  (LUT6=1)
  Clock Path Skew:        0.022ns (DCD - SCD - CPR)
    Destination Clock Delay (DCD):    0.432ns
    Source Clock Delay      (SCD):    0.410ns
    Clock Pessimism Removal (CPR):    -0.000ns

    Location             Delay type                Incr(ns)  Path(ns)    Netlist Resource(s)
  -------------------------------------------------------------------    -------------------
                         (clock sys_clk_pin rise edge)
                                                      0.000     0.000 r  
                                                      0.000     0.000 r  clk (IN)
                         net (fo=45, unset)           0.410     0.410    clk
    SLICE_X12Y124        FDRE                                         r  weight_reg[3][1]/C
  -------------------------------------------------------------------    -------------------
    SLICE_X12Y124        FDRE (Prop_fdre_C_Q)         0.164     0.574 r  weight_reg[3][1]/Q
                         net (fo=14, routed)          0.139     0.713    weight_reg[3][1]__0
    SLICE_X12Y124        LUT6 (Prop_lut6_I5_O)        0.045     0.758 r  weight[3][1]_i_1/O
                         net (fo=1, routed)           0.000     0.758    weight[3][1]_i_1_n_0
    SLICE_X12Y124        FDRE                                         r  weight_reg[3][1]/D
  -------------------------------------------------------------------    -------------------

                         (clock sys_clk_pin rise edge)
                                                      0.000     0.000 r  
                                                      0.000     0.000 r  clk (IN)
                         net (fo=45, unset)           0.432     0.432    clk
    SLICE_X12Y124        FDRE                                         r  weight_reg[3][1]/C
                         clock pessimism              0.000     0.432    
    SLICE_X12Y124        FDRE (Hold_fdre_C_D)         0.121     0.553    weight_reg[3][1]
  -------------------------------------------------------------------
                         required time                         -0.553    
                         arrival time                           0.758    
  -------------------------------------------------------------------
                         slack                                  0.205    

Slack (MET) :             0.218ns  (arrival time - required time)
  Source:                 weight_reg[2][1]/C
                            (rising edge-triggered cell FDRE clocked by sys_clk_pin  {rise@0.000ns fall@5.000ns period=10.000ns})
  Destination:            weight_reg[2][1]/D
                            (rising edge-triggered cell FDRE clocked by sys_clk_pin  {rise@0.000ns fall@5.000ns period=10.000ns})
  Path Group:             sys_clk_pin
  Path Type:              Hold (Min at Fast Process Corner)
  Requirement:            0.000ns  (sys_clk_pin rise@0.000ns - sys_clk_pin rise@0.000ns)
  Data Path Delay:        0.332ns  (logic 0.186ns (56.029%)  route 0.146ns (43.971%))
  Logic Levels:           1  (LUT6=1)
  Clock Path Skew:        0.022ns (DCD - SCD - CPR)
    Destination Clock Delay (DCD):    0.432ns
    Source Clock Delay      (SCD):    0.410ns
    Clock Pessimism Removal (CPR):    -0.000ns

    Location             Delay type                Incr(ns)  Path(ns)    Netlist Resource(s)
  -------------------------------------------------------------------    -------------------
                         (clock sys_clk_pin rise edge)
                                                      0.000     0.000 r  
                                                      0.000     0.000 r  clk (IN)
                         net (fo=45, unset)           0.410     0.410    clk
    SLICE_X13Y123        FDRE                                         r  weight_reg[2][1]/C
  -------------------------------------------------------------------    -------------------
    SLICE_X13Y123        FDRE (Prop_fdre_C_Q)         0.141     0.551 r  weight_reg[2][1]/Q
                         net (fo=8, routed)           0.146     0.697    weight_reg[2][1]__0
    SLICE_X13Y123        LUT6 (Prop_lut6_I5_O)        0.045     0.742 r  weight[2][1]_i_1/O
                         net (fo=1, routed)           0.000     0.742    weight[2][1]_i_1_n_0
    SLICE_X13Y123        FDRE                                         r  weight_reg[2][1]/D
  -------------------------------------------------------------------    -------------------

                         (clock sys_clk_pin rise edge)
                                                      0.000     0.000 r  
                                                      0.000     0.000 r  clk (IN)
                         net (fo=45, unset)           0.432     0.432    clk
    SLICE_X13Y123        FDRE                                         r  weight_reg[2][1]/C
                         clock pessimism              0.000     0.432    
    SLICE_X13Y123        FDRE (Hold_fdre_C_D)         0.092     0.524    weight_reg[2][1]
  -------------------------------------------------------------------
                         required time                         -0.524    
                         arrival time                           0.742    
  -------------------------------------------------------------------
                         slack                                  0.218    

Slack (MET) :             0.224ns  (arrival time - required time)
  Source:                 weight_reg[0][1]/C
                            (rising edge-triggered cell FDRE clocked by sys_clk_pin  {rise@0.000ns fall@5.000ns period=10.000ns})
  Destination:            weight_reg[0][1]/D
                            (rising edge-triggered cell FDRE clocked by sys_clk_pin  {rise@0.000ns fall@5.000ns period=10.000ns})
  Path Group:             sys_clk_pin
  Path Type:              Hold (Min at Fast Process Corner)
  Requirement:            0.000ns  (sys_clk_pin rise@0.000ns - sys_clk_pin rise@0.000ns)
  Data Path Delay:        0.337ns  (logic 0.186ns (55.246%)  route 0.151ns (44.754%))
  Logic Levels:           1  (LUT6=1)
  Clock Path Skew:        0.022ns (DCD - SCD - CPR)
    Destination Clock Delay (DCD):    0.432ns
    Source Clock Delay      (SCD):    0.410ns
    Clock Pessimism Removal (CPR):    -0.000ns

    Location             Delay type                Incr(ns)  Path(ns)    Netlist Resource(s)
  -------------------------------------------------------------------    -------------------
                         (clock sys_clk_pin rise edge)
                                                      0.000     0.000 r  
                                                      0.000     0.000 r  clk (IN)
                         net (fo=45, unset)           0.410     0.410    clk
    SLICE_X13Y123        FDRE                                         r  weight_reg[0][1]/C
  -------------------------------------------------------------------    -------------------
    SLICE_X13Y123        FDRE (Prop_fdre_C_Q)         0.141     0.551 r  weight_reg[0][1]/Q
                         net (fo=14, routed)          0.151     0.702    weight_reg[0][1]__0
    SLICE_X13Y123        LUT6 (Prop_lut6_I5_O)        0.045     0.747 r  weight[0][1]_i_1/O
                         net (fo=1, routed)           0.000     0.747    weight[0][1]_i_1_n_0
    SLICE_X13Y123        FDRE                                         r  weight_reg[0][1]/D
  -------------------------------------------------------------------    -------------------

                         (clock sys_clk_pin rise edge)
                                                      0.000     0.000 r  
                                                      0.000     0.000 r  clk (IN)
                         net (fo=45, unset)           0.432     0.432    clk
    SLICE_X13Y123        FDRE                                         r  weight_reg[0][1]/C
                         clock pessimism              0.000     0.432    
    SLICE_X13Y123        FDRE (Hold_fdre_C_D)         0.091     0.523    weight_reg[0][1]
  -------------------------------------------------------------------
                         required time                         -0.523    
                         arrival time                           0.747    
  -------------------------------------------------------------------
                         slack                                  0.224    

Slack (MET) :             0.230ns  (arrival time - required time)
  Source:                 weight_reg[1][1]/C
                            (rising edge-triggered cell FDRE clocked by sys_clk_pin  {rise@0.000ns fall@5.000ns period=10.000ns})
  Destination:            weight_reg[1][1]/D
                            (rising edge-triggered cell FDRE clocked by sys_clk_pin  {rise@0.000ns fall@5.000ns period=10.000ns})
  Path Group:             sys_clk_pin
  Path Type:              Hold (Min at Fast Process Corner)
  Requirement:            0.000ns  (sys_clk_pin rise@0.000ns - sys_clk_pin rise@0.000ns)
  Data Path Delay:        0.344ns  (logic 0.186ns (54.144%)  route 0.158ns (45.856%))
  Logic Levels:           1  (LUT6=1)
  Clock Path Skew:        0.022ns (DCD - SCD - CPR)
    Destination Clock Delay (DCD):    0.432ns
    Source Clock Delay      (SCD):    0.410ns
    Clock Pessimism Removal (CPR):    -0.000ns

    Location             Delay type                Incr(ns)  Path(ns)    Netlist Resource(s)
  -------------------------------------------------------------------    -------------------
                         (clock sys_clk_pin rise edge)
                                                      0.000     0.000 r  
                                                      0.000     0.000 r  clk (IN)
                         net (fo=45, unset)           0.410     0.410    clk
    SLICE_X13Y123        FDRE                                         r  weight_reg[1][1]/C
  -------------------------------------------------------------------    -------------------
    SLICE_X13Y123        FDRE (Prop_fdre_C_Q)         0.141     0.551 r  weight_reg[1][1]/Q
                         net (fo=8, routed)           0.158     0.709    weight_reg[1][1]__0
    SLICE_X13Y123        LUT6 (Prop_lut6_I5_O)        0.045     0.754 r  weight[1][1]_i_1/O
                         net (fo=1, routed)           0.000     0.754    weight[1][1]_i_1_n_0
    SLICE_X13Y123        FDRE                                         r  weight_reg[1][1]/D
  -------------------------------------------------------------------    -------------------

                         (clock sys_clk_pin rise edge)
                                                      0.000     0.000 r  
                                                      0.000     0.000 r  clk (IN)
                         net (fo=45, unset)           0.432     0.432    clk
    SLICE_X13Y123        FDRE                                         r  weight_reg[1][1]/C
                         clock pessimism              0.000     0.432    
    SLICE_X13Y123        FDRE (Hold_fdre_C_D)         0.092     0.524    weight_reg[1][1]
  -------------------------------------------------------------------
                         required time                         -0.524    
                         arrival time                           0.754    
  -------------------------------------------------------------------
                         slack                                  0.230    

Slack (MET) :             0.241ns  (arrival time - required time)
  Source:                 weight_reg[0][0]/C
                            (rising edge-triggered cell FDRE clocked by sys_clk_pin  {rise@0.000ns fall@5.000ns period=10.000ns})
  Destination:            weight_reg[0][0]/D
                            (rising edge-triggered cell FDRE clocked by sys_clk_pin  {rise@0.000ns fall@5.000ns period=10.000ns})
  Path Group:             sys_clk_pin
  Path Type:              Hold (Min at Fast Process Corner)
  Requirement:            0.000ns  (sys_clk_pin rise@0.000ns - sys_clk_pin rise@0.000ns)
  Data Path Delay:        0.354ns  (logic 0.186ns (52.504%)  route 0.168ns (47.496%))
  Logic Levels:           1  (LUT6=1)
  Clock Path Skew:        0.022ns (DCD - SCD - CPR)
    Destination Clock Delay (DCD):    0.432ns
    Source Clock Delay      (SCD):    0.410ns
    Clock Pessimism Removal (CPR):    -0.000ns

    Location             Delay type                Incr(ns)  Path(ns)    Netlist Resource(s)
  -------------------------------------------------------------------    -------------------
                         (clock sys_clk_pin rise edge)
                                                      0.000     0.000 r  
                                                      0.000     0.000 r  clk (IN)
                         net (fo=45, unset)           0.410     0.410    clk
    SLICE_X11Y122        FDRE                                         r  weight_reg[0][0]/C
  -------------------------------------------------------------------    -------------------
    SLICE_X11Y122        FDRE (Prop_fdre_C_Q)         0.141     0.551 r  weight_reg[0][0]/Q
                         net (fo=14, routed)          0.168     0.719    weight_reg[0][0]__0
    SLICE_X11Y122        LUT6 (Prop_lut6_I5_O)        0.045     0.764 r  weight[0][0]_i_1/O
                         net (fo=1, routed)           0.000     0.764    weight[0][0]_i_1_n_0
    SLICE_X11Y122        FDRE                                         r  weight_reg[0][0]/D
  -------------------------------------------------------------------    -------------------

                         (clock sys_clk_pin rise edge)
                                                      0.000     0.000 r  
                                                      0.000     0.000 r  clk (IN)
                         net (fo=45, unset)           0.432     0.432    clk
    SLICE_X11Y122        FDRE                                         r  weight_reg[0][0]/C
                         clock pessimism              0.000     0.432    
    SLICE_X11Y122        FDRE (Hold_fdre_C_D)         0.092     0.524    weight_reg[0][0]
  -------------------------------------------------------------------
                         required time                         -0.524    
                         arrival time                           0.764    
  -------------------------------------------------------------------
                         slack                                  0.241    

Slack (MET) :             0.250ns  (arrival time - required time)
  Source:                 weight_reg[1][3]/C
                            (rising edge-triggered cell FDRE clocked by sys_clk_pin  {rise@0.000ns fall@5.000ns period=10.000ns})
  Destination:            weight_reg[1][3]/D
                            (rising edge-triggered cell FDRE clocked by sys_clk_pin  {rise@0.000ns fall@5.000ns period=10.000ns})
  Path Group:             sys_clk_pin
  Path Type:              Hold (Min at Fast Process Corner)
  Requirement:            0.000ns  (sys_clk_pin rise@0.000ns - sys_clk_pin rise@0.000ns)
  Data Path Delay:        0.364ns  (logic 0.186ns (51.110%)  route 0.178ns (48.890%))
  Logic Levels:           1  (LUT6=1)
  Clock Path Skew:        0.022ns (DCD - SCD - CPR)
    Destination Clock Delay (DCD):    0.432ns
    Source Clock Delay      (SCD):    0.410ns
    Clock Pessimism Removal (CPR):    -0.000ns

    Location             Delay type                Incr(ns)  Path(ns)    Netlist Resource(s)
  -------------------------------------------------------------------    -------------------
                         (clock sys_clk_pin rise edge)
                                                      0.000     0.000 r  
                                                      0.000     0.000 r  clk (IN)
                         net (fo=45, unset)           0.410     0.410    clk
    SLICE_X13Y117        FDRE                                         r  weight_reg[1][3]/C
  -------------------------------------------------------------------    -------------------
    SLICE_X13Y117        FDRE (Prop_fdre_C_Q)         0.141     0.551 r  weight_reg[1][3]/Q
                         net (fo=8, routed)           0.178     0.729    weight_reg[1][3]__0
    SLICE_X13Y117        LUT6 (Prop_lut6_I5_O)        0.045     0.774 r  weight[1][3]_i_1/O
                         net (fo=1, routed)           0.000     0.774    weight[1][3]_i_1_n_0
    SLICE_X13Y117        FDRE                                         r  weight_reg[1][3]/D
  -------------------------------------------------------------------    -------------------

                         (clock sys_clk_pin rise edge)
                                                      0.000     0.000 r  
                                                      0.000     0.000 r  clk (IN)
                         net (fo=45, unset)           0.432     0.432    clk
    SLICE_X13Y117        FDRE                                         r  weight_reg[1][3]/C
                         clock pessimism              0.000     0.432    
    SLICE_X13Y117        FDRE (Hold_fdre_C_D)         0.092     0.524    weight_reg[1][3]
  -------------------------------------------------------------------
                         required time                         -0.524    
                         arrival time                           0.774    
  -------------------------------------------------------------------
                         slack                                  0.250    

Slack (MET) :             0.255ns  (arrival time - required time)
  Source:                 weight_reg[0][0]/C
                            (rising edge-triggered cell FDRE clocked by sys_clk_pin  {rise@0.000ns fall@5.000ns period=10.000ns})
  Destination:            out_reg[0][2]/D
                            (rising edge-triggered cell FDRE clocked by sys_clk_pin  {rise@0.000ns fall@5.000ns period=10.000ns})
  Path Group:             sys_clk_pin
  Path Type:              Hold (Min at Fast Process Corner)
  Requirement:            0.000ns  (sys_clk_pin rise@0.000ns - sys_clk_pin rise@0.000ns)
  Data Path Delay:        0.411ns  (logic 0.251ns (61.143%)  route 0.160ns (38.857%))
  Logic Levels:           2  (CARRY4=1 LUT5=1)
  Clock Path Skew:        0.022ns (DCD - SCD - CPR)
    Destination Clock Delay (DCD):    0.432ns
    Source Clock Delay      (SCD):    0.410ns
    Clock Pessimism Removal (CPR):    -0.000ns

    Location             Delay type                Incr(ns)  Path(ns)    Netlist Resource(s)
  -------------------------------------------------------------------    -------------------
                         (clock sys_clk_pin rise edge)
                                                      0.000     0.000 r  
                                                      0.000     0.000 r  clk (IN)
                         net (fo=45, unset)           0.410     0.410    clk
    SLICE_X11Y122        FDRE                                         r  weight_reg[0][0]/C
  -------------------------------------------------------------------    -------------------
    SLICE_X11Y122        FDRE (Prop_fdre_C_Q)         0.141     0.551 r  weight_reg[0][0]/Q
                         net (fo=14, routed)          0.160     0.711    weight_reg[0][0]__0
    SLICE_X10Y120        LUT5 (Prop_lut5_I2_O)        0.045     0.756 r  out[0][3]_i_6/O
                         net (fo=1, routed)           0.000     0.756    out[0][3]_i_6_n_0
    SLICE_X10Y120        CARRY4 (Prop_carry4_S[2]_O[2])
                                                      0.065     0.821 r  out_reg[0][3]_i_1/O[2]
                         net (fo=1, routed)           0.000     0.821    out_reg[0][3]_i_1_n_5
    SLICE_X10Y120        FDRE                                         r  out_reg[0][2]/D
  -------------------------------------------------------------------    -------------------

                         (clock sys_clk_pin rise edge)
                                                      0.000     0.000 r  
                                                      0.000     0.000 r  clk (IN)
                         net (fo=45, unset)           0.432     0.432    clk
    SLICE_X10Y120        FDRE                                         r  out_reg[0][2]/C
                         clock pessimism              0.000     0.432    
    SLICE_X10Y120        FDRE (Hold_fdre_C_D)         0.134     0.566    out_reg[0][2]
  -------------------------------------------------------------------
                         required time                         -0.566    
                         arrival time                           0.821    
  -------------------------------------------------------------------
                         slack                                  0.255    

Slack (MET) :             0.262ns  (arrival time - required time)
  Source:                 weight_reg[2][2]/C
                            (rising edge-triggered cell FDRE clocked by sys_clk_pin  {rise@0.000ns fall@5.000ns period=10.000ns})
  Destination:            weight_reg[2][2]/D
                            (rising edge-triggered cell FDRE clocked by sys_clk_pin  {rise@0.000ns fall@5.000ns period=10.000ns})
  Path Group:             sys_clk_pin
  Path Type:              Hold (Min at Fast Process Corner)
  Requirement:            0.000ns  (sys_clk_pin rise@0.000ns - sys_clk_pin rise@0.000ns)
  Data Path Delay:        0.404ns  (logic 0.209ns (51.767%)  route 0.195ns (48.233%))
  Logic Levels:           1  (LUT6=1)
  Clock Path Skew:        0.022ns (DCD - SCD - CPR)
    Destination Clock Delay (DCD):    0.432ns
    Source Clock Delay      (SCD):    0.410ns
    Clock Pessimism Removal (CPR):    -0.000ns

    Location             Delay type                Incr(ns)  Path(ns)    Netlist Resource(s)
  -------------------------------------------------------------------    -------------------
                         (clock sys_clk_pin rise edge)
                                                      0.000     0.000 r  
                                                      0.000     0.000 r  clk (IN)
                         net (fo=45, unset)           0.410     0.410    clk
    SLICE_X12Y116        FDRE                                         r  weight_reg[2][2]/C
  -------------------------------------------------------------------    -------------------
    SLICE_X12Y116        FDRE (Prop_fdre_C_Q)         0.164     0.574 r  weight_reg[2][2]/Q
                         net (fo=8, routed)           0.195     0.769    weight_reg[2][2]__0
    SLICE_X12Y116        LUT6 (Prop_lut6_I5_O)        0.045     0.814 r  weight[2][2]_i_1/O
                         net (fo=1, routed)           0.000     0.814    weight[2][2]_i_1_n_0
    SLICE_X12Y116        FDRE                                         r  weight_reg[2][2]/D
  -------------------------------------------------------------------    -------------------

                         (clock sys_clk_pin rise edge)
                                                      0.000     0.000 r  
                                                      0.000     0.000 r  clk (IN)
                         net (fo=45, unset)           0.432     0.432    clk
    SLICE_X12Y116        FDRE                                         r  weight_reg[2][2]/C
                         clock pessimism              0.000     0.432    
    SLICE_X12Y116        FDRE (Hold_fdre_C_D)         0.120     0.552    weight_reg[2][2]
  -------------------------------------------------------------------
                         required time                         -0.552    
                         arrival time                           0.814    
  -------------------------------------------------------------------
                         slack                                  0.262    

Slack (MET) :             0.268ns  (arrival time - required time)
  Source:                 weight_reg[1][2]/C
                            (rising edge-triggered cell FDRE clocked by sys_clk_pin  {rise@0.000ns fall@5.000ns period=10.000ns})
  Destination:            weight_reg[1][2]/D
                            (rising edge-triggered cell FDRE clocked by sys_clk_pin  {rise@0.000ns fall@5.000ns period=10.000ns})
  Path Group:             sys_clk_pin
  Path Type:              Hold (Min at Fast Process Corner)
  Requirement:            0.000ns  (sys_clk_pin rise@0.000ns - sys_clk_pin rise@0.000ns)
  Data Path Delay:        0.411ns  (logic 0.209ns (50.869%)  route 0.202ns (49.131%))
  Logic Levels:           1  (LUT6=1)
  Clock Path Skew:        0.022ns (DCD - SCD - CPR)
    Destination Clock Delay (DCD):    0.432ns
    Source Clock Delay      (SCD):    0.410ns
    Clock Pessimism Removal (CPR):    -0.000ns

    Location             Delay type                Incr(ns)  Path(ns)    Netlist Resource(s)
  -------------------------------------------------------------------    -------------------
                         (clock sys_clk_pin rise edge)
                                                      0.000     0.000 r  
                                                      0.000     0.000 r  clk (IN)
                         net (fo=45, unset)           0.410     0.410    clk
    SLICE_X12Y117        FDRE                                         r  weight_reg[1][2]/C
  -------------------------------------------------------------------    -------------------
    SLICE_X12Y117        FDRE (Prop_fdre_C_Q)         0.164     0.574 r  weight_reg[1][2]/Q
                         net (fo=8, routed)           0.202     0.776    weight_reg[1][2]__0
    SLICE_X12Y117        LUT6 (Prop_lut6_I5_O)        0.045     0.821 r  weight[1][2]_i_1/O
                         net (fo=1, routed)           0.000     0.821    weight[1][2]_i_1_n_0
    SLICE_X12Y117        FDRE                                         r  weight_reg[1][2]/D
  -------------------------------------------------------------------    -------------------

                         (clock sys_clk_pin rise edge)
                                                      0.000     0.000 r  
                                                      0.000     0.000 r  clk (IN)
                         net (fo=45, unset)           0.432     0.432    clk
    SLICE_X12Y117        FDRE                                         r  weight_reg[1][2]/C
                         clock pessimism              0.000     0.432    
    SLICE_X12Y117        FDRE (Hold_fdre_C_D)         0.121     0.553    weight_reg[1][2]
  -------------------------------------------------------------------
                         required time                         -0.553    
                         arrival time                           0.821    
  -------------------------------------------------------------------
                         slack                                  0.268    





Pulse Width Checks
--------------------------------------------------------------------------------------
Clock Name:         sys_clk_pin
Waveform(ns):       { 0.000 5.000 }
Period(ns):         10.000
Sources:            { clk }

Check Type        Corner  Lib Pin  Reference Pin  Required(ns)  Actual(ns)  Slack(ns)  Location       Pin
Min Period        n/a     FDRE/C   n/a            1.000         10.000      9.000      SLICE_X10Y120  out_reg[0][1]/C
Min Period        n/a     FDRE/C   n/a            1.000         10.000      9.000      SLICE_X10Y120  out_reg[0][2]/C
Min Period        n/a     FDRE/C   n/a            1.000         10.000      9.000      SLICE_X10Y120  out_reg[0][3]/C
Min Period        n/a     FDRE/C   n/a            1.000         10.000      9.000      SLICE_X10Y121  out_reg[0][4]/C
Min Period        n/a     FDRE/C   n/a            1.000         10.000      9.000      SLICE_X10Y121  out_reg[0][5]/C
Min Period        n/a     FDRE/C   n/a            1.000         10.000      9.000      SLICE_X10Y121  out_reg[0][6]/C
Min Period        n/a     FDRE/C   n/a            1.000         10.000      9.000      SLICE_X10Y121  out_reg[0][7]/C
Min Period        n/a     FDRE/C   n/a            1.000         10.000      9.000      SLICE_X13Y121  out_reg[1][1]/C
Min Period        n/a     FDRE/C   n/a            1.000         10.000      9.000      SLICE_X13Y121  out_reg[1][2]/C
Min Period        n/a     FDRE/C   n/a            1.000         10.000      9.000      SLICE_X13Y121  out_reg[1][3]/C
Low Pulse Width   Slow    FDRE/C   n/a            0.500         5.000       4.500      SLICE_X10Y120  out_reg[0][1]/C
Low Pulse Width   Fast    FDRE/C   n/a            0.500         5.000       4.500      SLICE_X10Y120  out_reg[0][1]/C
Low Pulse Width   Slow    FDRE/C   n/a            0.500         5.000       4.500      SLICE_X10Y120  out_reg[0][2]/C
Low Pulse Width   Fast    FDRE/C   n/a            0.500         5.000       4.500      SLICE_X10Y120  out_reg[0][2]/C
Low Pulse Width   Slow    FDRE/C   n/a            0.500         5.000       4.500      SLICE_X10Y120  out_reg[0][3]/C
Low Pulse Width   Fast    FDRE/C   n/a            0.500         5.000       4.500      SLICE_X10Y120  out_reg[0][3]/C
Low Pulse Width   Slow    FDRE/C   n/a            0.500         5.000       4.500      SLICE_X10Y121  out_reg[0][4]/C
Low Pulse Width   Fast    FDRE/C   n/a            0.500         5.000       4.500      SLICE_X10Y121  out_reg[0][4]/C
Low Pulse Width   Slow    FDRE/C   n/a            0.500         5.000       4.500      SLICE_X10Y121  out_reg[0][5]/C
Low Pulse Width   Fast    FDRE/C   n/a            0.500         5.000       4.500      SLICE_X10Y121  out_reg[0][5]/C
High Pulse Width  Slow    FDRE/C   n/a            0.500         5.000       4.500      SLICE_X10Y120  out_reg[0][1]/C
High Pulse Width  Fast    FDRE/C   n/a            0.500         5.000       4.500      SLICE_X10Y120  out_reg[0][1]/C
High Pulse Width  Slow    FDRE/C   n/a            0.500         5.000       4.500      SLICE_X10Y120  out_reg[0][2]/C
High Pulse Width  Fast    FDRE/C   n/a            0.500         5.000       4.500      SLICE_X10Y120  out_reg[0][2]/C
High Pulse Width  Slow    FDRE/C   n/a            0.500         5.000       4.500      SLICE_X10Y120  out_reg[0][3]/C
High Pulse Width  Fast    FDRE/C   n/a            0.500         5.000       4.500      SLICE_X10Y120  out_reg[0][3]/C
High Pulse Width  Slow    FDRE/C   n/a            0.500         5.000       4.500      SLICE_X10Y121  out_reg[0][4]/C
High Pulse Width  Fast    FDRE/C   n/a            0.500         5.000       4.500      SLICE_X10Y121  out_reg[0][4]/C
High Pulse Width  Slow    FDRE/C   n/a            0.500         5.000       4.500      SLICE_X10Y121  out_reg[0][5]/C
High Pulse Width  Fast    FDRE/C   n/a            0.500         5.000       4.500      SLICE_X10Y121  out_reg[0][5]/C



