#-----------------------------------------------------------
# Vivado v2024.1 (64-bit)
# SW Build 5076996 on Wed May 22 18:36:09 MDT 2024
# IP Build 5075265 on Wed May 22 21:45:21 MDT 2024
# SharedData Build 5076995 on Wed May 22 18:29:18 MDT 2024
# Start of session at: Mon May 18 03:55:29 2026
# Process ID: 54923
# Current directory: /run/media/sackb/Windows-SSD/Users/sackb/OneDrive/Desktop/University/Course_Work/2025-2026/Spring_2026/ECE_410/ECE410
# Command line: vivado -mode batch -source /home/sackb/Documents/Vivado_Projects/ece410sp26/cf07/rerun_impl.tcl
# Log file: /run/media/sackb/Windows-SSD/Users/sackb/OneDrive/Desktop/University/Course_Work/2025-2026/Spring_2026/ECE_410/ECE410/vivado.log
# Journal file: /run/media/sackb/Windows-SSD/Users/sackb/OneDrive/Desktop/University/Course_Work/2025-2026/Spring_2026/ECE_410/ECE410/vivado.jou
# Running On        :archlinux
# Platform          :unknown
# Operating System  :unknown
# Processor Detail  :11th Gen Intel(R) Core(TM) i7-11800H @ 2.30GHz
# CPU Frequency     :1931.604 MHz
# CPU Physical cores:8
# CPU Logical cores :16
# Host memory       :16535 MB
# Swap memory       :8266 MB
# Total Virtual     :24802 MB
# Available Virtual :17265 MB
#-----------------------------------------------------------
source /home/sackb/Documents/Vivado_Projects/ece410sp26/cf07/rerun_impl.tcl
# open_project /home/sackb/Documents/Vivado_Projects/ece410sp26/cf07/cf07.xpr
INFO: [filemgmt 56-3] Default IP Output Path : Could not find the directory '/home/sackb/Documents/Vivado_Projects/ece410sp26/cf07/cf07.gen/sources_1'.
Scanning sources...
Finished scanning sources
WARNING: [Vivado 12-818] No files matched '*'
# set constrs_files [get_files -of_objects [get_filesets constrs_1]]
# set xdc_path "/home/sackb/Documents/Vivado_Projects/ece410sp26/cf07/cf07.srcs/constrs_1/imports/src/crossbar_mac.xdc"
# if {[lsearch $constrs_files $xdc_path] < 0} {
#     add_files -fileset constrs_1 $xdc_path
# }
# reset_run synth_1
INFO: [Project 1-1160] Copying file /home/sackb/Documents/Vivado_Projects/ece410sp26/cf07/cf07.runs/synth_1/crossbar_mac.dcp to /home/sackb/Documents/Vivado_Projects/ece410sp26/cf07/cf07.srcs/utils_1/imports/synth_1 and adding it to utils fileset
# launch_runs synth_1 -jobs 4
[Mon May 18 03:55:36 2026] Launched synth_1...
Run output will be captured here: /home/sackb/Documents/Vivado_Projects/ece410sp26/cf07/cf07.runs/synth_1/runme.log
# wait_on_run synth_1
[Mon May 18 03:55:36 2026] Waiting for synth_1 to finish...

*** Running vivado
    with args -log crossbar_mac.vds -m64 -product Vivado -mode batch -messageDb vivado.pb -notrace -source crossbar_mac.tcl


****** Vivado v2024.1 (64-bit)
  **** SW Build 5076996 on Wed May 22 18:36:09 MDT 2024
  **** IP Build 5075265 on Wed May 22 21:45:21 MDT 2024
  **** SharedData Build 5076995 on Wed May 22 18:29:18 MDT 2024
  **** Start of session at: Mon May 18 03:55:39 2026
    ** Copyright 1986-2022 Xilinx, Inc. All Rights Reserved.
    ** Copyright 2022-2024 Advanced Micro Devices, Inc. All Rights Reserved.

source crossbar_mac.tcl -notrace
Command: read_checkpoint -auto_incremental -incremental /home/sackb/Documents/Vivado_Projects/ece410sp26/cf07/cf07.srcs/utils_1/imports/synth_1/crossbar_mac.dcp
INFO: [Vivado 12-5825] Read reference checkpoint from /home/sackb/Documents/Vivado_Projects/ece410sp26/cf07/cf07.srcs/utils_1/imports/synth_1/crossbar_mac.dcp for incremental synthesis
INFO: [Vivado 12-7989] Please ensure there are no constraint changes
Command: synth_design -top crossbar_mac -part xc7a100tcsg324-1
Starting synth_design
Attempting to get a license for feature 'Synthesis' and/or device 'xc7a100t'
INFO: [Common 17-349] Got license for feature 'Synthesis' and/or device 'xc7a100t'
INFO: [Device 21-403] Loading part xc7a100tcsg324-1
INFO: [Device 21-9227] Part: xc7a100tcsg324-1 does not have CEAM library.
INFO: [Designutils 20-5440] No compile time benefit to using incremental synthesis; A full resynthesis will be run
INFO: [Designutils 20-4379] Flow is switching to default flow due to incremental criteria not met. If you would like to alter this behaviour and have the flow terminate instead, please set the following parameter config_implementation {autoIncr.Synth.RejectBehavior Terminate}
INFO: [Synth 8-7079] Multithreading enabled for synth_design using a maximum of 4 processes.
INFO: [Synth 8-7078] Launching helper process for spawning children vivado processes
INFO: [Synth 8-7075] Helper process launched with PID 55256
---------------------------------------------------------------------------------
Starting RTL Elaboration : Time (s): cpu = 00:00:03 ; elapsed = 00:00:03 . Memory (MB): peak = 2150.453 ; gain = 420.746 ; free physical = 810 ; free virtual = 14407
---------------------------------------------------------------------------------
INFO: [Synth 8-6157] synthesizing module 'crossbar_mac' [/home/sackb/Documents/Vivado_Projects/ece410sp26/cf07/cf07.srcs/sources_1/imports/hdl/synth_top.sv:74]
INFO: [Synth 8-6157] synthesizing module 'crossbar_buffer' [/home/sackb/Documents/Vivado_Projects/ece410sp26/cf07/cf07.srcs/sources_1/imports/hdl/synth_top.sv:18]
INFO: [Synth 8-6155] done synthesizing module 'crossbar_buffer' (0#1) [/home/sackb/Documents/Vivado_Projects/ece410sp26/cf07/cf07.srcs/sources_1/imports/hdl/synth_top.sv:18]
INFO: [Synth 8-6155] done synthesizing module 'crossbar_mac' (0#1) [/home/sackb/Documents/Vivado_Projects/ece410sp26/cf07/cf07.srcs/sources_1/imports/hdl/synth_top.sv:74]
---------------------------------------------------------------------------------
Finished RTL Elaboration : Time (s): cpu = 00:00:04 ; elapsed = 00:00:04 . Memory (MB): peak = 2228.422 ; gain = 498.715 ; free physical = 716 ; free virtual = 14310
---------------------------------------------------------------------------------
---------------------------------------------------------------------------------
Start Handling Custom Attributes
---------------------------------------------------------------------------------
---------------------------------------------------------------------------------
Finished Handling Custom Attributes : Time (s): cpu = 00:00:04 ; elapsed = 00:00:04 . Memory (MB): peak = 2243.266 ; gain = 513.559 ; free physical = 721 ; free virtual = 14308
---------------------------------------------------------------------------------
---------------------------------------------------------------------------------
Finished RTL Optimization Phase 1 : Time (s): cpu = 00:00:04 ; elapsed = 00:00:04 . Memory (MB): peak = 2243.266 ; gain = 513.559 ; free physical = 721 ; free virtual = 14308
---------------------------------------------------------------------------------
Netlist sorting complete. Time (s): cpu = 00:00:00 ; elapsed = 00:00:00 . Memory (MB): peak = 2243.266 ; gain = 0.000 ; free physical = 721 ; free virtual = 14308
INFO: [Project 1-570] Preparing netlist for logic optimization

Processing XDC Constraints
Initializing timing engine
Parsing XDC File [/home/sackb/Documents/Vivado_Projects/ece410sp26/cf07/cf07.srcs/constrs_1/imports/src/crossbar_mac.xdc]
Finished Parsing XDC File [/home/sackb/Documents/Vivado_Projects/ece410sp26/cf07/cf07.srcs/constrs_1/imports/src/crossbar_mac.xdc]
Completed Processing XDC Constraints

Netlist sorting complete. Time (s): cpu = 00:00:00 ; elapsed = 00:00:00 . Memory (MB): peak = 2393.016 ; gain = 0.000 ; free physical = 706 ; free virtual = 14293
INFO: [Project 1-111] Unisim Transformation Summary:
No Unisim elements were transformed.

Constraint Validation Runtime : Time (s): cpu = 00:00:00 ; elapsed = 00:00:00 . Memory (MB): peak = 2393.016 ; gain = 0.000 ; free physical = 706 ; free virtual = 14293
INFO: [Designutils 20-5440] No compile time benefit to using incremental synthesis; A full resynthesis will be run
INFO: [Designutils 20-4379] Flow is switching to default flow due to incremental criteria not met. If you would like to alter this behaviour and have the flow terminate instead, please set the following parameter config_implementation {autoIncr.Synth.RejectBehavior Terminate}
---------------------------------------------------------------------------------
Finished Constraint Validation : Time (s): cpu = 00:00:08 ; elapsed = 00:00:08 . Memory (MB): peak = 2393.016 ; gain = 663.309 ; free physical = 708 ; free virtual = 14310
---------------------------------------------------------------------------------
---------------------------------------------------------------------------------
Start Loading Part and Timing Information
---------------------------------------------------------------------------------
Loading part: xc7a100tcsg324-1
---------------------------------------------------------------------------------
Finished Loading Part and Timing Information : Time (s): cpu = 00:00:08 ; elapsed = 00:00:08 . Memory (MB): peak = 2401.020 ; gain = 671.312 ; free physical = 708 ; free virtual = 14310
---------------------------------------------------------------------------------
---------------------------------------------------------------------------------
Start Applying 'set_property' XDC Constraints
---------------------------------------------------------------------------------
---------------------------------------------------------------------------------
Finished applying 'set_property' XDC Constraints : Time (s): cpu = 00:00:08 ; elapsed = 00:00:08 . Memory (MB): peak = 2401.020 ; gain = 671.312 ; free physical = 708 ; free virtual = 14310
---------------------------------------------------------------------------------
---------------------------------------------------------------------------------
Finished RTL Optimization Phase 2 : Time (s): cpu = 00:00:08 ; elapsed = 00:00:08 . Memory (MB): peak = 2401.020 ; gain = 671.312 ; free physical = 702 ; free virtual = 14306
---------------------------------------------------------------------------------
---------------------------------------------------------------------------------
Start RTL Component Statistics 
---------------------------------------------------------------------------------
Detailed RTL Component Info : 
+---Adders : 
	   2 Input    8 Bit       Adders := 16    
	   4 Input    8 Bit       Adders := 4     
+---Registers : 
	                8 Bit    Registers := 4     
	                1 Bit    Registers := 16    
+---Muxes : 
	   2 Input    8 Bit        Muxes := 16    
	   2 Input    1 Bit        Muxes := 20    
---------------------------------------------------------------------------------
Finished RTL Component Statistics 
---------------------------------------------------------------------------------
---------------------------------------------------------------------------------
Start Part Resource Summary
---------------------------------------------------------------------------------
Part Resources:
DSPs: 240 (col length:80)
BRAMs: 270 (col length: RAMB18 80 RAMB36 40)
---------------------------------------------------------------------------------
Finished Part Resource Summary
---------------------------------------------------------------------------------
---------------------------------------------------------------------------------
Start Cross Boundary and Area Optimization
---------------------------------------------------------------------------------
WARNING: [Synth 8-7080] Parallel synthesis criteria is not met
---------------------------------------------------------------------------------
Finished Cross Boundary and Area Optimization : Time (s): cpu = 00:00:10 ; elapsed = 00:00:10 . Memory (MB): peak = 2401.020 ; gain = 671.312 ; free physical = 671 ; free virtual = 14275
---------------------------------------------------------------------------------
---------------------------------------------------------------------------------
Start Applying XDC Timing Constraints
---------------------------------------------------------------------------------
---------------------------------------------------------------------------------
Finished Applying XDC Timing Constraints : Time (s): cpu = 00:00:14 ; elapsed = 00:00:14 . Memory (MB): peak = 2401.020 ; gain = 671.312 ; free physical = 699 ; free virtual = 14298
---------------------------------------------------------------------------------
---------------------------------------------------------------------------------
Start Timing Optimization
---------------------------------------------------------------------------------
---------------------------------------------------------------------------------
Finished Timing Optimization : Time (s): cpu = 00:00:15 ; elapsed = 00:00:15 . Memory (MB): peak = 2401.020 ; gain = 671.312 ; free physical = 727 ; free virtual = 14327
---------------------------------------------------------------------------------
---------------------------------------------------------------------------------
Start Technology Mapping
---------------------------------------------------------------------------------
---------------------------------------------------------------------------------
Finished Technology Mapping : Time (s): cpu = 00:00:15 ; elapsed = 00:00:15 . Memory (MB): peak = 2401.020 ; gain = 671.312 ; free physical = 727 ; free virtual = 14327
---------------------------------------------------------------------------------
---------------------------------------------------------------------------------
Start IO Insertion
---------------------------------------------------------------------------------
---------------------------------------------------------------------------------
Start Flattening Before IO Insertion
---------------------------------------------------------------------------------
---------------------------------------------------------------------------------
Finished Flattening Before IO Insertion
---------------------------------------------------------------------------------
---------------------------------------------------------------------------------
Start Final Netlist Cleanup
---------------------------------------------------------------------------------
---------------------------------------------------------------------------------
Finished Final Netlist Cleanup
---------------------------------------------------------------------------------
---------------------------------------------------------------------------------
Finished IO Insertion : Time (s): cpu = 00:00:17 ; elapsed = 00:00:18 . Memory (MB): peak = 2401.020 ; gain = 671.312 ; free physical = 737 ; free virtual = 14336
---------------------------------------------------------------------------------
---------------------------------------------------------------------------------
Start Renaming Generated Instances
---------------------------------------------------------------------------------
---------------------------------------------------------------------------------
Finished Renaming Generated Instances : Time (s): cpu = 00:00:17 ; elapsed = 00:00:18 . Memory (MB): peak = 2401.020 ; gain = 671.312 ; free physical = 737 ; free virtual = 14336
---------------------------------------------------------------------------------
---------------------------------------------------------------------------------
Start Rebuilding User Hierarchy
---------------------------------------------------------------------------------
---------------------------------------------------------------------------------
Finished Rebuilding User Hierarchy : Time (s): cpu = 00:00:17 ; elapsed = 00:00:18 . Memory (MB): peak = 2401.020 ; gain = 671.312 ; free physical = 737 ; free virtual = 14337
---------------------------------------------------------------------------------
---------------------------------------------------------------------------------
Start Renaming Generated Ports
---------------------------------------------------------------------------------
---------------------------------------------------------------------------------
Finished Renaming Generated Ports : Time (s): cpu = 00:00:17 ; elapsed = 00:00:18 . Memory (MB): peak = 2401.020 ; gain = 671.312 ; free physical = 737 ; free virtual = 14337
---------------------------------------------------------------------------------
---------------------------------------------------------------------------------
Start Handling Custom Attributes
---------------------------------------------------------------------------------
---------------------------------------------------------------------------------
Finished Handling Custom Attributes : Time (s): cpu = 00:00:17 ; elapsed = 00:00:18 . Memory (MB): peak = 2401.020 ; gain = 671.312 ; free physical = 737 ; free virtual = 14337
---------------------------------------------------------------------------------
---------------------------------------------------------------------------------
Start Renaming Generated Nets
---------------------------------------------------------------------------------
---------------------------------------------------------------------------------
Finished Renaming Generated Nets : Time (s): cpu = 00:00:17 ; elapsed = 00:00:18 . Memory (MB): peak = 2401.020 ; gain = 671.312 ; free physical = 737 ; free virtual = 14337
---------------------------------------------------------------------------------
---------------------------------------------------------------------------------
Start Writing Synthesis Report
---------------------------------------------------------------------------------

Report BlackBoxes: 
+-+--------------+----------+
| |BlackBox name |Instances |
+-+--------------+----------+
+-+--------------+----------+

Report Cell Usage: 
+------+-------+------+
|      |Cell   |Count |
+------+-------+------+
|1     |BUFG   |     1|
|2     |CARRY4 |     8|
|3     |LUT3   |    33|
|4     |LUT4   |    23|
|5     |LUT5   |    82|
|6     |LUT6   |    60|
|7     |FDRE   |    46|
|8     |IBUF   |    40|
|9     |OBUF   |    32|
+------+-------+------+
---------------------------------------------------------------------------------
Finished Writing Synthesis Report : Time (s): cpu = 00:00:17 ; elapsed = 00:00:18 . Memory (MB): peak = 2401.020 ; gain = 671.312 ; free physical = 737 ; free virtual = 14337
---------------------------------------------------------------------------------
Synthesis finished with 0 errors, 0 critical warnings and 1 warnings.
Synthesis Optimization Runtime : Time (s): cpu = 00:00:16 ; elapsed = 00:00:17 . Memory (MB): peak = 2401.020 ; gain = 521.562 ; free physical = 743 ; free virtual = 14343
Synthesis Optimization Complete : Time (s): cpu = 00:00:17 ; elapsed = 00:00:18 . Memory (MB): peak = 2401.027 ; gain = 671.312 ; free physical = 743 ; free virtual = 14344
INFO: [Project 1-571] Translating synthesized netlist
Netlist sorting complete. Time (s): cpu = 00:00:00 ; elapsed = 00:00:00 . Memory (MB): peak = 2401.027 ; gain = 0.000 ; free physical = 1029 ; free virtual = 14629
INFO: [Netlist 29-17] Analyzing 8 Unisim elements for replacement
INFO: [Netlist 29-28] Unisim Transformation completed in 2 CPU seconds
INFO: [Project 1-570] Preparing netlist for logic optimization
INFO: [Opt 31-138] Pushed 0 inverter(s) to 0 load pin(s).
Netlist sorting complete. Time (s): cpu = 00:00:00 ; elapsed = 00:00:00 . Memory (MB): peak = 2457.047 ; gain = 0.000 ; free physical = 1060 ; free virtual = 14660
INFO: [Project 1-111] Unisim Transformation Summary:
No Unisim elements were transformed.

Synth Design complete | Checksum: 516912e3
INFO: [Common 17-83] Releasing license: Synthesis
25 Infos, 1 Warnings, 0 Critical Warnings and 0 Errors encountered.
synth_design completed successfully
synth_design: Time (s): cpu = 00:00:23 ; elapsed = 00:00:21 . Memory (MB): peak = 2457.047 ; gain = 1043.348 ; free physical = 1059 ; free virtual = 14660
INFO: [Common 17-2834] synth_design peak Physical Memory [PSS] (MB): overall = 1838.597; main = 1495.498; forked = 370.223
INFO: [Common 17-2834] synth_design peak Virtual Memory [VSS] (MB): overall = 3428.191; main = 2457.051; forked = 1027.168
Write ShapeDB Complete: Time (s): cpu = 00:00:00 ; elapsed = 00:00:00 . Memory (MB): peak = 2481.059 ; gain = 0.000 ; free physical = 1058 ; free virtual = 14659
INFO: [Common 17-1381] The checkpoint '/home/sackb/Documents/Vivado_Projects/ece410sp26/cf07/cf07.runs/synth_1/crossbar_mac.dcp' has been generated.
INFO: [Vivado 12-24828] Executing command : report_utilization -file crossbar_mac_utilization_synth.rpt -pb crossbar_mac_utilization_synth.pb
INFO: [Common 17-206] Exiting Vivado at Mon May 18 03:56:06 2026...
[Mon May 18 03:56:17 2026] synth_1 finished
wait_on_runs: Time (s): cpu = 00:00:33 ; elapsed = 00:00:40 . Memory (MB): peak = 1414.703 ; gain = 0.000 ; free physical = 2413 ; free virtual = 15998
# reset_run impl_1
# launch_runs impl_1 -jobs 4
[Mon May 18 03:56:17 2026] Launched impl_1...
Run output will be captured here: /home/sackb/Documents/Vivado_Projects/ece410sp26/cf07/cf07.runs/impl_1/runme.log
# wait_on_run impl_1
[Mon May 18 03:56:17 2026] Waiting for impl_1 to finish...

*** Running vivado
    with args -log crossbar_mac.vdi -applog -m64 -product Vivado -messageDb vivado.pb -mode batch -source crossbar_mac.tcl -notrace


****** Vivado v2024.1 (64-bit)
  **** SW Build 5076996 on Wed May 22 18:36:09 MDT 2024
  **** IP Build 5075265 on Wed May 22 21:45:21 MDT 2024
  **** SharedData Build 5076995 on Wed May 22 18:29:18 MDT 2024
  **** Start of session at: Mon May 18 03:56:19 2026
    ** Copyright 1986-2022 Xilinx, Inc. All Rights Reserved.
    ** Copyright 2022-2024 Advanced Micro Devices, Inc. All Rights Reserved.

source crossbar_mac.tcl -notrace
Command: link_design -top crossbar_mac -part xc7a100tcsg324-1
Design is defaulting to srcset: sources_1
Design is defaulting to constrset: constrs_1
INFO: [Device 21-403] Loading part xc7a100tcsg324-1
INFO: [Device 21-9227] Part: xc7a100tcsg324-1 does not have CEAM library.
Netlist sorting complete. Time (s): cpu = 00:00:00 ; elapsed = 00:00:00 . Memory (MB): peak = 1729.738 ; gain = 0.000 ; free physical = 1587 ; free virtual = 15211
INFO: [Netlist 29-17] Analyzing 8 Unisim elements for replacement
INFO: [Netlist 29-28] Unisim Transformation completed in 0 CPU seconds
INFO: [Project 1-479] Netlist was created with Vivado 2024.1
INFO: [Project 1-570] Preparing netlist for logic optimization
Parsing XDC File [/home/sackb/Documents/Vivado_Projects/ece410sp26/cf07/cf07.srcs/constrs_1/imports/src/crossbar_mac.xdc]
Finished Parsing XDC File [/home/sackb/Documents/Vivado_Projects/ece410sp26/cf07/cf07.srcs/constrs_1/imports/src/crossbar_mac.xdc]
INFO: [Opt 31-138] Pushed 0 inverter(s) to 0 load pin(s).
Netlist sorting complete. Time (s): cpu = 00:00:00 ; elapsed = 00:00:00 . Memory (MB): peak = 1888.266 ; gain = 0.000 ; free physical = 1460 ; free virtual = 15078
INFO: [Project 1-111] Unisim Transformation Summary:
No Unisim elements were transformed.

8 Infos, 0 Warnings, 0 Critical Warnings and 0 Errors encountered.
link_design completed successfully
Command: opt_design
Attempting to get a license for feature 'Implementation' and/or device 'xc7a100t'
INFO: [Common 17-349] Got license for feature 'Implementation' and/or device 'xc7a100t'
Running DRC as a precondition to command opt_design

Starting DRC Task
INFO: [DRC 23-27] Running DRC with 8 threads
INFO: [Project 1-461] DRC finished with 0 Errors
INFO: [Project 1-462] Please refer to the DRC report (report_drc) for more information.

Time (s): cpu = 00:00:00.7 ; elapsed = 00:00:00.43 . Memory (MB): peak = 1983.016 ; gain = 90.781 ; free physical = 1427 ; free virtual = 15048

Starting Cache Timing Information Task
INFO: [Timing 38-35] Done setting XDC timing constraints.
Ending Cache Timing Information Task | Checksum: 180f8bd8b

Time (s): cpu = 00:00:04 ; elapsed = 00:00:04 . Memory (MB): peak = 2480.844 ; gain = 497.828 ; free physical = 1020 ; free virtual = 14646

Starting Logic Optimization Task

Phase 1 Initialization

Phase 1.1 Core Generation And Design Setup
Phase 1.1 Core Generation And Design Setup | Checksum: 180f8bd8b

Time (s): cpu = 00:00:00 ; elapsed = 00:00:00 . Memory (MB): peak = 2796.617 ; gain = 0.000 ; free physical = 709 ; free virtual = 14336

Phase 1.2 Setup Constraints And Sort Netlist
Phase 1.2 Setup Constraints And Sort Netlist | Checksum: 180f8bd8b

Time (s): cpu = 00:00:00 ; elapsed = 00:00:00 . Memory (MB): peak = 2796.617 ; gain = 0.000 ; free physical = 709 ; free virtual = 14336
Phase 1 Initialization | Checksum: 180f8bd8b

Time (s): cpu = 00:00:00 ; elapsed = 00:00:00 . Memory (MB): peak = 2796.617 ; gain = 0.000 ; free physical = 709 ; free virtual = 14336

Phase 2 Timer Update And Timing Data Collection

Phase 2.1 Timer Update
Phase 2.1 Timer Update | Checksum: 180f8bd8b

Time (s): cpu = 00:00:00.01 ; elapsed = 00:00:00 . Memory (MB): peak = 2796.617 ; gain = 0.000 ; free physical = 709 ; free virtual = 14336

Phase 2.2 Timing Data Collection
Phase 2.2 Timing Data Collection | Checksum: 180f8bd8b

Time (s): cpu = 00:00:00.01 ; elapsed = 00:00:00.01 . Memory (MB): peak = 2796.617 ; gain = 0.000 ; free physical = 709 ; free virtual = 14336
Phase 2 Timer Update And Timing Data Collection | Checksum: 180f8bd8b

Time (s): cpu = 00:00:00.01 ; elapsed = 00:00:00.01 . Memory (MB): peak = 2796.617 ; gain = 0.000 ; free physical = 709 ; free virtual = 14336

Phase 3 Retarget
INFO: [Opt 31-1834] Total Chains To Be Transformed Were: 0 AND Number of Transformed insts Created are: 0
INFO: [Opt 31-138] Pushed 0 inverter(s) to 0 load pin(s).
INFO: [Opt 31-49] Retargeted 0 cell(s).
Phase 3 Retarget | Checksum: 180f8bd8b

Time (s): cpu = 00:00:00.02 ; elapsed = 00:00:00.01 . Memory (MB): peak = 2796.617 ; gain = 0.000 ; free physical = 709 ; free virtual = 14335
Retarget | Checksum: 180f8bd8b
INFO: [Opt 31-389] Phase Retarget created 0 cells and removed 0 cells

Phase 4 Constant propagation
INFO: [Opt 31-138] Pushed 0 inverter(s) to 0 load pin(s).
Phase 4 Constant propagation | Checksum: 180f8bd8b

Time (s): cpu = 00:00:00.02 ; elapsed = 00:00:00.01 . Memory (MB): peak = 2796.617 ; gain = 0.000 ; free physical = 709 ; free virtual = 14335
Constant propagation | Checksum: 180f8bd8b
INFO: [Opt 31-389] Phase Constant propagation created 0 cells and removed 0 cells

Phase 5 Sweep
Phase 5 Sweep | Checksum: 22aaa426d

Time (s): cpu = 00:00:00.02 ; elapsed = 00:00:00.02 . Memory (MB): peak = 2796.617 ; gain = 0.000 ; free physical = 709 ; free virtual = 14335
Sweep | Checksum: 22aaa426d
INFO: [Opt 31-389] Phase Sweep created 2 cells and removed 0 cells

Phase 6 BUFG optimization
Phase 6 BUFG optimization | Checksum: 22aaa426d

Time (s): cpu = 00:00:00.03 ; elapsed = 00:00:00.02 . Memory (MB): peak = 2828.633 ; gain = 32.016 ; free physical = 708 ; free virtual = 14335
BUFG optimization | Checksum: 22aaa426d
INFO: [Opt 31-662] Phase BUFG optimization created 0 cells of which 0 are BUFGs and removed 0 cells.

Phase 7 Shift Register Optimization
INFO: [Opt 31-1064] SRL Remap converted 0 SRLs to 0 registers and converted 0 registers of register chains to 0 SRLs
Phase 7 Shift Register Optimization | Checksum: 22aaa426d

Time (s): cpu = 00:00:00.03 ; elapsed = 00:00:00.02 . Memory (MB): peak = 2828.633 ; gain = 32.016 ; free physical = 708 ; free virtual = 14335
Shift Register Optimization | Checksum: 22aaa426d
INFO: [Opt 31-389] Phase Shift Register Optimization created 0 cells and removed 0 cells

Phase 8 Post Processing Netlist
Phase 8 Post Processing Netlist | Checksum: 22aaa426d

Time (s): cpu = 00:00:00.03 ; elapsed = 00:00:00.02 . Memory (MB): peak = 2828.633 ; gain = 32.016 ; free physical = 709 ; free virtual = 14335
Post Processing Netlist | Checksum: 22aaa426d
INFO: [Opt 31-389] Phase Post Processing Netlist created 0 cells and removed 0 cells

Phase 9 Finalization

Phase 9.1 Finalizing Design Cores and Updating Shapes
Phase 9.1 Finalizing Design Cores and Updating Shapes | Checksum: 18eddbc2c

Time (s): cpu = 00:00:00.03 ; elapsed = 00:00:00.03 . Memory (MB): peak = 2828.633 ; gain = 32.016 ; free physical = 709 ; free virtual = 14335

Phase 9.2 Verifying Netlist Connectivity

Starting Connectivity Check Task

Time (s): cpu = 00:00:00 ; elapsed = 00:00:00 . Memory (MB): peak = 2828.633 ; gain = 0.000 ; free physical = 709 ; free virtual = 14335
Phase 9.2 Verifying Netlist Connectivity | Checksum: 18eddbc2c

Time (s): cpu = 00:00:00.03 ; elapsed = 00:00:00.03 . Memory (MB): peak = 2828.633 ; gain = 32.016 ; free physical = 709 ; free virtual = 14335
Phase 9 Finalization | Checksum: 18eddbc2c

Time (s): cpu = 00:00:00.03 ; elapsed = 00:00:00.03 . Memory (MB): peak = 2828.633 ; gain = 32.016 ; free physical = 709 ; free virtual = 14335
Opt_design Change Summary
=========================


-------------------------------------------------------------------------------------------------------------------------
|  Phase                        |  #Cells created  |  #Cells Removed  |  #Constrained objects preventing optimizations  |
-------------------------------------------------------------------------------------------------------------------------
|  Retarget                     |               0  |               0  |                                              0  |
|  Constant propagation         |               0  |               0  |                                              0  |
|  Sweep                        |               2  |               0  |                                              0  |
|  BUFG optimization            |               0  |               0  |                                              0  |
|  Shift Register Optimization  |               0  |               0  |                                              0  |
|  Post Processing Netlist      |               0  |               0  |                                              0  |
-------------------------------------------------------------------------------------------------------------------------


Ending Logic Optimization Task | Checksum: 18eddbc2c

Time (s): cpu = 00:00:00.03 ; elapsed = 00:00:00.03 . Memory (MB): peak = 2828.633 ; gain = 32.016 ; free physical = 709 ; free virtual = 14335

Starting Power Optimization Task
INFO: [Pwropt 34-132] Skipping clock gating for clocks with a period < 2.00 ns.
Ending Power Optimization Task | Checksum: 18eddbc2c

Time (s): cpu = 00:00:00.01 ; elapsed = 00:00:00 . Memory (MB): peak = 2828.633 ; gain = 0.000 ; free physical = 709 ; free virtual = 14335

Starting Final Cleanup Task
Ending Final Cleanup Task | Checksum: 18eddbc2c

Time (s): cpu = 00:00:00 ; elapsed = 00:00:00 . Memory (MB): peak = 2828.633 ; gain = 0.000 ; free physical = 709 ; free virtual = 14335

Starting Netlist Obfuscation Task
Netlist sorting complete. Time (s): cpu = 00:00:00 ; elapsed = 00:00:00 . Memory (MB): peak = 2828.633 ; gain = 0.000 ; free physical = 709 ; free virtual = 14335
Ending Netlist Obfuscation Task | Checksum: 18eddbc2c

Time (s): cpu = 00:00:00 ; elapsed = 00:00:00 . Memory (MB): peak = 2828.633 ; gain = 0.000 ; free physical = 709 ; free virtual = 14335
INFO: [Common 17-83] Releasing license: Implementation
26 Infos, 0 Warnings, 0 Critical Warnings and 0 Errors encountered.
opt_design completed successfully
opt_design: Time (s): cpu = 00:00:06 ; elapsed = 00:00:06 . Memory (MB): peak = 2828.633 ; gain = 936.398 ; free physical = 709 ; free virtual = 14335
INFO: [Vivado 12-24828] Executing command : report_drc -file crossbar_mac_drc_opted.rpt -pb crossbar_mac_drc_opted.pb -rpx crossbar_mac_drc_opted.rpx
Command: report_drc -file crossbar_mac_drc_opted.rpt -pb crossbar_mac_drc_opted.pb -rpx crossbar_mac_drc_opted.rpx
INFO: [IP_Flow 19-234] Refreshing IP repositories
INFO: [IP_Flow 19-1704] No user IP repositories specified
INFO: [IP_Flow 19-2313] Loaded Vivado IP repository '/tools/Xilinx/Vivado/2024.1/data/ip'.
INFO: [DRC 23-27] Running DRC with 8 threads
INFO: [Vivado_Tcl 2-168] The results of DRC are in file /home/sackb/Documents/Vivado_Projects/ece410sp26/cf07/cf07.runs/impl_1/crossbar_mac_drc_opted.rpt.
report_drc completed successfully
INFO: [Timing 38-480] Writing timing data to binary archive.
Write ShapeDB Complete: Time (s): cpu = 00:00:00 ; elapsed = 00:00:00 . Memory (MB): peak = 2868.652 ; gain = 0.000 ; free physical = 700 ; free virtual = 14326
INFO: [Common 17-1381] The checkpoint '/home/sackb/Documents/Vivado_Projects/ece410sp26/cf07/cf07.runs/impl_1/crossbar_mac_opt.dcp' has been generated.
Command: place_design
Attempting to get a license for feature 'Implementation' and/or device 'xc7a100t'
INFO: [Common 17-349] Got license for feature 'Implementation' and/or device 'xc7a100t'
INFO: [Common 17-83] Releasing license: Implementation
INFO: [DRC 23-27] Running DRC with 8 threads
INFO: [Vivado_Tcl 4-198] DRC finished with 0 Errors
INFO: [Vivado_Tcl 4-199] Please refer to the DRC report (report_drc) for more information.
Running DRC as a precondition to command place_design
INFO: [DRC 23-27] Running DRC with 8 threads
INFO: [Vivado_Tcl 4-198] DRC finished with 0 Errors
INFO: [Vivado_Tcl 4-199] Please refer to the DRC report (report_drc) for more information.
INFO: [Place 30-611] Multithreading enabled for place_design using a maximum of 8 CPUs

Starting Placer Task

Phase 1 Placer Initialization

Phase 1.1 Placer Initialization Netlist Sorting
Netlist sorting complete. Time (s): cpu = 00:00:00 ; elapsed = 00:00:00 . Memory (MB): peak = 2868.652 ; gain = 0.000 ; free physical = 643 ; free virtual = 14256
Phase 1.1 Placer Initialization Netlist Sorting | Checksum: 14f22b097

Time (s): cpu = 00:00:00 ; elapsed = 00:00:00 . Memory (MB): peak = 2868.652 ; gain = 0.000 ; free physical = 643 ; free virtual = 14257
Netlist sorting complete. Time (s): cpu = 00:00:00 ; elapsed = 00:00:00 . Memory (MB): peak = 2868.652 ; gain = 0.000 ; free physical = 639 ; free virtual = 14253

Phase 1.2 IO Placement/ Clock Placement/ Build Placer Device
INFO: [Timing 38-35] Done setting XDC timing constraints.
Phase 1.2 IO Placement/ Clock Placement/ Build Placer Device | Checksum: 244f6db72

Time (s): cpu = 00:00:00.64 ; elapsed = 00:00:00.25 . Memory (MB): peak = 2868.652 ; gain = 0.000 ; free physical = 620 ; free virtual = 14216

Phase 1.3 Build Placer Netlist Model
Phase 1.3 Build Placer Netlist Model | Checksum: 336cba119

Time (s): cpu = 00:00:00.86 ; elapsed = 00:00:00.31 . Memory (MB): peak = 2868.652 ; gain = 0.000 ; free physical = 587 ; free virtual = 14181

Phase 1.4 Constrain Clocks/Macros
Phase 1.4 Constrain Clocks/Macros | Checksum: 336cba119

Time (s): cpu = 00:00:00.87 ; elapsed = 00:00:00.31 . Memory (MB): peak = 2868.652 ; gain = 0.000 ; free physical = 635 ; free virtual = 14229
Phase 1 Placer Initialization | Checksum: 336cba119

Time (s): cpu = 00:00:00.87 ; elapsed = 00:00:00.32 . Memory (MB): peak = 2868.652 ; gain = 0.000 ; free physical = 651 ; free virtual = 14246

Phase 2 Global Placement

Phase 2.1 Floorplanning
Phase 2.1 Floorplanning | Checksum: 26e0e3c46

Time (s): cpu = 00:00:00.98 ; elapsed = 00:00:00.33 . Memory (MB): peak = 2868.652 ; gain = 0.000 ; free physical = 621 ; free virtual = 14219

Phase 2.2 Update Timing before SLR Path Opt
Phase 2.2 Update Timing before SLR Path Opt | Checksum: 333a978ad

Time (s): cpu = 00:00:01 ; elapsed = 00:00:00.34 . Memory (MB): peak = 2868.652 ; gain = 0.000 ; free physical = 660 ; free virtual = 14258

Phase 2.3 Post-Processing in Floorplanning
Phase 2.3 Post-Processing in Floorplanning | Checksum: 333a978ad

Time (s): cpu = 00:00:01 ; elapsed = 00:00:00.34 . Memory (MB): peak = 2868.652 ; gain = 0.000 ; free physical = 660 ; free virtual = 14258

Phase 2.4 Global Placement Core

Phase 2.4.1 UpdateTiming Before Physical Synthesis
Phase 2.4.1 UpdateTiming Before Physical Synthesis | Checksum: 2e8d5d4a0

Time (s): cpu = 00:00:02 ; elapsed = 00:00:00.52 . Memory (MB): peak = 2868.652 ; gain = 0.000 ; free physical = 652 ; free virtual = 14258

Phase 2.4.2 Physical Synthesis In Placer
INFO: [Physopt 32-1035] Found 0 LUTNM shape to break, 16 LUT instances to create LUTNM shape
INFO: [Physopt 32-1044] Break lutnm for timing: one critical 0, two critical 0, total 0, new lutff created 0
INFO: [Physopt 32-1138] End 1 Pass. Optimized 8 nets or LUTs. Breaked 0 LUT, combined 8 existing LUTs and moved 0 existing LUT
INFO: [Physopt 32-65] No nets found for high-fanout optimization.
INFO: [Physopt 32-232] Optimized 0 net. Created 0 new instance.
INFO: [Physopt 32-775] End 1 Pass. Optimized 0 net or cell. Created 0 new cell, deleted 0 existing cell and moved 0 existing cell
INFO: [Physopt 32-670] No setup violation found.  DSP Register Optimization was not performed.
INFO: [Physopt 32-670] No setup violation found.  Shift Register to Pipeline Optimization was not performed.
INFO: [Physopt 32-670] No setup violation found.  Shift Register Optimization was not performed.
INFO: [Physopt 32-670] No setup violation found.  BRAM Register Optimization was not performed.
INFO: [Physopt 32-670] No setup violation found.  URAM Register Optimization was not performed.
INFO: [Physopt 32-949] No candidate nets found for dynamic/static region interface net replication
INFO: [Physopt 32-775] End 1 Pass. Optimized 0 net or cell. Created 0 new cell, deleted 0 existing cell and moved 0 existing cell
Netlist sorting complete. Time (s): cpu = 00:00:00 ; elapsed = 00:00:00 . Memory (MB): peak = 2868.652 ; gain = 0.000 ; free physical = 650 ; free virtual = 14260

Summary of Physical Synthesis Optimizations
============================================


-----------------------------------------------------------------------------------------------------------------------------------------------------------
|  Optimization                                     |  Added Cells  |  Removed Cells  |  Optimized Cells/Nets  |  Dont Touch  |  Iterations  |  Elapsed   |
-----------------------------------------------------------------------------------------------------------------------------------------------------------
|  LUT Combining                                    |            0  |              8  |                     8  |           0  |           1  |  00:00:00  |
|  Retime                                           |            0  |              0  |                     0  |           0  |           1  |  00:00:00  |
|  Very High Fanout                                 |            0  |              0  |                     0  |           0  |           1  |  00:00:00  |
|  DSP Register                                     |            0  |              0  |                     0  |           0  |           0  |  00:00:00  |
|  Shift Register to Pipeline                       |            0  |              0  |                     0  |           0  |           0  |  00:00:00  |
|  Shift Register                                   |            0  |              0  |                     0  |           0  |           0  |  00:00:00  |
|  BRAM Register                                    |            0  |              0  |                     0  |           0  |           0  |  00:00:00  |
|  URAM Register                                    |            0  |              0  |                     0  |           0  |           0  |  00:00:00  |
|  Dynamic/Static Region Interface Net Replication  |            0  |              0  |                     0  |           0  |           1  |  00:00:00  |
|  Total                                            |            0  |              8  |                     8  |           0  |           4  |  00:00:00  |
-----------------------------------------------------------------------------------------------------------------------------------------------------------


Phase 2.4.2 Physical Synthesis In Placer | Checksum: 2cf3db52e

Time (s): cpu = 00:00:02 ; elapsed = 00:00:00.77 . Memory (MB): peak = 2868.652 ; gain = 0.000 ; free physical = 650 ; free virtual = 14260
Phase 2.4 Global Placement Core | Checksum: 2e74d495c

Time (s): cpu = 00:00:02 ; elapsed = 00:00:00.8 . Memory (MB): peak = 2868.652 ; gain = 0.000 ; free physical = 649 ; free virtual = 14259
Phase 2 Global Placement | Checksum: 2e74d495c

Time (s): cpu = 00:00:03 ; elapsed = 00:00:00.8 . Memory (MB): peak = 2868.652 ; gain = 0.000 ; free physical = 649 ; free virtual = 14259

Phase 3 Detail Placement

Phase 3.1 Commit Multi Column Macros
Phase 3.1 Commit Multi Column Macros | Checksum: 2e327d6f0

Time (s): cpu = 00:00:03 ; elapsed = 00:00:00.81 . Memory (MB): peak = 2868.652 ; gain = 0.000 ; free physical = 648 ; free virtual = 14258

Phase 3.2 Commit Most Macros & LUTRAMs
Phase 3.2 Commit Most Macros & LUTRAMs | Checksum: 21c112354

Time (s): cpu = 00:00:03 ; elapsed = 00:00:00.83 . Memory (MB): peak = 2868.652 ; gain = 0.000 ; free physical = 647 ; free virtual = 14257

Phase 3.3 Area Swap Optimization
Phase 3.3 Area Swap Optimization | Checksum: 26f47e503

Time (s): cpu = 00:00:03 ; elapsed = 00:00:00.84 . Memory (MB): peak = 2868.652 ; gain = 0.000 ; free physical = 647 ; free virtual = 14257

Phase 3.4 Pipeline Register Optimization
Phase 3.4 Pipeline Register Optimization | Checksum: 2014d0ec9

Time (s): cpu = 00:00:03 ; elapsed = 00:00:00.84 . Memory (MB): peak = 2868.652 ; gain = 0.000 ; free physical = 647 ; free virtual = 14257

Phase 3.5 Small Shape Detail Placement
Phase 3.5 Small Shape Detail Placement | Checksum: 2ba2a47d7

Time (s): cpu = 00:00:03 ; elapsed = 00:00:00.95 . Memory (MB): peak = 2868.652 ; gain = 0.000 ; free physical = 631 ; free virtual = 14242

Phase 3.6 Re-assign LUT pins
Phase 3.6 Re-assign LUT pins | Checksum: 320028a4a

Time (s): cpu = 00:00:03 ; elapsed = 00:00:00.96 . Memory (MB): peak = 2868.652 ; gain = 0.000 ; free physical = 614 ; free virtual = 14228

Phase 3.7 Pipeline Register Optimization
Phase 3.7 Pipeline Register Optimization | Checksum: 2adffb0a0

Time (s): cpu = 00:00:03 ; elapsed = 00:00:00.96 . Memory (MB): peak = 2868.652 ; gain = 0.000 ; free physical = 610 ; free virtual = 14223
Phase 3 Detail Placement | Checksum: 2adffb0a0

Time (s): cpu = 00:00:03 ; elapsed = 00:00:00.96 . Memory (MB): peak = 2868.652 ; gain = 0.000 ; free physical = 610 ; free virtual = 14223

Phase 4 Post Placement Optimization and Clean-Up

Phase 4.1 Post Commit Optimization
INFO: [Timing 38-35] Done setting XDC timing constraints.

Phase 4.1.1 Post Placement Optimization
Post Placement Optimization Initialization | Checksum: 316cc172e

Phase 4.1.1.1 BUFG Insertion

Starting Physical Synthesis Task

Phase 1 Physical Synthesis Initialization
INFO: [Physopt 32-721] Multithreading enabled for phys_opt_design using a maximum of 8 CPUs
INFO: [Physopt 32-619] Estimated Timing Summary | WNS=4.960 | TNS=0.000 |
Phase 1 Physical Synthesis Initialization | Checksum: 1b527b317

Time (s): cpu = 00:00:00.05 ; elapsed = 00:00:00.01 . Memory (MB): peak = 2868.652 ; gain = 0.000 ; free physical = 588 ; free virtual = 14208
INFO: [Place 46-56] BUFG insertion identified 0 candidate nets. Inserted BUFG: 0, Replicated BUFG Driver: 0, Skipped due to Placement/Routing Conflicts: 0, Skipped due to Timing Degradation: 0, Skipped due to netlist editing failed: 0.
Ending Physical Synthesis Task | Checksum: 2bc1a6afc

Time (s): cpu = 00:00:00.05 ; elapsed = 00:00:00.01 . Memory (MB): peak = 2868.652 ; gain = 0.000 ; free physical = 588 ; free virtual = 14208
Phase 4.1.1.1 BUFG Insertion | Checksum: 316cc172e

Time (s): cpu = 00:00:03 ; elapsed = 00:00:01 . Memory (MB): peak = 2868.652 ; gain = 0.000 ; free physical = 587 ; free virtual = 14207

Phase 4.1.1.2 Post Placement Timing Optimization
INFO: [Place 30-746] Post Placement Timing Summary WNS=4.960. For the most accurate timing information please run report_timing.
Phase 4.1.1.2 Post Placement Timing Optimization | Checksum: 33ffa51f6

Time (s): cpu = 00:00:03 ; elapsed = 00:00:01 . Memory (MB): peak = 2868.652 ; gain = 0.000 ; free physical = 587 ; free virtual = 14207

Time (s): cpu = 00:00:03 ; elapsed = 00:00:01 . Memory (MB): peak = 2868.652 ; gain = 0.000 ; free physical = 587 ; free virtual = 14207
Phase 4.1 Post Commit Optimization | Checksum: 33ffa51f6

Time (s): cpu = 00:00:03 ; elapsed = 00:00:01 . Memory (MB): peak = 2868.652 ; gain = 0.000 ; free physical = 587 ; free virtual = 14207

Phase 4.2 Post Placement Cleanup
Phase 4.2 Post Placement Cleanup | Checksum: 33ffa51f6

Time (s): cpu = 00:00:04 ; elapsed = 00:00:01 . Memory (MB): peak = 2868.652 ; gain = 0.000 ; free physical = 586 ; free virtual = 14206

Phase 4.3 Placer Reporting

Phase 4.3.1 Print Estimated Congestion
INFO: [Place 30-612] Post-Placement Estimated Congestion 
 ____________________________________________________
|           | Global Congestion | Short Congestion  |
| Direction | Region Size       | Region Size       |
|___________|___________________|___________________|
|      North|                1x1|                1x1|
|___________|___________________|___________________|
|      South|                1x1|                1x1|
|___________|___________________|___________________|
|       East|                1x1|                1x1|
|___________|___________________|___________________|
|       West|                1x1|                1x1|
|___________|___________________|___________________|

Phase 4.3.1 Print Estimated Congestion | Checksum: 33ffa51f6

Time (s): cpu = 00:00:04 ; elapsed = 00:00:01 . Memory (MB): peak = 2868.652 ; gain = 0.000 ; free physical = 586 ; free virtual = 14207
Phase 4.3 Placer Reporting | Checksum: 33ffa51f6

Time (s): cpu = 00:00:04 ; elapsed = 00:00:01 . Memory (MB): peak = 2868.652 ; gain = 0.000 ; free physical = 585 ; free virtual = 14206

Phase 4.4 Final Placement Cleanup
Netlist sorting complete. Time (s): cpu = 00:00:00 ; elapsed = 00:00:00 . Memory (MB): peak = 2868.652 ; gain = 0.000 ; free physical = 585 ; free virtual = 14206

Time (s): cpu = 00:00:04 ; elapsed = 00:00:01 . Memory (MB): peak = 2868.652 ; gain = 0.000 ; free physical = 584 ; free virtual = 14206
Phase 4 Post Placement Optimization and Clean-Up | Checksum: 2b4a0db25

Time (s): cpu = 00:00:04 ; elapsed = 00:00:01 . Memory (MB): peak = 2868.652 ; gain = 0.000 ; free physical = 584 ; free virtual = 14206
Ending Placer Task | Checksum: 1f105e896

Time (s): cpu = 00:00:04 ; elapsed = 00:00:01 . Memory (MB): peak = 2868.652 ; gain = 0.000 ; free physical = 584 ; free virtual = 14206
63 Infos, 0 Warnings, 0 Critical Warnings and 0 Errors encountered.
place_design completed successfully
INFO: [Vivado 12-24838] Running report commands "report_control_sets, report_io, report_utilization" in parallel.
Running report generation with 3 threads.
INFO: [Vivado 12-24828] Executing command : report_control_sets -verbose -file crossbar_mac_control_sets_placed.rpt
report_control_sets: Time (s): cpu = 00:00:00.01 ; elapsed = 00:00:00 . Memory (MB): peak = 2868.652 ; gain = 0.000 ; free physical = 567 ; free virtual = 14195
INFO: [Vivado 12-24828] Executing command : report_utilization -file crossbar_mac_utilization_placed.rpt -pb crossbar_mac_utilization_placed.pb
INFO: [Vivado 12-24828] Executing command : report_io -file crossbar_mac_io_placed.rpt
report_io: Time (s): cpu = 00:00:00.08 ; elapsed = 00:00:00.05 . Memory (MB): peak = 2868.652 ; gain = 0.000 ; free physical = 595 ; free virtual = 14228
INFO: [Timing 38-480] Writing timing data to binary archive.
Write ShapeDB Complete: Time (s): cpu = 00:00:00 ; elapsed = 00:00:00 . Memory (MB): peak = 2868.652 ; gain = 0.000 ; free physical = 594 ; free virtual = 14227
Wrote PlaceDB: Time (s): cpu = 00:00:00.02 ; elapsed = 00:00:00 . Memory (MB): peak = 2868.652 ; gain = 0.000 ; free physical = 594 ; free virtual = 14227
Wrote PulsedLatchDB: Time (s): cpu = 00:00:00 ; elapsed = 00:00:00 . Memory (MB): peak = 2868.652 ; gain = 0.000 ; free physical = 594 ; free virtual = 14227
Writing XDEF routing.
Writing XDEF routing logical nets.
Writing XDEF routing special nets.
Wrote RouteStorage: Time (s): cpu = 00:00:00.02 ; elapsed = 00:00:00.01 . Memory (MB): peak = 2868.652 ; gain = 0.000 ; free physical = 586 ; free virtual = 14226
Wrote Netlist Cache: Time (s): cpu = 00:00:00 ; elapsed = 00:00:00 . Memory (MB): peak = 2868.652 ; gain = 0.000 ; free physical = 586 ; free virtual = 14226
Wrote Device Cache: Time (s): cpu = 00:00:00.01 ; elapsed = 00:00:00.01 . Memory (MB): peak = 2868.652 ; gain = 0.000 ; free physical = 584 ; free virtual = 14224
Write Physdb Complete: Time (s): cpu = 00:00:00.05 ; elapsed = 00:00:00.02 . Memory (MB): peak = 2868.652 ; gain = 0.000 ; free physical = 584 ; free virtual = 14224
INFO: [Common 17-1381] The checkpoint '/home/sackb/Documents/Vivado_Projects/ece410sp26/cf07/cf07.runs/impl_1/crossbar_mac_placed.dcp' has been generated.
Command: phys_opt_design
Attempting to get a license for feature 'Implementation' and/or device 'xc7a100t'
INFO: [Common 17-349] Got license for feature 'Implementation' and/or device 'xc7a100t'

Starting Initial Update Timing Task

Time (s): cpu = 00:00:00.02 ; elapsed = 00:00:00.02 . Memory (MB): peak = 2868.652 ; gain = 0.000 ; free physical = 565 ; free virtual = 14206
INFO: [Vivado_Tcl 4-2279] Estimated Timing Summary | WNS= 4.960 | TNS= 0.000 | 
INFO: [Vivado_Tcl 4-383] Design worst setup slack (WNS) is greater than or equal to 0.000 ns. All physical synthesis setup optimizations will be skipped.
INFO: [Vivado_Tcl 4-232] No setup violation found. The netlist was not modified.
INFO: [Common 17-83] Releasing license: Implementation
74 Infos, 0 Warnings, 0 Critical Warnings and 0 Errors encountered.
phys_opt_design completed successfully
INFO: [Timing 38-480] Writing timing data to binary archive.
Write ShapeDB Complete: Time (s): cpu = 00:00:00 ; elapsed = 00:00:00 . Memory (MB): peak = 2868.652 ; gain = 0.000 ; free physical = 565 ; free virtual = 14206
Wrote PlaceDB: Time (s): cpu = 00:00:00.02 ; elapsed = 00:00:00.01 . Memory (MB): peak = 2868.652 ; gain = 0.000 ; free physical = 564 ; free virtual = 14205
Wrote PulsedLatchDB: Time (s): cpu = 00:00:00 ; elapsed = 00:00:00 . Memory (MB): peak = 2868.652 ; gain = 0.000 ; free physical = 564 ; free virtual = 14205
Writing XDEF routing.
Writing XDEF routing logical nets.
Writing XDEF routing special nets.
Wrote RouteStorage: Time (s): cpu = 00:00:00.01 ; elapsed = 00:00:00.01 . Memory (MB): peak = 2868.652 ; gain = 0.000 ; free physical = 564 ; free virtual = 14205
Wrote Netlist Cache: Time (s): cpu = 00:00:00 ; elapsed = 00:00:00 . Memory (MB): peak = 2868.652 ; gain = 0.000 ; free physical = 564 ; free virtual = 14205
Wrote Device Cache: Time (s): cpu = 00:00:00.01 ; elapsed = 00:00:00 . Memory (MB): peak = 2868.652 ; gain = 0.000 ; free physical = 563 ; free virtual = 14204
Write Physdb Complete: Time (s): cpu = 00:00:00.04 ; elapsed = 00:00:00.02 . Memory (MB): peak = 2868.652 ; gain = 0.000 ; free physical = 563 ; free virtual = 14204
INFO: [Common 17-1381] The checkpoint '/home/sackb/Documents/Vivado_Projects/ece410sp26/cf07/cf07.runs/impl_1/crossbar_mac_physopt.dcp' has been generated.
Command: route_design
Attempting to get a license for feature 'Implementation' and/or device 'xc7a100t'
INFO: [Common 17-349] Got license for feature 'Implementation' and/or device 'xc7a100t'
Running DRC as a precondition to command route_design
INFO: [DRC 23-27] Running DRC with 8 threads
INFO: [Vivado_Tcl 4-198] DRC finished with 0 Errors
INFO: [Vivado_Tcl 4-199] Please refer to the DRC report (report_drc) for more information.


Starting Routing Task
INFO: [Route 35-254] Multithreading enabled for route_design using a maximum of 8 CPUs

Phase 1 Build RT Design
Checksum: PlaceDB: ef8d1016 ConstDB: 0 ShapeSum: 4fa678ea RouteDB: b1d25f96
Post Restoration Checksum: NetGraph: 10e8b248 | NumContArr: 7011ea67 | Constraints: c2a8fa9d | Timing: c2a8fa9d
Phase 1 Build RT Design | Checksum: 2064c91e9

Time (s): cpu = 00:00:15 ; elapsed = 00:00:13 . Memory (MB): peak = 3005.066 ; gain = 86.945 ; free physical = 396 ; free virtual = 14005

Phase 2 Router Initialization

Phase 2.1 Fix Topology Constraints
Phase 2.1 Fix Topology Constraints | Checksum: 2064c91e9

Time (s): cpu = 00:00:15 ; elapsed = 00:00:13 . Memory (MB): peak = 3005.066 ; gain = 86.945 ; free physical = 396 ; free virtual = 14005

Phase 2.2 Pre Route Cleanup
Phase 2.2 Pre Route Cleanup | Checksum: 2064c91e9

Time (s): cpu = 00:00:15 ; elapsed = 00:00:13 . Memory (MB): peak = 3005.066 ; gain = 86.945 ; free physical = 396 ; free virtual = 14005
 Number of Nodes with overlaps = 0

Phase 2.3 Update Timing
Phase 2.3 Update Timing | Checksum: 1f2248e02

Time (s): cpu = 00:00:15 ; elapsed = 00:00:13 . Memory (MB): peak = 3034.270 ; gain = 116.148 ; free physical = 366 ; free virtual = 13976
INFO: [Route 35-416] Intermediate Timing Summary | WNS=4.930  | TNS=0.000  | WHS=0.031  | THS=0.000  |


Router Utilization Summary
  Global Vertical Routing Utilization    = 0 %
  Global Horizontal Routing Utilization  = 0 %
  Routable Net Status*
  *Does not include unroutable nets such as driverless and loadless.
  Run report_route_status for detailed report.
  Number of Failed Nets               = 257
    (Failed Nets is the sum of unrouted and partially routed nets)
  Number of Unrouted Nets             = 257
  Number of Partially Routed Nets     = 0
  Number of Node Overlaps             = 0

Phase 2 Router Initialization | Checksum: 1d9455be1

Time (s): cpu = 00:00:16 ; elapsed = 00:00:13 . Memory (MB): peak = 3035.926 ; gain = 117.805 ; free physical = 366 ; free virtual = 13976

Phase 3 Global Routing
Phase 3 Global Routing | Checksum: 1d9455be1

Time (s): cpu = 00:00:16 ; elapsed = 00:00:13 . Memory (MB): peak = 3035.926 ; gain = 117.805 ; free physical = 366 ; free virtual = 13976

Phase 4 Initial Routing

Phase 4.1 Initial Net Routing Pass
Phase 4.1 Initial Net Routing Pass | Checksum: 1811d1220

Time (s): cpu = 00:00:16 ; elapsed = 00:00:13 . Memory (MB): peak = 3035.926 ; gain = 117.805 ; free physical = 366 ; free virtual = 13976
Phase 4 Initial Routing | Checksum: 1811d1220

Time (s): cpu = 00:00:16 ; elapsed = 00:00:13 . Memory (MB): peak = 3035.926 ; gain = 117.805 ; free physical = 366 ; free virtual = 13976

Phase 5 Rip-up And Reroute

Phase 5.1 Global Iteration 0
 Number of Nodes with overlaps = 33
 Number of Nodes with overlaps = 0
INFO: [Route 35-416] Intermediate Timing Summary | WNS=4.822  | TNS=0.000  | WHS=N/A    | THS=N/A    |

Phase 5.1 Global Iteration 0 | Checksum: 1d13ce79d

Time (s): cpu = 00:00:16 ; elapsed = 00:00:13 . Memory (MB): peak = 3035.926 ; gain = 117.805 ; free physical = 366 ; free virtual = 13976
Phase 5 Rip-up And Reroute | Checksum: 1d13ce79d

Time (s): cpu = 00:00:16 ; elapsed = 00:00:13 . Memory (MB): peak = 3035.926 ; gain = 117.805 ; free physical = 366 ; free virtual = 13976

Phase 6 Delay and Skew Optimization

Phase 6.1 Delay CleanUp
Phase 6.1 Delay CleanUp | Checksum: 1d13ce79d

Time (s): cpu = 00:00:16 ; elapsed = 00:00:13 . Memory (MB): peak = 3035.926 ; gain = 117.805 ; free physical = 366 ; free virtual = 13976

Phase 6.2 Clock Skew Optimization
Phase 6.2 Clock Skew Optimization | Checksum: 1d13ce79d

Time (s): cpu = 00:00:16 ; elapsed = 00:00:13 . Memory (MB): peak = 3035.926 ; gain = 117.805 ; free physical = 366 ; free virtual = 13976
Phase 6 Delay and Skew Optimization | Checksum: 1d13ce79d

Time (s): cpu = 00:00:16 ; elapsed = 00:00:13 . Memory (MB): peak = 3035.926 ; gain = 117.805 ; free physical = 366 ; free virtual = 13976

Phase 7 Post Hold Fix

Phase 7.1 Hold Fix Iter
INFO: [Route 35-416] Intermediate Timing Summary | WNS=4.918  | TNS=0.000  | WHS=0.374  | THS=0.000  |

Phase 7.1 Hold Fix Iter | Checksum: 1966dd35e

Time (s): cpu = 00:00:16 ; elapsed = 00:00:13 . Memory (MB): peak = 3035.926 ; gain = 117.805 ; free physical = 365 ; free virtual = 13976
Phase 7 Post Hold Fix | Checksum: 1966dd35e

Time (s): cpu = 00:00:16 ; elapsed = 00:00:13 . Memory (MB): peak = 3035.926 ; gain = 117.805 ; free physical = 365 ; free virtual = 13976

Phase 8 Route finalize

Router Utilization Summary
  Global Vertical Routing Utilization    = 0.0959655 %
  Global Horizontal Routing Utilization  = 0.0524297 %
  Routable Net Status*
  *Does not include unroutable nets such as driverless and loadless.
  Run report_route_status for detailed report.
  Number of Failed Nets               = 0
    (Failed Nets is the sum of unrouted and partially routed nets)
  Number of Unrouted Nets             = 0
  Number of Partially Routed Nets     = 0
  Number of Node Overlaps             = 0

Phase 8 Route finalize | Checksum: 1966dd35e

Time (s): cpu = 00:00:16 ; elapsed = 00:00:13 . Memory (MB): peak = 3035.926 ; gain = 117.805 ; free physical = 366 ; free virtual = 13976

Phase 9 Verifying routed nets

 Verification completed successfully
Phase 9 Verifying routed nets | Checksum: 1966dd35e

Time (s): cpu = 00:00:16 ; elapsed = 00:00:13 . Memory (MB): peak = 3035.926 ; gain = 117.805 ; free physical = 366 ; free virtual = 13976

Phase 10 Depositing Routes
Phase 10 Depositing Routes | Checksum: 212729e7d

Time (s): cpu = 00:00:16 ; elapsed = 00:00:13 . Memory (MB): peak = 3035.926 ; gain = 117.805 ; free physical = 366 ; free virtual = 13976

Phase 11 Post Process Routing
Phase 11 Post Process Routing | Checksum: 212729e7d

Time (s): cpu = 00:00:16 ; elapsed = 00:00:13 . Memory (MB): peak = 3035.926 ; gain = 117.805 ; free physical = 366 ; free virtual = 13976

Phase 12 Post Router Timing
INFO: [Route 35-57] Estimated Timing Summary | WNS=4.918  | TNS=0.000  | WHS=0.374  | THS=0.000  |

INFO: [Route 35-327] The final timing numbers are based on the router estimated timing analysis. For a complete and accurate timing signoff, please run report_timing_summary.
Phase 12 Post Router Timing | Checksum: 212729e7d

Time (s): cpu = 00:00:16 ; elapsed = 00:00:13 . Memory (MB): peak = 3035.926 ; gain = 117.805 ; free physical = 366 ; free virtual = 13976
Total Elapsed time in route_design: 12.88 secs

Phase 13 Post-Route Event Processing
Phase 13 Post-Route Event Processing | Checksum: 11d10105d

Time (s): cpu = 00:00:16 ; elapsed = 00:00:13 . Memory (MB): peak = 3035.926 ; gain = 117.805 ; free physical = 366 ; free virtual = 13976
INFO: [Route 35-16] Router Completed Successfully
Ending Routing Task | Checksum: 11d10105d

Time (s): cpu = 00:00:16 ; elapsed = 00:00:13 . Memory (MB): peak = 3035.926 ; gain = 117.805 ; free physical = 366 ; free virtual = 13976

Routing Is Done.
INFO: [Common 17-83] Releasing license: Implementation
88 Infos, 0 Warnings, 0 Critical Warnings and 0 Errors encountered.
route_design completed successfully
route_design: Time (s): cpu = 00:00:17 ; elapsed = 00:00:13 . Memory (MB): peak = 3035.926 ; gain = 167.273 ; free physical = 366 ; free virtual = 13976
INFO: [Vivado 12-24828] Executing command : report_drc -file crossbar_mac_drc_routed.rpt -pb crossbar_mac_drc_routed.pb -rpx crossbar_mac_drc_routed.rpx
Command: report_drc -file crossbar_mac_drc_routed.rpt -pb crossbar_mac_drc_routed.pb -rpx crossbar_mac_drc_routed.rpx
INFO: [IP_Flow 19-1839] IP Catalog is up to date.
INFO: [DRC 23-27] Running DRC with 8 threads
INFO: [Vivado_Tcl 2-168] The results of DRC are in file /home/sackb/Documents/Vivado_Projects/ece410sp26/cf07/cf07.runs/impl_1/crossbar_mac_drc_routed.rpt.
report_drc completed successfully
INFO: [Vivado 12-24828] Executing command : report_methodology -file crossbar_mac_methodology_drc_routed.rpt -pb crossbar_mac_methodology_drc_routed.pb -rpx crossbar_mac_methodology_drc_routed.rpx
Command: report_methodology -file crossbar_mac_methodology_drc_routed.rpt -pb crossbar_mac_methodology_drc_routed.pb -rpx crossbar_mac_methodology_drc_routed.rpx
INFO: [Timing 38-35] Done setting XDC timing constraints.
INFO: [DRC 23-133] Running Methodology with 8 threads
INFO: [Vivado_Tcl 2-1520] The results of Report Methodology are in file /home/sackb/Documents/Vivado_Projects/ece410sp26/cf07/cf07.runs/impl_1/crossbar_mac_methodology_drc_routed.rpt.
report_methodology completed successfully
INFO: [Vivado 12-24828] Executing command : report_timing_summary -max_paths 10 -report_unconstrained -file crossbar_mac_timing_summary_routed.rpt -pb crossbar_mac_timing_summary_routed.pb -rpx crossbar_mac_timing_summary_routed.rpx -warn_on_violation 
INFO: [Timing 38-35] Done setting XDC timing constraints.
INFO: [Timing 38-91] UpdateTimingParams: Speed grade: -1, Delay Type: min_max.
INFO: [Timing 38-191] Multithreading enabled for timing update using a maximum of 8 CPUs
INFO: [Vivado 12-24838] Running report commands "report_bus_skew, report_incremental_reuse, report_route_status" in parallel.
Running report generation with 3 threads.
INFO: [Vivado 12-24828] Executing command : report_incremental_reuse -file crossbar_mac_incremental_reuse_routed.rpt
INFO: [Vivado_Tcl 4-1062] Incremental flow is disabled. No incremental reuse Info to report.
INFO: [Vivado 12-24828] Executing command : report_route_status -file crossbar_mac_route_status.rpt -pb crossbar_mac_route_status.pb
INFO: [Vivado 12-24828] Executing command : report_bus_skew -warn_on_violation -file crossbar_mac_bus_skew_routed.rpt -pb crossbar_mac_bus_skew_routed.pb -rpx crossbar_mac_bus_skew_routed.rpx
INFO: [Timing 38-91] UpdateTimingParams: Speed grade: -1, Delay Type: min_max.
INFO: [Timing 38-191] Multithreading enabled for timing update using a maximum of 8 CPUs
INFO: [Vivado 12-24828] Executing command : report_power -file crossbar_mac_power_routed.rpt -pb crossbar_mac_power_summary_routed.pb -rpx crossbar_mac_power_routed.rpx
Command: report_power -file crossbar_mac_power_routed.rpt -pb crossbar_mac_power_summary_routed.pb -rpx crossbar_mac_power_routed.rpx
Running Vector-less Activity Propagation...

Finished Running Vector-less Activity Propagation
108 Infos, 0 Warnings, 0 Critical Warnings and 0 Errors encountered.
report_power completed successfully
INFO: [Vivado 12-24828] Executing command : report_clock_utilization -file crossbar_mac_clock_utilization_routed.rpt
WARNING: [Device 21-9320] Failed to find the Oracle tile group with name 'HSR_BOUNDARY_TOP'. This is required for Clock regions and Virtual grid.
WARNING: [Device 21-2174] Failed to initialize Virtual grid.
INFO: [Timing 38-480] Writing timing data to binary archive.
Write ShapeDB Complete: Time (s): cpu = 00:00:00 ; elapsed = 00:00:00 . Memory (MB): peak = 3138.258 ; gain = 0.000 ; free physical = 309 ; free virtual = 13924
Wrote PlaceDB: Time (s): cpu = 00:00:00.02 ; elapsed = 00:00:00 . Memory (MB): peak = 3138.258 ; gain = 0.000 ; free physical = 309 ; free virtual = 13925
Wrote PulsedLatchDB: Time (s): cpu = 00:00:00 ; elapsed = 00:00:00 . Memory (MB): peak = 3138.258 ; gain = 0.000 ; free physical = 309 ; free virtual = 13925
Writing XDEF routing.
Writing XDEF routing logical nets.
Writing XDEF routing special nets.
Wrote RouteStorage: Time (s): cpu = 00:00:00.02 ; elapsed = 00:00:00.01 . Memory (MB): peak = 3138.258 ; gain = 0.000 ; free physical = 309 ; free virtual = 13925
Wrote Netlist Cache: Time (s): cpu = 00:00:00.01 ; elapsed = 00:00:00 . Memory (MB): peak = 3138.258 ; gain = 0.000 ; free physical = 309 ; free virtual = 13925
Wrote Device Cache: Time (s): cpu = 00:00:00 ; elapsed = 00:00:00 . Memory (MB): peak = 3138.258 ; gain = 0.000 ; free physical = 309 ; free virtual = 13926
Write Physdb Complete: Time (s): cpu = 00:00:00.05 ; elapsed = 00:00:00.02 . Memory (MB): peak = 3138.258 ; gain = 0.000 ; free physical = 309 ; free virtual = 13926
INFO: [Common 17-1381] The checkpoint '/home/sackb/Documents/Vivado_Projects/ece410sp26/cf07/cf07.runs/impl_1/crossbar_mac_routed.dcp' has been generated.
INFO: [Common 17-206] Exiting Vivado at Mon May 18 03:56:52 2026...
[Mon May 18 03:57:03 2026] impl_1 finished
wait_on_runs: Time (s): cpu = 00:00:01 ; elapsed = 00:00:46 . Memory (MB): peak = 1414.703 ; gain = 0.000 ; free physical = 2197 ; free virtual = 15789
# open_run impl_1
INFO: [Device 21-403] Loading part xc7a100tcsg324-1
INFO: [Device 21-9227] Part: xc7a100tcsg324-1 does not have CEAM library.
Netlist sorting complete. Time (s): cpu = 00:00:00 ; elapsed = 00:00:00 . Memory (MB): peak = 1728.707 ; gain = 0.000 ; free physical = 1902 ; free virtual = 15491
INFO: [Netlist 29-17] Analyzing 8 Unisim elements for replacement
INFO: [Netlist 29-28] Unisim Transformation completed in 0 CPU seconds
INFO: [Project 1-479] Netlist was created with Vivado 2024.1
INFO: [Project 1-570] Preparing netlist for logic optimization
