/home/sackb/zephyrproject/.venv/lib/python3.14/site-packages/cocotb_tools/makefiles/Makefile.deprecations:6: VERILATOR_TRACE is deprecated, see the "Simulator Support" section in the documentation.
rm -f results.xml
"make" -f Makefile results.xml
make[1]: Entering directory '/run/media/sackb/Windows-SSD/Users/sackb/OneDrive/Desktop/University/Course_Work/2025-2026/Spring_2026/ECE_410/ECE410/codefest/cf04/cocotb_mac'
/home/sackb/zephyrproject/.venv/lib/python3.14/site-packages/cocotb_tools/makefiles/Makefile.deprecations:6: VERILATOR_TRACE is deprecated, see the "Simulator Support" section in the documentation.
/home/sackb/zephyrproject/.venv/lib/python3.14/site-packages/cocotb_tools/makefiles/simulators/Makefile.verilator:69: Using MODULE is deprecated, please use COCOTB_TEST_MODULES instead.
rm -f results.xml
COCOTB_TEST_MODULES=test_mac COCOTB_TESTCASE= COCOTB_TEST_FILTER= COCOTB_TOPLEVEL=mac TOPLEVEL_LANG=verilog \
         sim_build/Vtop --trace    
     -.--ns INFO     gpi                                ..mbed/gpi_embed.cpp:93   in _embed_init_python              Using Python 3.14.4 interpreter at /home/sackb/zephyrproject/.venv/bin/python3
     -.--ns INFO     gpi                                ../gpi/GpiCommon.cpp:79   in gpi_print_registered_impl       VPI registered
     0.00ns INFO     cocotb                             Running on Verilator version 5.046 2026-02-28
     0.00ns INFO     cocotb                             Seeding Python random module with 1777330896
     0.00ns INFO     cocotb                             Initialized cocotb v2.0.1 from /home/sackb/zephyrproject/.venv/lib/python3.14/site-packages/cocotb
     0.00ns INFO     cocotb                             Running tests
     0.00ns INFO     cocotb.regression                  running test_mac.test_mac_basic (1/2)
                                                            Replicate mac_tb.v: reset, a=3/b=4 x3 cycles, reset, a=-5/b=2 x2 cycles.
     1.00ns INFO     test                               Cycle 1 | rst=1 a=0 b=0 | out=0
    11.00ns INFO     test                               Cycle 2 | rst=0 a=3 b=4 | out=12
    21.00ns INFO     test                               Cycle 3 | rst=0 a=3 b=4 | out=24
    31.00ns INFO     test                               Cycle 4 | rst=0 a=3 b=4 | out=36
    41.00ns INFO     test                               Cycle 5 | rst=1 a=3 b=4 | out=0
    51.00ns INFO     test                               Cycle 6 | rst=0 a=-5 b=2 | out=-10
    61.00ns INFO     test                               Cycle 7 | rst=0 a=-5 b=2 | out=-20
    61.00ns INFO     cocotb.regression                  test_mac.test_mac_basic passed
    61.00ns INFO     cocotb.regression                  running test_mac.test_mac_overflow (2/2)
                                                            Verify signed 2's-complement overflow as accumulator approaches and crosses 2^31 - 1.
1310782.00ns INFO     test                               After 131071 cycles | acc=2147467264 (gap to INT32_MAX = 16383)
1310792.00ns INFO     test                               After 131072 cycles | acc=-2147483648 (overflow wraps to INT32_MIN)
1310802.00ns INFO     test                               After 131073 cycles | acc=-2147467264 (post-overflow accumulation)
1310802.00ns INFO     cocotb.regression                  test_mac.test_mac_overflow passed
1310802.00ns INFO     cocotb.regression                  **************************************************************************************
                                                         ** TEST                          STATUS  SIM TIME (ns)  REAL TIME (s)  RATIO (ns/s) **
                                                         **************************************************************************************
                                                         ** test_mac.test_mac_basic        PASS          61.00           0.00      83694.00  **
                                                         ** test_mac.test_mac_overflow     PASS     1310741.00           1.03    1278504.24  **
                                                         **************************************************************************************
                                                         ** TESTS=2 PASS=2 FAIL=0 SKIP=0            1310802.00           1.03    1276153.62  **
                                                         **************************************************************************************
- :0: Verilog $finish
make[1]: Leaving directory '/run/media/sackb/Windows-SSD/Users/sackb/OneDrive/Desktop/University/Course_Work/2025-2026/Spring_2026/ECE_410/ECE410/codefest/cf04/cocotb_mac'
